{
  "late_all_replay": {
    "counts": [
      1,
      1,
      1,
      1,
      0,
      0,
      0,
      0
    ],
    "local_hive_agree": true,
    "resolve_transitions": 1,
    "local_seen": 2,
    "hive_seen": 2
  },
  "early_then_plan": {
    "counts": [
      1,
      1,
      1,
      0
    ],
    "local_hive_agree": true,
    "resolve_transitions": 1,
    "local_seen": 2,
    "hive_seen": 2
  },
  "duplicates": {
    "counts": [
      1,
      1,
      1,
      1,
      0
    ],
    "local_hive_agree": true,
    "resolve_transitions": 1,
    "local_seen": 3,
    "hive_seen": 3
  },
  "invalid": {
    "counts": [
      1,
      1,
      1,
      1,
      1,
      1,
      1,
      1,
      1,
      1,
      0
    ],
    "local_hive_agree": true,
    "resolve_transitions": 1,
    "local_seen": 9,
    "hive_seen": 9
  },
  "retry": {
    "counts": [
      1,
      1,
      1,
      1,
      0,
      0
    ],
    "local_hive_agree": true,
    "resolve_transitions": 1,
    "local_seen": 3,
    "hive_seen": 3
  },
  "pending_snapshot": {
    "counts": [
      1,
      1,
      1,
      0,
      0
    ],
    "local_hive_agree": true,
    "resolve_transitions": 1,
    "local_seen": 2,
    "hive_seen": 2
  },
  "progress_snapshot": {
    "counts": [
      1,
      1,
      1,
      1,
      0
    ],
    "local_hive_agree": true,
    "resolve_transitions": 1,
    "local_seen": 3,
    "hive_seen": 3
  },
  "legacy_snapshot": "boolean evidence discarded; fresh distinct steps required",
  "public_repair_failure_False": {
    "verified": [
      true,
      true
    ],
    "calls": [
      0,
      1
    ],
    "local_open": 0,
    "hive_open": 0,
    "health": "healthy",
    "outcome": "resolved"
  },
  "public_repair_failure_True": {
    "verified": [
      true,
      false
    ],
    "calls": [
      0,
      1
    ],
    "local_open": 1,
    "hive_open": 1,
    "health": "failed",
    "outcome": "rolled_back"
  },
  "production_paths_custom_False": {
    "root_matches": true,
    "rejected": [
      0,
      0,
      0,
      0,
      0,
      0
    ],
    "canonical": "/tmp/hive-astra-7669/20261008-astra-7669/tmp/tmp7dh772fu/False/attachments/x",
    "download_results": [
      {
        "id": "att_5a5ca52715e4c2df",
        "success": true,
        "path": "/tmp/hive-astra-7669/20261008-astra-7669/tmp/tmp7dh772fu/False/attachments/tg/r/2026-10-08/att_5a5ca52715e4c2df.ac35b770931d4af689ace748175f5656.bin"
      },
      {
        "id": "att_9954bf54a9e8124c",
        "success": true,
        "path": "/tmp/hive-astra-7669/20261008-astra-7669/tmp/tmp7dh772fu/False/attachments/tg/r/2026-10-08/att_9954bf54a9e8124c.788bbf6639f84dc0a0bf1fbb57093c22.bin"
      }
    ],
    "outside_untouched": true
  },
  "production_paths_custom_True": {
    "root_matches": true,
    "rejected": [
      0,
      0,
      0,
      0,
      0,
      0
    ],
    "canonical": "/tmp/hive-astra-7669/20261008-astra-7669/tmp/tmp7dh772fu/True/custom/x",
    "download_results": [
      {
        "id": "att_5a5ca52715e4c2df",
        "success": true,
        "path": "/tmp/hive-astra-7669/20261008-astra-7669/tmp/tmp7dh772fu/True/custom/tg/r/2026-10-08/att_5a5ca52715e4c2df.8351b5b725b0498b933ea1502f9b2496.bin"
      },
      {
        "id": "att_9954bf54a9e8124c",
        "success": true,
        "path": "/tmp/hive-astra-7669/20261008-astra-7669/tmp/tmp7dh772fu/True/custom/tg/r/2026-10-08/att_9954bf54a9e8124c.cc984fac3c4d470ab32368aa191aa237.bin"
      }
    ],
    "outside_untouched": true
  }
}
