F_journal_content True 
canonical_hashing True 
fence_fault_matrix True 
fence_crash_boundaries True 
durable_clear True 
clear_fault_boundaries True 
corrupt_fence True 
tail_boundaries True 
F_unapplied_observability True 
aggregate_real_10000 True 
journal_controls_migration True 
retained_unregister True 
retained_journal_order True 
retained_tail True 
retained_default_and_legacy True 
retained_rejected_and_partial True 
retained_caps True 
retained_recovery_text True 
retained_foreign True 
retained_incidentless True 
retained_hold True 
retained_quiet_guidance True 
retained_plan_only_witness True 
retained_hold_144_schedules True 
retained_refusals_pending True 
retained_late_link_warnings True 
retained_regressions True 
