experiments/20261008-astra-7669/followup7669.stdout:1: trailing whitespace.
+rollback_preserves_prior_record True 
experiments/20261008-astra-7669/followup7669.stdout:2: trailing whitespace.
+startup_fsync_boundaries True 
experiments/20261008-astra-7669/followup7669.stdout:3: trailing whitespace.
+abort_content_corruption True 
experiments/20261008-astra-7669/followup7669.stdout:4: trailing whitespace.
+complete_matching_fence_clear True 
experiments/20261008-astra-7669/review7669.stdout:1: trailing whitespace.
+F_journal_content True 
experiments/20261008-astra-7669/review7669.stdout:2: trailing whitespace.
+canonical_hashing True 
experiments/20261008-astra-7669/review7669.stdout:3: trailing whitespace.
+fence_fault_matrix True 
experiments/20261008-astra-7669/review7669.stdout:4: trailing whitespace.
+fence_crash_boundaries True 
experiments/20261008-astra-7669/review7669.stdout:5: trailing whitespace.
+durable_clear True 
experiments/20261008-astra-7669/review7669.stdout:6: trailing whitespace.
+clear_fault_boundaries True 
experiments/20261008-astra-7669/review7669.stdout:7: trailing whitespace.
+corrupt_fence True 
experiments/20261008-astra-7669/review7669.stdout:8: trailing whitespace.
+tail_boundaries True 
experiments/20261008-astra-7669/review7669.stdout:9: trailing whitespace.
+F_unapplied_observability True 
experiments/20261008-astra-7669/review7669.stdout:10: trailing whitespace.
+aggregate_real_10000 True 
experiments/20261008-astra-7669/review7669.stdout:11: trailing whitespace.
+journal_controls_migration True 
experiments/20261008-astra-7669/review7669.stdout:12: trailing whitespace.
+retained_unregister True 
experiments/20261008-astra-7669/review7669.stdout:13: trailing whitespace.
+retained_journal_order True 
experiments/20261008-astra-7669/review7669.stdout:14: trailing whitespace.
+retained_tail True 
experiments/20261008-astra-7669/review7669.stdout:15: trailing whitespace.
+retained_default_and_legacy True 
experiments/20261008-astra-7669/review7669.stdout:16: trailing whitespace.
+retained_rejected_and_partial True 
experiments/20261008-astra-7669/review7669.stdout:17: trailing whitespace.
+retained_caps True 
experiments/20261008-astra-7669/review7669.stdout:18: trailing whitespace.
+retained_recovery_text True 
experiments/20261008-astra-7669/review7669.stdout:19: trailing whitespace.
+retained_foreign True 
experiments/20261008-astra-7669/review7669.stdout:20: trailing whitespace.
+retained_incidentless True 
experiments/20261008-astra-7669/review7669.stdout:21: trailing whitespace.
+retained_hold True 
experiments/20261008-astra-7669/review7669.stdout:22: trailing whitespace.
+retained_quiet_guidance True 
experiments/20261008-astra-7669/review7669.stdout:23: trailing whitespace.
+retained_plan_only_witness True 
experiments/20261008-astra-7669/review7669.stdout:24: trailing whitespace.
+retained_hold_144_schedules True 
experiments/20261008-astra-7669/review7669.stdout:25: trailing whitespace.
+retained_refusals_pending True 
experiments/20261008-astra-7669/review7669.stdout:26: trailing whitespace.
+retained_late_link_warnings True 
experiments/20261008-astra-7669/review7669.stdout:27: trailing whitespace.
+retained_regressions True 
experiments/20261008-astra-7669/runner.py:56: new blank line at EOF.
experiments/20261008-astra-7669/source/docs/POLICY_MULTI_PLAN_SUPERSESSION.md:131: new blank line at EOF.
experiments/20261008-astra-7669/source/production.diff:8: trailing whitespace.
+ 
experiments/20261008-astra-7669/source/production.diff:26: trailing whitespace.
+ 
experiments/20261008-astra-7669/source/production.diff:119: trailing whitespace.
+ 
experiments/20261008-astra-7669/source/production.diff:120: trailing whitespace.
+ 
experiments/20261008-astra-7669/source/production.diff:137: trailing whitespace.
+ 
experiments/20261008-astra-7669/source/production.diff:174: trailing whitespace.
+ 
experiments/20261008-astra-7669/source/production.diff:219: trailing whitespace.
+ 
experiments/20261008-astra-7669/source/production.diff:315: trailing whitespace.
+ 
experiments/20261008-astra-7669/source/production.diff:386: trailing whitespace.
+ 
experiments/20261008-astra-7669/source/production.diff:460: trailing whitespace.
+ 
experiments/20261008-astra-7669/source/production.diff:481: trailing whitespace.
+ 
experiments/20261008-astra-7669/source/production.diff:605: trailing whitespace.
+ 
experiments/20261008-astra-7669/source/production.diff:627: trailing whitespace.
+ 
