Rebind journal /tmp/hive-astra-7694/20261008-astra-7694/journal-followup7694/exact7678-tail-lost_final_newline.jsonl line 1: legacy or unknown record format v3 (op 'owner_rebind')
Rebind journal /tmp/hive-astra-7694/20261008-astra-7694/journal-followup7694/exact7678-tail-lost_final_newline.jsonl is FENCED (corrupt): line 1: legacy or unknown record format v3 (op 'owner_rebind'); no journaled rebind is replayed -- journal unhealthy, rebinds refused until an operator inspects it and calls clear_journal_fence()
Rebind journal /tmp/hive-astra-7694/20261008-astra-7694/journal-followup7694/exact7678-tail-lost_final_newline.jsonl line 1: legacy or unknown record format v3 (op 'owner_rebind')
Rebind journal /tmp/hive-astra-7694/20261008-astra-7694/journal-followup7694/exact7678-tail-lost_final_newline.jsonl is FENCED (corrupt): line 1: legacy or unknown record format v3 (op 'owner_rebind'); no journaled rebind is replayed -- journal unhealthy, rebinds refused until an operator inspects it and calls clear_journal_fence()
Rebind journal /tmp/hive-astra-7694/20261008-astra-7694/journal-followup7694/exact7678-tail-truncated_abort_json.jsonl line 1: legacy or unknown record format v3 (op 'owner_rebind')
Rebind journal /tmp/hive-astra-7694/20261008-astra-7694/journal-followup7694/exact7678-tail-truncated_abort_json.jsonl is FENCED (corrupt): line 1: legacy or unknown record format v3 (op 'owner_rebind'); no journaled rebind is replayed -- journal unhealthy, rebinds refused until an operator inspects it and calls clear_journal_fence()
Rebind journal /tmp/hive-astra-7694/20261008-astra-7694/journal-followup7694/exact7678-tail-truncated_abort_json.jsonl line 1: legacy or unknown record format v3 (op 'owner_rebind')
Rebind journal /tmp/hive-astra-7694/20261008-astra-7694/journal-followup7694/exact7678-tail-truncated_abort_json.jsonl is FENCED (corrupt): line 1: legacy or unknown record format v3 (op 'owner_rebind'); no journaled rebind is replayed -- journal unhealthy, rebinds refused until an operator inspects it and calls clear_journal_fence()
Rebind journal /tmp/hive-astra-7694/20261008-astra-7694/journal-followup7694/exact7678-tail-malformed_complete_abort.jsonl line 1: legacy or unknown record format v3 (op 'owner_rebind')
Rebind journal /tmp/hive-astra-7694/20261008-astra-7694/journal-followup7694/exact7678-tail-malformed_complete_abort.jsonl is FENCED (corrupt): line 1: legacy or unknown record format v3 (op 'owner_rebind'); no journaled rebind is replayed -- journal unhealthy, rebinds refused until an operator inspects it and calls clear_journal_fence()
Rebind journal /tmp/hive-astra-7694/20261008-astra-7694/journal-followup7694/exact7678-tail-malformed_complete_abort.jsonl line 1: legacy or unknown record format v3 (op 'owner_rebind')
Rebind journal /tmp/hive-astra-7694/20261008-astra-7694/journal-followup7694/exact7678-tail-malformed_complete_abort.jsonl is FENCED (corrupt): line 1: legacy or unknown record format v3 (op 'owner_rebind'); no journaled rebind is replayed -- journal unhealthy, rebinds refused until an operator inspects it and calls clear_journal_fence()
Rebind journal /tmp/hive-astra-7694/20261008-astra-7694/journal-followup7694/exact7678-tail-blank_abort_line.jsonl line 1: legacy or unknown record format v3 (op 'owner_rebind')
Rebind journal /tmp/hive-astra-7694/20261008-astra-7694/journal-followup7694/exact7678-tail-blank_abort_line.jsonl is FENCED (corrupt): line 1: legacy or unknown record format v3 (op 'owner_rebind'); no journaled rebind is replayed -- journal unhealthy, rebinds refused until an operator inspects it and calls clear_journal_fence()
Rebind journal /tmp/hive-astra-7694/20261008-astra-7694/journal-followup7694/exact7678-tail-blank_abort_line.jsonl line 1: legacy or unknown record format v3 (op 'owner_rebind')
Rebind journal /tmp/hive-astra-7694/20261008-astra-7694/journal-followup7694/exact7678-tail-blank_abort_line.jsonl is FENCED (corrupt): line 1: legacy or unknown record format v3 (op 'owner_rebind'); no journaled rebind is replayed -- journal unhealthy, rebinds refused until an operator inspects it and calls clear_journal_fence()
Rebind journal /tmp/hive-astra-7694/20261008-astra-7694/journal-followup7694/exact7678-compound-abort_write_fail_marker_ok.jsonl line 1: legacy or unknown record format v3 (op 'owner_rebind')
Rebind journal /tmp/hive-astra-7694/20261008-astra-7694/journal-followup7694/exact7678-compound-abort_write_fail_marker_ok.jsonl is FENCED (corrupt): line 1: legacy or unknown record format v3 (op 'owner_rebind'); no journaled rebind is replayed -- journal unhealthy, rebinds refused until an operator inspects it and calls clear_journal_fence()
Rebind journal /tmp/hive-astra-7694/20261008-astra-7694/journal-followup7694/exact7678-compound-abort_write_fail_marker_ok.jsonl line 1: legacy or unknown record format v3 (op 'owner_rebind')
Rebind journal /tmp/hive-astra-7694/20261008-astra-7694/journal-followup7694/exact7678-compound-abort_write_fail_marker_ok.jsonl is FENCED (corrupt): line 1: legacy or unknown record format v3 (op 'owner_rebind'); no journaled rebind is replayed -- journal unhealthy, rebinds refused until an operator inspects it and calls clear_journal_fence()
Rebind journal /tmp/hive-astra-7694/20261008-astra-7694/journal-followup7694/exact7678-compound-abort_fsync_rollback_fail_marker_ok.jsonl line 1: legacy or unknown record format v3 (op 'owner_rebind')
Rebind journal /tmp/hive-astra-7694/20261008-astra-7694/journal-followup7694/exact7678-compound-abort_fsync_rollback_fail_marker_ok.jsonl is FENCED (corrupt): line 1: legacy or unknown record format v3 (op 'owner_rebind'); no journaled rebind is replayed -- journal unhealthy, rebinds refused until an operator inspects it and calls clear_journal_fence()
Rebind journal /tmp/hive-astra-7694/20261008-astra-7694/journal-followup7694/exact7678-compound-abort_fsync_rollback_fail_marker_ok.jsonl line 1: legacy or unknown record format v3 (op 'owner_rebind')
Rebind journal /tmp/hive-astra-7694/20261008-astra-7694/journal-followup7694/exact7678-compound-abort_fsync_rollback_fail_marker_ok.jsonl is FENCED (corrupt): line 1: legacy or unknown record format v3 (op 'owner_rebind'); no journaled rebind is replayed -- journal unhealthy, rebinds refused until an operator inspects it and calls clear_journal_fence()
Rebind journal /tmp/hive-astra-7694/20261008-astra-7694/journal-followup7694/exact7678-compound-abort_write_and_marker_open_fail.jsonl line 1: legacy or unknown record format v3 (op 'owner_rebind')
Rebind journal /tmp/hive-astra-7694/20261008-astra-7694/journal-followup7694/exact7678-compound-abort_write_and_marker_open_fail.jsonl is FENCED (corrupt): line 1: legacy or unknown record format v3 (op 'owner_rebind'); no journaled rebind is replayed -- journal unhealthy, rebinds refused until an operator inspects it and calls clear_journal_fence()
Rebind journal /tmp/hive-astra-7694/20261008-astra-7694/journal-followup7694/exact7678-compound-abort_write_and_marker_open_fail.jsonl line 1: legacy or unknown record format v3 (op 'owner_rebind')
Rebind journal /tmp/hive-astra-7694/20261008-astra-7694/journal-followup7694/exact7678-compound-abort_write_and_marker_open_fail.jsonl is FENCED (corrupt): line 1: legacy or unknown record format v3 (op 'owner_rebind'); no journaled rebind is replayed -- journal unhealthy, rebinds refused until an operator inspects it and calls clear_journal_fence()
Rebind journal /tmp/hive-astra-7694/20261008-astra-7694/journal-followup7694/exact7678-compound-abort_write_and_marker_dirsync_fail.jsonl line 1: legacy or unknown record format v3 (op 'owner_rebind')
Rebind journal /tmp/hive-astra-7694/20261008-astra-7694/journal-followup7694/exact7678-compound-abort_write_and_marker_dirsync_fail.jsonl is FENCED (corrupt): line 1: legacy or unknown record format v3 (op 'owner_rebind'); no journaled rebind is replayed -- journal unhealthy, rebinds refused until an operator inspects it and calls clear_journal_fence()
Rebind journal /tmp/hive-astra-7694/20261008-astra-7694/journal-followup7694/exact7678-compound-abort_write_and_marker_dirsync_fail.jsonl line 1: legacy or unknown record format v3 (op 'owner_rebind')
Rebind journal /tmp/hive-astra-7694/20261008-astra-7694/journal-followup7694/exact7678-compound-abort_write_and_marker_dirsync_fail.jsonl is FENCED (corrupt): line 1: legacy or unknown record format v3 (op 'owner_rebind'); no journaled rebind is replayed -- journal unhealthy, rebinds refused until an operator inspects it and calls clear_journal_fence()
Rebind journal /tmp/hive-astra-7694/20261008-astra-7694/journal-followup7694/exact7678-compound-abort_short_rollback_fail_marker_open_fail.jsonl line 1: legacy or unknown record format v3 (op 'owner_rebind')
Rebind journal /tmp/hive-astra-7694/20261008-astra-7694/journal-followup7694/exact7678-compound-abort_short_rollback_fail_marker_open_fail.jsonl is FENCED (corrupt): line 1: legacy or unknown record format v3 (op 'owner_rebind'); no journaled rebind is replayed -- journal unhealthy, rebinds refused until an operator inspects it and calls clear_journal_fence()
Rebind journal /tmp/hive-astra-7694/20261008-astra-7694/journal-followup7694/exact7678-compound-abort_short_rollback_fail_marker_open_fail.jsonl line 1: legacy or unknown record format v3 (op 'owner_rebind')
Rebind journal /tmp/hive-astra-7694/20261008-astra-7694/journal-followup7694/exact7678-compound-abort_short_rollback_fail_marker_open_fail.jsonl is FENCED (corrupt): line 1: legacy or unknown record format v3 (op 'owner_rebind'); no journaled rebind is replayed -- journal unhealthy, rebinds refused until an operator inspects it and calls clear_journal_fence()
Rebind journal /tmp/hive-astra-7694/20261008-astra-7694/journal-followup7694/exact7678-serial_corrupt_cancel_A_then_good_B.jsonl line 1: legacy or unknown record format v3 (op 'owner_rebind')
Rebind journal /tmp/hive-astra-7694/20261008-astra-7694/journal-followup7694/exact7678-serial_corrupt_cancel_A_then_good_B.jsonl is FENCED (corrupt): line 1: legacy or unknown record format v3 (op 'owner_rebind'); no journaled rebind is replayed -- journal unhealthy, rebinds refused until an operator inspects it and calls clear_journal_fence()
Rebind journal /tmp/hive-astra-7694/20261008-astra-7694/journal-followup7694/exact7678-serial_corrupt_cancel_A_then_good_B.jsonl line 1: legacy or unknown record format v3 (op 'owner_rebind')
Rebind journal /tmp/hive-astra-7694/20261008-astra-7694/journal-followup7694/exact7678-serial_corrupt_cancel_A_then_good_B.jsonl is FENCED (corrupt): line 1: legacy or unknown record format v3 (op 'owner_rebind'); no journaled rebind is replayed -- journal unhealthy, rebinds refused until an operator inspects it and calls clear_journal_fence()
Rebind journal /tmp/hive-astra-7694/20261008-astra-7694/journal-followup7694/exact7678-corrupt_cancel_B_after_target.jsonl line 1: legacy or unknown record format v3 (op 'owner_rebind')
Rebind journal /tmp/hive-astra-7694/20261008-astra-7694/journal-followup7694/exact7678-corrupt_cancel_B_after_target.jsonl is FENCED (corrupt): line 1: legacy or unknown record format v3 (op 'owner_rebind'); no journaled rebind is replayed -- journal unhealthy, rebinds refused until an operator inspects it and calls clear_journal_fence()
Rebind journal /tmp/hive-astra-7694/20261008-astra-7694/journal-followup7694/exact7678-corrupt_cancel_B_after_target.jsonl line 1: legacy or unknown record format v3 (op 'owner_rebind')
Rebind journal /tmp/hive-astra-7694/20261008-astra-7694/journal-followup7694/exact7678-corrupt_cancel_B_after_target.jsonl is FENCED (corrupt): line 1: legacy or unknown record format v3 (op 'owner_rebind'); no journaled rebind is replayed -- journal unhealthy, rebinds refused until an operator inspects it and calls clear_journal_fence()
Rebind journal /tmp/hive-astra-7694/20261008-astra-7694/journal-followup7694/exact7678-forward_intact_cancel_B.jsonl line 1: legacy or unknown record format v3 (op 'owner_rebind')
Rebind journal /tmp/hive-astra-7694/20261008-astra-7694/journal-followup7694/exact7678-forward_intact_cancel_B.jsonl is FENCED (corrupt): line 1: legacy or unknown record format v3 (op 'owner_rebind'); no journaled rebind is replayed -- journal unhealthy, rebinds refused until an operator inspects it and calls clear_journal_fence()
Rebind journal /tmp/hive-astra-7694/20261008-astra-7694/journal-followup7694/exact7678-forward_intact_cancel_B.jsonl line 1: legacy or unknown record format v3 (op 'owner_rebind')
Rebind journal /tmp/hive-astra-7694/20261008-astra-7694/journal-followup7694/exact7678-forward_intact_cancel_B.jsonl is FENCED (corrupt): line 1: legacy or unknown record format v3 (op 'owner_rebind'); no journaled rebind is replayed -- journal unhealthy, rebinds refused until an operator inspects it and calls clear_journal_fence()
Rebind journal /tmp/hive-astra-7694/20261008-astra-7694/journal-followup7694/exact7678-forward_corrupt_cancel_B.jsonl line 1: legacy or unknown record format v3 (op 'owner_rebind')
Rebind journal /tmp/hive-astra-7694/20261008-astra-7694/journal-followup7694/exact7678-forward_corrupt_cancel_B.jsonl is FENCED (corrupt): line 1: legacy or unknown record format v3 (op 'owner_rebind'); no journaled rebind is replayed -- journal unhealthy, rebinds refused until an operator inspects it and calls clear_journal_fence()
Rebind journal /tmp/hive-astra-7694/20261008-astra-7694/journal-followup7694/exact7678-forward_corrupt_cancel_B.jsonl line 1: legacy or unknown record format v3 (op 'owner_rebind')
Rebind journal /tmp/hive-astra-7694/20261008-astra-7694/journal-followup7694/exact7678-forward_corrupt_cancel_B.jsonl is FENCED (corrupt): line 1: legacy or unknown record format v3 (op 'owner_rebind'); no journaled rebind is replayed -- journal unhealthy, rebinds refused until an operator inspects it and calls clear_journal_fence()
Rebind journal /tmp/hive-astra-7694/20261008-astra-7694/journal-followup7694/exact7678-duplicate_after_corrupt_cancel.jsonl line 1: legacy or unknown record format v3 (op 'owner_rebind')
Rebind journal /tmp/hive-astra-7694/20261008-astra-7694/journal-followup7694/exact7678-duplicate_after_corrupt_cancel.jsonl is FENCED (corrupt): line 1: legacy or unknown record format v3 (op 'owner_rebind'); no journaled rebind is replayed -- journal unhealthy, rebinds refused until an operator inspects it and calls clear_journal_fence()
Rebind journal /tmp/hive-astra-7694/20261008-astra-7694/journal-followup7694/exact7678-duplicate_after_corrupt_cancel.jsonl line 1: legacy or unknown record format v3 (op 'owner_rebind')
Rebind journal /tmp/hive-astra-7694/20261008-astra-7694/journal-followup7694/exact7678-duplicate_after_corrupt_cancel.jsonl is FENCED (corrupt): line 1: legacy or unknown record format v3 (op 'owner_rebind'); no journaled rebind is replayed -- journal unhealthy, rebinds refused until an operator inspects it and calls clear_journal_fence()
Rebind journal /tmp/hive-astra-7694/20261008-astra-7694/journal-followup7694/exact7678-interleaved_cancellations.jsonl line 1: legacy or unknown record format v3 (op 'owner_rebind')
Rebind journal /tmp/hive-astra-7694/20261008-astra-7694/journal-followup7694/exact7678-interleaved_cancellations.jsonl is FENCED (corrupt): line 1: legacy or unknown record format v3 (op 'owner_rebind'); no journaled rebind is replayed -- journal unhealthy, rebinds refused until an operator inspects it and calls clear_journal_fence()
Rebind journal /tmp/hive-astra-7694/20261008-astra-7694/journal-followup7694/exact7678-interleaved_cancellations.jsonl line 1: legacy or unknown record format v3 (op 'owner_rebind')
Rebind journal /tmp/hive-astra-7694/20261008-astra-7694/journal-followup7694/exact7678-interleaved_cancellations.jsonl is FENCED (corrupt): line 1: legacy or unknown record format v3 (op 'owner_rebind'); no journaled rebind is replayed -- journal unhealthy, rebinds refused until an operator inspects it and calls clear_journal_fence()
Rebind journal /tmp/hive-astra-7694/20261008-astra-7694/journal-followup7694/native-lost_final_newline.jsonl line 4: unterminated (torn) last line
Rebind journal /tmp/hive-astra-7694/20261008-astra-7694/journal-followup7694/native-lost_final_newline.jsonl is FENCED (corrupt): line 4: unterminated (torn) last line; no journaled rebind is replayed -- journal unhealthy, rebinds refused until an operator inspects it and calls clear_journal_fence()
Rebind journal /tmp/hive-astra-7694/20261008-astra-7694/journal-followup7694/native-lost_final_newline.jsonl line 4: unterminated (torn) last line
Rebind journal /tmp/hive-astra-7694/20261008-astra-7694/journal-followup7694/native-lost_final_newline.jsonl is FENCED (corrupt): line 4: unterminated (torn) last line; no journaled rebind is replayed -- journal unhealthy, rebinds refused until an operator inspects it and calls clear_journal_fence()
Rebind journal /tmp/hive-astra-7694/20261008-astra-7694/journal-followup7694/native-truncated_commit_json.jsonl line 4: unterminated (torn) last line
Rebind journal /tmp/hive-astra-7694/20261008-astra-7694/journal-followup7694/native-truncated_commit_json.jsonl is FENCED (corrupt): line 4: unterminated (torn) last line; no journaled rebind is replayed -- journal unhealthy, rebinds refused until an operator inspects it and calls clear_journal_fence()
Rebind journal /tmp/hive-astra-7694/20261008-astra-7694/journal-followup7694/native-truncated_commit_json.jsonl line 4: unterminated (torn) last line
Rebind journal /tmp/hive-astra-7694/20261008-astra-7694/journal-followup7694/native-truncated_commit_json.jsonl is FENCED (corrupt): line 4: unterminated (torn) last line; no journaled rebind is replayed -- journal unhealthy, rebinds refused until an operator inspects it and calls clear_journal_fence()
Rebind journal /tmp/hive-astra-7694/20261008-astra-7694/journal-followup7694/native-malformed_complete_commit.jsonl line 4: unreadable line
Rebind journal /tmp/hive-astra-7694/20261008-astra-7694/journal-followup7694/native-malformed_complete_commit.jsonl is FENCED (corrupt): line 4: unreadable line; no journaled rebind is replayed -- journal unhealthy, rebinds refused until an operator inspects it and calls clear_journal_fence()
Rebind journal /tmp/hive-astra-7694/20261008-astra-7694/journal-followup7694/native-malformed_complete_commit.jsonl line 4: unreadable line
Rebind journal /tmp/hive-astra-7694/20261008-astra-7694/journal-followup7694/native-malformed_complete_commit.jsonl is FENCED (corrupt): line 4: unreadable line; no journaled rebind is replayed -- journal unhealthy, rebinds refused until an operator inspects it and calls clear_journal_fence()
Rebind journal /tmp/hive-astra-7694/20261008-astra-7694/journal-followup7694/native-blank_commit_line.jsonl line 4: unreadable line
Rebind journal /tmp/hive-astra-7694/20261008-astra-7694/journal-followup7694/native-blank_commit_line.jsonl is FENCED (corrupt): line 4: unreadable line; no journaled rebind is replayed -- journal unhealthy, rebinds refused until an operator inspects it and calls clear_journal_fence()
Rebind journal /tmp/hive-astra-7694/20261008-astra-7694/journal-followup7694/native-blank_commit_line.jsonl line 4: unreadable line
Rebind journal /tmp/hive-astra-7694/20261008-astra-7694/journal-followup7694/native-blank_commit_line.jsonl is FENCED (corrupt): line 4: unreadable line; no journaled rebind is replayed -- journal unhealthy, rebinds refused until an operator inspects it and calls clear_journal_fence()
Rebind journal /tmp/hive-astra-7694/20261008-astra-7694/journal-followup7694/native-commit_before_pending.jsonl line 1: hash chain broken (a record was reordered, removed or inserted)
Rebind journal /tmp/hive-astra-7694/20261008-astra-7694/journal-followup7694/native-commit_before_pending.jsonl is FENCED (corrupt): line 1: hash chain broken (a record was reordered, removed or inserted); no journaled rebind is replayed -- journal unhealthy, rebinds refused until an operator inspects it and calls clear_journal_fence()
Rebind journal /tmp/hive-astra-7694/20261008-astra-7694/journal-followup7694/native-commit_before_pending.jsonl line 1: hash chain broken (a record was reordered, removed or inserted)
Rebind journal /tmp/hive-astra-7694/20261008-astra-7694/journal-followup7694/native-commit_before_pending.jsonl is FENCED (corrupt): line 1: hash chain broken (a record was reordered, removed or inserted); no journaled rebind is replayed -- journal unhealthy, rebinds refused until an operator inspects it and calls clear_journal_fence()
Rebind journal /tmp/hive-astra-7694/20261008-astra-7694/journal-followup7694/native-second_pair_first.jsonl line 1: hash chain broken (a record was reordered, removed or inserted)
Rebind journal /tmp/hive-astra-7694/20261008-astra-7694/journal-followup7694/native-second_pair_first.jsonl is FENCED (corrupt): line 1: hash chain broken (a record was reordered, removed or inserted); no journaled rebind is replayed -- journal unhealthy, rebinds refused until an operator inspects it and calls clear_journal_fence()
Rebind journal /tmp/hive-astra-7694/20261008-astra-7694/journal-followup7694/native-second_pair_first.jsonl line 1: hash chain broken (a record was reordered, removed or inserted)
Rebind journal /tmp/hive-astra-7694/20261008-astra-7694/journal-followup7694/native-second_pair_first.jsonl is FENCED (corrupt): line 1: hash chain broken (a record was reordered, removed or inserted); no journaled rebind is replayed -- journal unhealthy, rebinds refused until an operator inspects it and calls clear_journal_fence()
Rebind journal /tmp/hive-astra-7694/20261008-astra-7694/journal-followup7694/native-interleave.jsonl line 2: hash chain broken (a record was reordered, removed or inserted)
Rebind journal /tmp/hive-astra-7694/20261008-astra-7694/journal-followup7694/native-interleave.jsonl is FENCED (corrupt): line 2: hash chain broken (a record was reordered, removed or inserted); no journaled rebind is replayed -- journal unhealthy, rebinds refused until an operator inspects it and calls clear_journal_fence()
Rebind journal /tmp/hive-astra-7694/20261008-astra-7694/journal-followup7694/native-interleave.jsonl line 2: hash chain broken (a record was reordered, removed or inserted)
Rebind journal /tmp/hive-astra-7694/20261008-astra-7694/journal-followup7694/native-interleave.jsonl is FENCED (corrupt): line 2: hash chain broken (a record was reordered, removed or inserted); no journaled rebind is replayed -- journal unhealthy, rebinds refused until an operator inspects it and calls clear_journal_fence()
Rebind journal /tmp/hive-astra-7694/20261008-astra-7694/journal-followup7694/native-remove_middle.jsonl line 2: hash chain broken (a record was reordered, removed or inserted)
Rebind journal /tmp/hive-astra-7694/20261008-astra-7694/journal-followup7694/native-remove_middle.jsonl is FENCED (corrupt): line 2: hash chain broken (a record was reordered, removed or inserted); no journaled rebind is replayed -- journal unhealthy, rebinds refused until an operator inspects it and calls clear_journal_fence()
Rebind journal /tmp/hive-astra-7694/20261008-astra-7694/journal-followup7694/native-remove_middle.jsonl line 2: hash chain broken (a record was reordered, removed or inserted)
Rebind journal /tmp/hive-astra-7694/20261008-astra-7694/journal-followup7694/native-remove_middle.jsonl is FENCED (corrupt): line 2: hash chain broken (a record was reordered, removed or inserted); no journaled rebind is replayed -- journal unhealthy, rebinds refused until an operator inspects it and calls clear_journal_fence()
Rebind journal /tmp/hive-astra-7694/20261008-astra-7694/journal-followup7694/native-duplicate_pair.jsonl line 5: hash chain broken (a record was reordered, removed or inserted)
Rebind journal /tmp/hive-astra-7694/20261008-astra-7694/journal-followup7694/native-duplicate_pair.jsonl is FENCED (corrupt): line 5: hash chain broken (a record was reordered, removed or inserted); no journaled rebind is replayed -- journal unhealthy, rebinds refused until an operator inspects it and calls clear_journal_fence()
Rebind journal /tmp/hive-astra-7694/20261008-astra-7694/journal-followup7694/native-duplicate_pair.jsonl line 5: hash chain broken (a record was reordered, removed or inserted)
Rebind journal /tmp/hive-astra-7694/20261008-astra-7694/journal-followup7694/native-duplicate_pair.jsonl is FENCED (corrupt): line 5: hash chain broken (a record was reordered, removed or inserted); no journaled rebind is replayed -- journal unhealthy, rebinds refused until an operator inspects it and calls clear_journal_fence()
Rebind journal /tmp/hive-astra-7694/20261008-astra-7694/journal-followup7694/native-edited_pending_id.jsonl line 1: record hash mismatch (edited or corrupted)
Rebind journal /tmp/hive-astra-7694/20261008-astra-7694/journal-followup7694/native-edited_pending_id.jsonl is FENCED (corrupt): line 1: record hash mismatch (edited or corrupted); no journaled rebind is replayed -- journal unhealthy, rebinds refused until an operator inspects it and calls clear_journal_fence()
Rebind journal /tmp/hive-astra-7694/20261008-astra-7694/journal-followup7694/native-edited_pending_id.jsonl line 1: record hash mismatch (edited or corrupted)
Rebind journal /tmp/hive-astra-7694/20261008-astra-7694/journal-followup7694/native-edited_pending_id.jsonl is FENCED (corrupt): line 1: record hash mismatch (edited or corrupted); no journaled rebind is replayed -- journal unhealthy, rebinds refused until an operator inspects it and calls clear_journal_fence()
Rebind journal /tmp/hive-astra-7694/20261008-astra-7694/journal-followup7694/native-edited_commit_id.jsonl line 2: record hash mismatch (edited or corrupted)
Rebind journal /tmp/hive-astra-7694/20261008-astra-7694/journal-followup7694/native-edited_commit_id.jsonl is FENCED (corrupt): line 2: record hash mismatch (edited or corrupted); no journaled rebind is replayed -- journal unhealthy, rebinds refused until an operator inspects it and calls clear_journal_fence()
Rebind journal /tmp/hive-astra-7694/20261008-astra-7694/journal-followup7694/native-edited_commit_id.jsonl line 2: record hash mismatch (edited or corrupted)
Rebind journal /tmp/hive-astra-7694/20261008-astra-7694/journal-followup7694/native-edited_commit_id.jsonl is FENCED (corrupt): line 2: record hash mismatch (edited or corrupted); no journaled rebind is replayed -- journal unhealthy, rebinds refused until an operator inspects it and calls clear_journal_fence()
Rebind journal /tmp/hive-astra-7694/20261008-astra-7694/journal-followup7694/native-edited_target.jsonl line 1: record hash mismatch (edited or corrupted)
Rebind journal /tmp/hive-astra-7694/20261008-astra-7694/journal-followup7694/native-edited_target.jsonl is FENCED (corrupt): line 1: record hash mismatch (edited or corrupted); no journaled rebind is replayed -- journal unhealthy, rebinds refused until an operator inspects it and calls clear_journal_fence()
Rebind journal /tmp/hive-astra-7694/20261008-astra-7694/journal-followup7694/native-edited_target.jsonl line 1: record hash mismatch (edited or corrupted)
Rebind journal /tmp/hive-astra-7694/20261008-astra-7694/journal-followup7694/native-edited_target.jsonl is FENCED (corrupt): line 1: record hash mismatch (edited or corrupted); no journaled rebind is replayed -- journal unhealthy, rebinds refused until an operator inspects it and calls clear_journal_fence()
Rebind journal /tmp/hive-astra-7694/20261008-astra-7694/journal-followup7694/native-bad_utf8.jsonl line 5: unreadable line
Rebind journal /tmp/hive-astra-7694/20261008-astra-7694/journal-followup7694/native-bad_utf8.jsonl is FENCED (corrupt): line 5: unreadable line; no journaled rebind is replayed -- journal unhealthy, rebinds refused until an operator inspects it and calls clear_journal_fence()
Rebind journal /tmp/hive-astra-7694/20261008-astra-7694/journal-followup7694/native-bad_utf8.jsonl line 5: unreadable line
Rebind journal /tmp/hive-astra-7694/20261008-astra-7694/journal-followup7694/native-bad_utf8.jsonl is FENCED (corrupt): line 5: unreadable line; no journaled rebind is replayed -- journal unhealthy, rebinds refused until an operator inspects it and calls clear_journal_fence()
Rebind journal /tmp/hive-astra-7694/20261008-astra-7694/journal-followup7694/native-array.jsonl line 5: not a JSON object
Rebind journal /tmp/hive-astra-7694/20261008-astra-7694/journal-followup7694/native-array.jsonl is FENCED (corrupt): line 5: not a JSON object; no journaled rebind is replayed -- journal unhealthy, rebinds refused until an operator inspects it and calls clear_journal_fence()
Rebind journal /tmp/hive-astra-7694/20261008-astra-7694/journal-followup7694/native-array.jsonl line 5: not a JSON object
Rebind journal /tmp/hive-astra-7694/20261008-astra-7694/journal-followup7694/native-array.jsonl is FENCED (corrupt): line 5: not a JSON object; no journaled rebind is replayed -- journal unhealthy, rebinds refused until an operator inspects it and calls clear_journal_fence()
Rebind journal /tmp/hive-astra-7694/20261008-astra-7694/journal-followup7694/native-unknown_op.jsonl line 5: record hash mismatch (edited or corrupted)
Rebind journal /tmp/hive-astra-7694/20261008-astra-7694/journal-followup7694/native-unknown_op.jsonl is FENCED (corrupt): line 5: record hash mismatch (edited or corrupted); no journaled rebind is replayed -- journal unhealthy, rebinds refused until an operator inspects it and calls clear_journal_fence()
Rebind journal /tmp/hive-astra-7694/20261008-astra-7694/journal-followup7694/native-unknown_op.jsonl line 5: record hash mismatch (edited or corrupted)
Rebind journal /tmp/hive-astra-7694/20261008-astra-7694/journal-followup7694/native-unknown_op.jsonl is FENCED (corrupt): line 5: record hash mismatch (edited or corrupted); no journaled rebind is replayed -- journal unhealthy, rebinds refused until an operator inspects it and calls clear_journal_fence()
Rebind journal /tmp/hive-astra-7694/20261008-astra-7694/journal-followup7694/refused-pending-tail.jsonl line 1: unterminated (torn) last line
Rebind journal /tmp/hive-astra-7694/20261008-astra-7694/journal-followup7694/refused-pending-tail.jsonl is FENCED (corrupt): line 1: unterminated (torn) last line; no journaled rebind is replayed -- journal unhealthy, rebinds refused until an operator inspects it and calls clear_journal_fence()
Rebind journal /tmp/hive-astra-7694/20261008-astra-7694/journal-followup7694/refused-pending-tail.jsonl line 1: unterminated (torn) last line
Rebind journal /tmp/hive-astra-7694/20261008-astra-7694/journal-followup7694/refused-pending-tail.jsonl is FENCED (corrupt): line 1: unterminated (torn) last line; no journaled rebind is replayed -- journal unhealthy, rebinds refused until an operator inspects it and calls clear_journal_fence()
Rebind journal /tmp/hive-astra-7694/20261008-astra-7694/journal-followup7694/fault-pending-truncate_before.jsonl is FENCED (write_failure): pending record write failed and its rollback failed (record fsync; rollback failed: truncate before); rebind a1:p -> i refused (it has no commit record, so it never replays); the journal tail may be torn -- journal unhealthy, rebinds refused until an operator inspects it and calls clear_journal_fence()
Rebind journal /tmp/hive-astra-7694/20261008-astra-7694/journal-followup7694/fault-pending-truncate_after.jsonl is FENCED (write_failure): pending record write failed and its rollback failed (record fsync; rollback failed: truncate after); rebind a1:p -> i refused (it has no commit record, so it never replays); the journal tail may be torn -- journal unhealthy, rebinds refused until an operator inspects it and calls clear_journal_fence()
Rebind journal /tmp/hive-astra-7694/20261008-astra-7694/journal-followup7694/fault-pending-rollback_fsync.jsonl is FENCED (write_failure): pending record write failed and its rollback failed (record fsync; rollback failed: rollback fsync); rebind a1:p -> i refused (it has no commit record, so it never replays); the journal tail may be torn -- journal unhealthy, rebinds refused until an operator inspects it and calls clear_journal_fence()
Rebind journal /tmp/hive-astra-7694/20261008-astra-7694/journal-followup7694/fault-pending-all_after_write_fail.jsonl is FENCED (write_failure): pending record write failed and its rollback failed (record fsync; rollback failed: truncate before); rebind a1:p -> i refused (it has no commit record, so it never replays); the journal tail may be torn -- journal unhealthy, rebinds refused until an operator inspects it and calls clear_journal_fence()
Rebind journal /tmp/hive-astra-7694/20261008-astra-7694/journal-followup7694/fault-commit-truncate_before.jsonl is FENCED (commit_uncertain): rebind a1:p -> i APPLIED but its commit record may not be durable (record fsync; rollback failed: truncate before): after a restart it is either replayed or the plan is held again -- journal unhealthy, rebinds refused until an operator inspects it and calls clear_journal_fence()
Rebind journal /tmp/hive-astra-7694/20261008-astra-7694/journal-followup7694/fault-commit-truncate_after.jsonl is FENCED (commit_uncertain): rebind a1:p -> i APPLIED but its commit record may not be durable (record fsync; rollback failed: truncate after): after a restart it is either replayed or the plan is held again -- journal unhealthy, rebinds refused until an operator inspects it and calls clear_journal_fence()
Rebind journal /tmp/hive-astra-7694/20261008-astra-7694/journal-followup7694/fault-commit-rollback_fsync.jsonl is FENCED (commit_uncertain): rebind a1:p -> i APPLIED but its commit record may not be durable (record fsync; rollback failed: rollback fsync): after a restart it is either replayed or the plan is held again -- journal unhealthy, rebinds refused until an operator inspects it and calls clear_journal_fence()
Rebind journal /tmp/hive-astra-7694/20261008-astra-7694/journal-followup7694/fault-commit-all_after_write_fail.jsonl is FENCED (commit_uncertain): rebind a1:p -> i APPLIED but its commit record may not be durable (record fsync; rollback failed: truncate before): after a restart it is either replayed or the plan is held again -- journal unhealthy, rebinds refused until an operator inspects it and calls clear_journal_fence()
Rebind journal /tmp/hive-astra-7694/20261008-astra-7694/journal-followup7694/commit-never-written.jsonl is FENCED (commit_uncertain): rebind a1:p -> i APPLIED but its commit record may not be durable (commit write before any byte; rollback failed: rollback unavailable): after a restart it is either replayed or the plan is held again -- journal unhealthy, rebinds refused until an operator inspects it and calls clear_journal_fence()
Rebind journal /tmp/hive-astra-7694/20261008-astra-7694/journal-followup7694/exact_duplicate_commit.jsonl line 3: hash chain broken (a record was reordered, removed or inserted)
Rebind journal /tmp/hive-astra-7694/20261008-astra-7694/journal-followup7694/exact_duplicate_commit.jsonl is FENCED (corrupt): line 3: hash chain broken (a record was reordered, removed or inserted); no journaled rebind is replayed -- journal unhealthy, rebinds refused until an operator inspects it and calls clear_journal_fence()
Rebind journal /tmp/hive-astra-7694/20261008-astra-7694/journal-followup7694/exact_duplicate_commit.jsonl line 3: hash chain broken (a record was reordered, removed or inserted)
Rebind journal /tmp/hive-astra-7694/20261008-astra-7694/journal-followup7694/exact_duplicate_commit.jsonl is FENCED (corrupt): line 3: hash chain broken (a record was reordered, removed or inserted); no journaled rebind is replayed -- journal unhealthy, rebinds refused until an operator inspects it and calls clear_journal_fence()
Rebind journal /tmp/hive-astra-7694/20261008-astra-7694/journal-followup7694/second_commit_same_pending.jsonl line 3: duplicate commit record
Rebind journal /tmp/hive-astra-7694/20261008-astra-7694/journal-followup7694/second_commit_same_pending.jsonl is FENCED (corrupt): line 3: duplicate commit record; no journaled rebind is replayed -- journal unhealthy, rebinds refused until an operator inspects it and calls clear_journal_fence()
Rebind journal /tmp/hive-astra-7694/20261008-astra-7694/journal-followup7694/second_commit_same_pending.jsonl line 3: duplicate commit record
Rebind journal /tmp/hive-astra-7694/20261008-astra-7694/journal-followup7694/second_commit_same_pending.jsonl is FENCED (corrupt): line 3: duplicate commit record; no journaled rebind is replayed -- journal unhealthy, rebinds refused until an operator inspects it and calls clear_journal_fence()
Rebind journal /tmp/hive-astra-7694/20261008-astra-7694/journal-followup7694/unknown_pending.jsonl line 3: commit record names no earlier pending rebind
Rebind journal /tmp/hive-astra-7694/20261008-astra-7694/journal-followup7694/unknown_pending.jsonl is FENCED (corrupt): line 3: commit record names no earlier pending rebind; no journaled rebind is replayed -- journal unhealthy, rebinds refused until an operator inspects it and calls clear_journal_fence()
Rebind journal /tmp/hive-astra-7694/20261008-astra-7694/journal-followup7694/unknown_pending.jsonl line 3: commit record names no earlier pending rebind
Rebind journal /tmp/hive-astra-7694/20261008-astra-7694/journal-followup7694/unknown_pending.jsonl is FENCED (corrupt): line 3: commit record names no earlier pending rebind; no journaled rebind is replayed -- journal unhealthy, rebinds refused until an operator inspects it and calls clear_journal_fence()
Rebind journal /tmp/hive-astra-7694/20261008-astra-7694/journal-followup7694/wrong_pending_hash.jsonl line 2: commit record does not match its pending rebind
Rebind journal /tmp/hive-astra-7694/20261008-astra-7694/journal-followup7694/wrong_pending_hash.jsonl is FENCED (corrupt): line 2: commit record does not match its pending rebind; no journaled rebind is replayed -- journal unhealthy, rebinds refused until an operator inspects it and calls clear_journal_fence()
Rebind journal /tmp/hive-astra-7694/20261008-astra-7694/journal-followup7694/wrong_pending_hash.jsonl line 2: commit record does not match its pending rebind
Rebind journal /tmp/hive-astra-7694/20261008-astra-7694/journal-followup7694/wrong_pending_hash.jsonl is FENCED (corrupt): line 2: commit record does not match its pending rebind; no journaled rebind is replayed -- journal unhealthy, rebinds refused until an operator inspects it and calls clear_journal_fence()
Rebind journal /tmp/hive-astra-7694/20261008-astra-7694/journal-followup7694/splice-live.jsonl line 3: unterminated (torn) last line
Rebind journal /tmp/hive-astra-7694/20261008-astra-7694/journal-followup7694/splice-live.jsonl is FENCED (corrupt): line 3: unterminated (torn) last line; no journaled rebind is replayed -- journal unhealthy, rebinds refused until an operator inspects it and calls clear_journal_fence()
Rebind journal /tmp/hive-astra-7694/20261008-astra-7694/journal-followup7694/append_archived_prefix.jsonl line 2: hash chain broken (a record was reordered, removed or inserted)
Rebind journal /tmp/hive-astra-7694/20261008-astra-7694/journal-followup7694/append_archived_prefix.jsonl is FENCED (corrupt): line 2: hash chain broken (a record was reordered, removed or inserted); no journaled rebind is replayed -- journal unhealthy, rebinds refused until an operator inspects it and calls clear_journal_fence()
Rebind journal /tmp/hive-astra-7694/20261008-astra-7694/journal-followup7694/append_archived_prefix.jsonl line 2: hash chain broken (a record was reordered, removed or inserted)
Rebind journal /tmp/hive-astra-7694/20261008-astra-7694/journal-followup7694/append_archived_prefix.jsonl is FENCED (corrupt): line 2: hash chain broken (a record was reordered, removed or inserted); no journaled rebind is replayed -- journal unhealthy, rebinds refused until an operator inspects it and calls clear_journal_fence()
Rebind journal /tmp/hive-astra-7694/20261008-astra-7694/journal-followup7694/archived_whole_file.jsonl line 3: unterminated (torn) last line
Rebind journal /tmp/hive-astra-7694/20261008-astra-7694/journal-followup7694/archived_whole_file.jsonl is FENCED (corrupt): line 3: unterminated (torn) last line; no journaled rebind is replayed -- journal unhealthy, rebinds refused until an operator inspects it and calls clear_journal_fence()
Rebind journal /tmp/hive-astra-7694/20261008-astra-7694/journal-followup7694/archived_whole_file.jsonl line 3: unterminated (torn) last line
Rebind journal /tmp/hive-astra-7694/20261008-astra-7694/journal-followup7694/archived_whole_file.jsonl is FENCED (corrupt): line 3: unterminated (torn) last line; no journaled rebind is replayed -- journal unhealthy, rebinds refused until an operator inspects it and calls clear_journal_fence()
Rebind journal /tmp/hive-astra-7694/20261008-astra-7694/journal-followup7694/clean-archive.jsonl is FENCED (write_failure): pending record write failed and its rollback failed (next pending; rollback failed: rollback); rebind a1:q -> j refused (it has no commit record, so it never replays); the journal tail may be torn -- journal unhealthy, rebinds refused until an operator inspects it and calls clear_journal_fence()
Rebind journal /tmp/hive-astra-7694/20261008-astra-7694/journal-followup7694/startup-read_denied.jsonl is FENCED (unwritable): rebind journal cannot be created or read (read denied); no journaled rebind is replayed -- journal unhealthy, rebinds refused until an operator inspects it and calls clear_journal_fence()
Rebind journal /tmp/hive-astra-7694/20261008-astra-7694/journal-followup7694/startup-create_denied.jsonl is FENCED (unwritable): rebind journal cannot be created or read (create denied); no journaled rebind is replayed -- journal unhealthy, rebinds refused until an operator inspects it and calls clear_journal_fence()
Rebind journal /tmp/hive-astra-7694/20261008-astra-7694/journal-followup7694/startup-create_file_fsync.jsonl is FENCED (unwritable): rebind journal cannot be created or read (create_file_fsync); no journaled rebind is replayed -- journal unhealthy, rebinds refused until an operator inspects it and calls clear_journal_fence()
Rebind journal /tmp/hive-astra-7694/20261008-astra-7694/journal-followup7694/startup-create_dir_fsync.jsonl is FENCED (unwritable): rebind journal cannot be created or read (create_dir_fsync); no journaled rebind is replayed -- journal unhealthy, rebinds refused until an operator inspects it and calls clear_journal_fence()
Rebind journal /tmp/hive-astra-7694/20261008-astra-7694/journal-followup7694/startup-runtime_missing.jsonl is FENCED (changed): journal file is missing ([Errno 2] No such file or directory: '/tmp/hive-astra-7694/20261008-astra-7694/journal-followup7694/startup-runtime_missing.jsonl'); rebind a1:q -> j refused (nothing written) -- journal unhealthy, rebinds refused until an operator inspects it and calls clear_journal_fence()
Rebind journal /tmp/hive-astra-7694/20261008-astra-7694/journal-followup7694/startup-runtime_torn.jsonl is FENCED (changed): journal is 761 bytes, expected 760 ending with the last record this process wrote: it was changed outside this process; rebind a1:q -> j refused (nothing written) -- journal unhealthy, rebinds refused until an operator inspects it and calls clear_journal_fence()
Rebind journal /tmp/hive-astra-7694/20261008-astra-7694/journal-followup7694/startup-runtime_torn.jsonl line 3: unterminated (torn) last line
Rebind journal /tmp/hive-astra-7694/20261008-astra-7694/journal-followup7694/startup-runtime_torn.jsonl is FENCED (corrupt): line 3: unterminated (torn) last line; no journaled rebind is replayed -- journal unhealthy, rebinds refused until an operator inspects it and calls clear_journal_fence()
Rebind journal /tmp/hive-astra-7694/20261008-astra-7694/journal-followup7694/startup-runtime_append.jsonl is FENCED (changed): journal is 762 bytes, expected 761 ending with the last record this process wrote: it was changed outside this process; rebind a1:q -> j refused (nothing written) -- journal unhealthy, rebinds refused until an operator inspects it and calls clear_journal_fence()
Rebind journal /tmp/hive-astra-7694/20261008-astra-7694/journal-followup7694/startup-runtime_append.jsonl line 3: unreadable line
Rebind journal /tmp/hive-astra-7694/20261008-astra-7694/journal-followup7694/startup-runtime_append.jsonl is FENCED (corrupt): line 3: unreadable line; no journaled rebind is replayed -- journal unhealthy, rebinds refused until an operator inspects it and calls clear_journal_fence()
Rebind journal /tmp/hive-astra-7694/20261008-astra-7694/journal-followup7694/startup-runtime_prefix_edit_same_size.jsonl line 1: record hash mismatch (edited or corrupted)
Rebind journal /tmp/hive-astra-7694/20261008-astra-7694/journal-followup7694/startup-runtime_prefix_edit_same_size.jsonl is FENCED (corrupt): line 1: record hash mismatch (edited or corrupted); no journaled rebind is replayed -- journal unhealthy, rebinds refused until an operator inspects it and calls clear_journal_fence()
Rebind journal /tmp/hive-astra-7694/20261008-astra-7694/journal-followup7694/app-bad.jsonl line 1: unterminated (torn) last line
Rebind journal /tmp/hive-astra-7694/20261008-astra-7694/journal-followup7694/app-bad.jsonl is FENCED (corrupt): line 1: unterminated (torn) last line; no journaled rebind is replayed -- journal unhealthy, rebinds refused until an operator inspects it and calls clear_journal_fence()
Rebind journal /tmp/hive-astra-7694/20261008-astra-7694/journal-followup7694/legacy-1.jsonl line 1: legacy or unknown record format v1 (op 'owner_rebind')
Rebind journal /tmp/hive-astra-7694/20261008-astra-7694/journal-followup7694/legacy-1.jsonl is FENCED (corrupt): line 1: legacy or unknown record format v1 (op 'owner_rebind'); no journaled rebind is replayed -- journal unhealthy, rebinds refused until an operator inspects it and calls clear_journal_fence()
Rebind journal /tmp/hive-astra-7694/20261008-astra-7694/journal-followup7694/legacy-2.jsonl line 1: legacy or unknown record format v2 (op 'owner_rebind')
Rebind journal /tmp/hive-astra-7694/20261008-astra-7694/journal-followup7694/legacy-2.jsonl is FENCED (corrupt): line 1: legacy or unknown record format v2 (op 'owner_rebind'); no journaled rebind is replayed -- journal unhealthy, rebinds refused until an operator inspects it and calls clear_journal_fence()
Rebind journal /tmp/hive-astra-7694/20261008-astra-7694/journal-followup7694/legacy-3.jsonl line 1: legacy or unknown record format v3 (op 'owner_rebind')
Rebind journal /tmp/hive-astra-7694/20261008-astra-7694/journal-followup7694/legacy-3.jsonl is FENCED (corrupt): line 1: legacy or unknown record format v3 (op 'owner_rebind'); no journaled rebind is replayed -- journal unhealthy, rebinds refused until an operator inspects it and calls clear_journal_fence()
Rebind journal /tmp/hive-astra-7694/20261008-astra-7694/journal-followup7694/marker-invalid_utf8.jsonl is FENCED (legacy_marker): legacy fence marker /tmp/hive-astra-7694/20261008-astra-7694/journal-followup7694/marker-invalid_utf8.jsonl.fence present (a pre-v4 journal write did not finish cleanly); no journaled rebind is replayed -- journal unhealthy, rebinds refused until an operator inspects it and calls clear_journal_fence()
Rebind journal /tmp/hive-astra-7694/20261008-astra-7694/journal-followup7694/marker-invalid_json.jsonl is FENCED (legacy_marker): legacy fence marker /tmp/hive-astra-7694/20261008-astra-7694/journal-followup7694/marker-invalid_json.jsonl.fence present (a pre-v4 journal write did not finish cleanly); no journaled rebind is replayed -- journal unhealthy, rebinds refused until an operator inspects it and calls clear_journal_fence()
Rebind journal /tmp/hive-astra-7694/20261008-astra-7694/journal-followup7694/marker-json_array.jsonl is FENCED (legacy_marker): legacy fence marker /tmp/hive-astra-7694/20261008-astra-7694/journal-followup7694/marker-json_array.jsonl.fence present (a pre-v4 journal write did not finish cleanly); no journaled rebind is replayed -- journal unhealthy, rebinds refused until an operator inspects it and calls clear_journal_fence()
Rebind journal /tmp/hive-astra-7694/20261008-astra-7694/journal-followup7694/marker-empty_object.jsonl is FENCED (legacy_marker): legacy fence marker /tmp/hive-astra-7694/20261008-astra-7694/journal-followup7694/marker-empty_object.jsonl.fence present (a pre-v4 journal write did not finish cleanly); no journaled rebind is replayed -- journal unhealthy, rebinds refused until an operator inspects it and calls clear_journal_fence()
Rebind journal /tmp/hive-astra-7694/20261008-astra-7694/journal-followup7694/marker-edited_op_id.jsonl is FENCED (legacy_marker): legacy fence marker /tmp/hive-astra-7694/20261008-astra-7694/journal-followup7694/marker-edited_op_id.jsonl.fence present (a pre-v4 journal write did not finish cleanly); no journaled rebind is replayed -- journal unhealthy, rebinds refused until an operator inspects it and calls clear_journal_fence()
Rebind journal /tmp/hive-astra-7694/20261008-astra-7694/journal-followup7694/marker-missing_entry.jsonl is FENCED (legacy_marker): legacy fence marker /tmp/hive-astra-7694/20261008-astra-7694/journal-followup7694/marker-missing_entry.jsonl.fence present (a pre-v4 journal write did not finish cleanly); no journaled rebind is replayed -- journal unhealthy, rebinds refused until an operator inspects it and calls clear_journal_fence()
Rebind journal /tmp/hive-astra-7694/20261008-astra-7694/journal-followup7694/marker-valid_nonlast.jsonl is FENCED (legacy_marker): legacy fence marker /tmp/hive-astra-7694/20261008-astra-7694/journal-followup7694/marker-valid_nonlast.jsonl.fence present (a pre-v4 journal write did not finish cleanly); no journaled rebind is replayed -- journal unhealthy, rebinds refused until an operator inspects it and calls clear_journal_fence()
Rebind journal /tmp/hive-astra-7694/20261008-astra-7694/journal-followup7694/marker-legacy_v1.jsonl is FENCED (legacy_marker): legacy fence marker /tmp/hive-astra-7694/20261008-astra-7694/journal-followup7694/marker-legacy_v1.jsonl.fence present (a pre-v4 journal write did not finish cleanly); no journaled rebind is replayed -- journal unhealthy, rebinds refused until an operator inspects it and calls clear_journal_fence()
