experiments/20261008-astra-7694/followup7694.stdout:1: trailing whitespace.
+exact7678_archived_witnesses True 
experiments/20261008-astra-7694/followup7694.stdout:2: trailing whitespace.
+native_tails_order_edits True 
experiments/20261008-astra-7694/followup7694.stdout:3: trailing whitespace.
+v4_fault_matrix True 
experiments/20261008-astra-7694/followup7694.stdout:4: trailing whitespace.
+applied_no_commit True 
experiments/20261008-astra-7694/followup7694.stdout:5: trailing whitespace.
+crash_boundaries True 
experiments/20261008-astra-7694/followup7694.stdout:6: trailing whitespace.
+duplicate_commit True 
experiments/20261008-astra-7694/followup7694.stdout:7: trailing whitespace.
+archive_splice True 
experiments/20261008-astra-7694/followup7694.stdout:8: trailing whitespace.
+clean_prefixes True 
experiments/20261008-astra-7694/followup7694.stdout:9: trailing whitespace.
+startup_external_health True 
experiments/20261008-astra-7694/followup7694.stdout:10: trailing whitespace.
+legacy_default True 
experiments/20261008-astra-7694/followup7694.stdout:11: trailing whitespace.
+old_markers True 
experiments/20261008-astra-7694/journal-followup7694/exact7678-tail-blank_abort_line.jsonl:2: trailing whitespace.
+                                                                                                                                                                                                                                                                                                                                                                                                          
experiments/20261008-astra-7694/journal-followup7694/exact7678-tail-blank_abort_line.jsonl:2: new blank line at EOF.
experiments/20261008-astra-7694/journal-followup7694/native-blank_commit_line.jsonl:4: trailing whitespace.
+                                                                                                                                                                                                                                                                                                                                                      
experiments/20261008-astra-7694/journal-followup7694/native-blank_commit_line.jsonl:4: new blank line at EOF.
experiments/20261008-astra-7694/journal-followup7694/startup-runtime_append.jsonl:3: new blank line at EOF.
experiments/20261008-astra-7694/review7694.stdout:1: trailing whitespace.
+F_journal_content True 
experiments/20261008-astra-7694/review7694.stdout:2: trailing whitespace.
+canonical_hashing True 
experiments/20261008-astra-7694/review7694.stdout:3: trailing whitespace.
+aggregate_real_10000 True 
experiments/20261008-astra-7694/review7694.stdout:4: trailing whitespace.
+retained_unregister True 
experiments/20261008-astra-7694/review7694.stdout:5: trailing whitespace.
+retained_journal_order True 
experiments/20261008-astra-7694/review7694.stdout:6: trailing whitespace.
+retained_rejected_and_partial True 
experiments/20261008-astra-7694/review7694.stdout:7: trailing whitespace.
+retained_recovery_text True 
experiments/20261008-astra-7694/review7694.stdout:8: trailing whitespace.
+retained_foreign True 
experiments/20261008-astra-7694/review7694.stdout:9: trailing whitespace.
+retained_incidentless True 
experiments/20261008-astra-7694/review7694.stdout:10: trailing whitespace.
+retained_hold True 
experiments/20261008-astra-7694/review7694.stdout:11: trailing whitespace.
+retained_quiet_guidance True 
experiments/20261008-astra-7694/review7694.stdout:12: trailing whitespace.
+retained_plan_only_witness True 
experiments/20261008-astra-7694/review7694.stdout:13: trailing whitespace.
+retained_hold_144_schedules True 
experiments/20261008-astra-7694/review7694.stdout:14: trailing whitespace.
+retained_refusals_pending True 
experiments/20261008-astra-7694/review7694.stdout:15: trailing whitespace.
+retained_late_link_warnings True 
experiments/20261008-astra-7694/review7694.stdout:16: trailing whitespace.
+retained_regressions True 
experiments/20261008-astra-7694/runner.py:56: new blank line at EOF.
experiments/20261008-astra-7694/source/docs/POLICY_MULTI_PLAN_SUPERSESSION.md:161: new blank line at EOF.
experiments/20261008-astra-7694/source/production.diff:7: trailing whitespace.
+ 
experiments/20261008-astra-7694/source/production.diff:24: trailing whitespace.
+ 
experiments/20261008-astra-7694/source/production.diff:33: trailing whitespace.
+ 
experiments/20261008-astra-7694/source/production.diff:36: trailing whitespace.
+ 
experiments/20261008-astra-7694/source/production.diff:186: trailing whitespace.
+ 
experiments/20261008-astra-7694/source/production.diff:198: trailing whitespace.
+ 
experiments/20261008-astra-7694/source/production.diff:211: trailing whitespace.
+ 
experiments/20261008-astra-7694/source/production.diff:212: trailing whitespace.
+ 
experiments/20261008-astra-7694/source/production.diff:222: trailing whitespace.
+ 
experiments/20261008-astra-7694/source/production.diff:257: trailing whitespace.
+ 
experiments/20261008-astra-7694/source/production.diff:273: trailing whitespace.
+ 
experiments/20261008-astra-7694/source/production.diff:332: trailing whitespace.
+ 
experiments/20261008-astra-7694/source/production.diff:398: trailing whitespace.
+ 
experiments/20261008-astra-7694/source/production.diff:444: trailing whitespace.
+ 
experiments/20261008-astra-7694/source/production.diff:525: trailing whitespace.
+ 
experiments/20261008-astra-7694/source/production.diff:620: trailing whitespace.
+ 
experiments/20261008-astra-7694/source/production.diff:765: trailing whitespace.
+ 
experiments/20261008-astra-7694/source/production.diff:869: trailing whitespace.
+ 
experiments/20261008-astra-7694/source/production.diff:873: trailing whitespace.
+ 
experiments/20261008-astra-7694/source/production.diff:903: trailing whitespace.
+ 
experiments/20261008-astra-7694/source/production.diff:908: trailing whitespace.
+ 
experiments/20261008-astra-7694/source/production.diff:1035: trailing whitespace.
+ 
experiments/20261008-astra-7694/source/production.diff:1043: trailing whitespace.
+ 
experiments/20261008-astra-7694/source/production.diff:1163: trailing whitespace.
+ 
experiments/20261008-astra-7694/source/production.diff:1164: trailing whitespace.
+ 
experiments/20261008-astra-7694/source/production.diff:1177: trailing whitespace.
+ 
experiments/20261008-astra-7694/source/production.diff:1178: trailing whitespace.
+ 
experiments/20261008-astra-7694/source/production.diff:1196: trailing whitespace.
+ 
experiments/20261008-astra-7694/source/production.diff:1197: trailing whitespace.
+ 
experiments/20261008-astra-7694/source/production.diff:1200: trailing whitespace.
+ 
experiments/20261008-astra-7694/source/production.diff:1201: trailing whitespace.
+ 
experiments/20261008-astra-7694/source/production.diff:1225: trailing whitespace.
+ 
experiments/20261008-astra-7694/source/production.diff:1226: trailing whitespace.
+ 
experiments/20261008-astra-7694/source/production.diff:1247: trailing whitespace.
+ 
experiments/20261008-astra-7694/source/production.diff:1248: trailing whitespace.
+ 
experiments/20261008-astra-7694/source/production.diff:1256: trailing whitespace.
+ 
experiments/20261008-astra-7694/source/production.diff:1257: trailing whitespace.
+ 
experiments/20261008-astra-7694/source/production.diff:1264: trailing whitespace.
+ 
experiments/20261008-astra-7694/source/production.diff:1309: trailing whitespace.
+ 
experiments/20261008-astra-7694/source/production.diff:1310: trailing whitespace.
+ 
experiments/20261008-astra-7694/source/production.diff:1329: trailing whitespace.
+ 
experiments/20261008-astra-7694/source/production.diff:1330: trailing whitespace.
+ 
experiments/20261008-astra-7694/source/production.diff:1347: trailing whitespace.
+ 
experiments/20261008-astra-7694/source/production.diff:1348: trailing whitespace.
+ 
experiments/20261008-astra-7694/source/production.diff:1355: trailing whitespace.
+ 
experiments/20261008-astra-7694/source/production.diff:1356: trailing whitespace.
+ 
experiments/20261008-astra-7694/source/production.diff:1384: trailing whitespace.
+ 
experiments/20261008-astra-7694/source/production.diff:1385: trailing whitespace.
+ 
experiments/20261008-astra-7694/source/production.diff:1388: trailing whitespace.
+ 
experiments/20261008-astra-7694/source/production.diff:1389: trailing whitespace.
+ 
experiments/20261008-astra-7694/source/production.diff:1415: trailing whitespace.
+ 
experiments/20261008-astra-7694/source/production.diff:1416: trailing whitespace.
+ 
experiments/20261008-astra-7694/staged-whitespace.stdout:2: trailing whitespace.
++exact7678_archived_witnesses True 
experiments/20261008-astra-7694/staged-whitespace.stdout:4: trailing whitespace.
++native_tails_order_edits True 
experiments/20261008-astra-7694/staged-whitespace.stdout:6: trailing whitespace.
++v4_fault_matrix True 
experiments/20261008-astra-7694/staged-whitespace.stdout:8: trailing whitespace.
++applied_no_commit True 
experiments/20261008-astra-7694/staged-whitespace.stdout:10: trailing whitespace.
++crash_boundaries True 
experiments/20261008-astra-7694/staged-whitespace.stdout:12: trailing whitespace.
++duplicate_commit True 
experiments/20261008-astra-7694/staged-whitespace.stdout:14: trailing whitespace.
++archive_splice True 
experiments/20261008-astra-7694/staged-whitespace.stdout:16: trailing whitespace.
++clean_prefixes True 
experiments/20261008-astra-7694/staged-whitespace.stdout:18: trailing whitespace.
++startup_external_health True 
experiments/20261008-astra-7694/staged-whitespace.stdout:20: trailing whitespace.
++legacy_default True 
experiments/20261008-astra-7694/staged-whitespace.stdout:22: trailing whitespace.
++old_markers True 
experiments/20261008-astra-7694/staged-whitespace.stdout:24: trailing whitespace.
++                                                                                                                                                                                                                                                                                                                                                                                                          
experiments/20261008-astra-7694/staged-whitespace.stdout:27: trailing whitespace.
++                                                                                                                                                                                                                                                                                                                                                      
experiments/20261008-astra-7694/staged-whitespace.stdout:31: trailing whitespace.
++F_journal_content True 
experiments/20261008-astra-7694/staged-whitespace.stdout:33: trailing whitespace.
++canonical_hashing True 
experiments/20261008-astra-7694/staged-whitespace.stdout:35: trailing whitespace.
++aggregate_real_10000 True 
experiments/20261008-astra-7694/staged-whitespace.stdout:37: trailing whitespace.
++retained_unregister True 
experiments/20261008-astra-7694/staged-whitespace.stdout:39: trailing whitespace.
++retained_journal_order True 
experiments/20261008-astra-7694/staged-whitespace.stdout:41: trailing whitespace.
++retained_rejected_and_partial True 
experiments/20261008-astra-7694/staged-whitespace.stdout:43: trailing whitespace.
++retained_recovery_text True 
experiments/20261008-astra-7694/staged-whitespace.stdout:45: trailing whitespace.
++retained_foreign True 
experiments/20261008-astra-7694/staged-whitespace.stdout:47: trailing whitespace.
++retained_incidentless True 
experiments/20261008-astra-7694/staged-whitespace.stdout:49: trailing whitespace.
++retained_hold True 
experiments/20261008-astra-7694/staged-whitespace.stdout:51: trailing whitespace.
++retained_quiet_guidance True 
experiments/20261008-astra-7694/staged-whitespace.stdout:53: trailing whitespace.
++retained_plan_only_witness True 
experiments/20261008-astra-7694/staged-whitespace.stdout:55: trailing whitespace.
++retained_hold_144_schedules True 
experiments/20261008-astra-7694/staged-whitespace.stdout:57: trailing whitespace.
++retained_refusals_pending True 
experiments/20261008-astra-7694/staged-whitespace.stdout:59: trailing whitespace.
++retained_late_link_warnings True 
experiments/20261008-astra-7694/staged-whitespace.stdout:61: trailing whitespace.
++retained_regressions True 
experiments/20261008-astra-7694/staged-whitespace.stdout:65: trailing whitespace.
++ 
experiments/20261008-astra-7694/staged-whitespace.stdout:67: trailing whitespace.
++ 
experiments/20261008-astra-7694/staged-whitespace.stdout:69: trailing whitespace.
++ 
experiments/20261008-astra-7694/staged-whitespace.stdout:71: trailing whitespace.
++ 
experiments/20261008-astra-7694/staged-whitespace.stdout:73: trailing whitespace.
++ 
experiments/20261008-astra-7694/staged-whitespace.stdout:75: trailing whitespace.
++ 
experiments/20261008-astra-7694/staged-whitespace.stdout:77: trailing whitespace.
++ 
experiments/20261008-astra-7694/staged-whitespace.stdout:79: trailing whitespace.
++ 
experiments/20261008-astra-7694/staged-whitespace.stdout:81: trailing whitespace.
++ 
experiments/20261008-astra-7694/staged-whitespace.stdout:83: trailing whitespace.
++ 
experiments/20261008-astra-7694/staged-whitespace.stdout:85: trailing whitespace.
++ 
experiments/20261008-astra-7694/staged-whitespace.stdout:87: trailing whitespace.
++ 
experiments/20261008-astra-7694/staged-whitespace.stdout:89: trailing whitespace.
++ 
experiments/20261008-astra-7694/staged-whitespace.stdout:91: trailing whitespace.
++ 
experiments/20261008-astra-7694/staged-whitespace.stdout:93: trailing whitespace.
++ 
experiments/20261008-astra-7694/staged-whitespace.stdout:95: trailing whitespace.
++ 
experiments/20261008-astra-7694/staged-whitespace.stdout:97: trailing whitespace.
++ 
experiments/20261008-astra-7694/staged-whitespace.stdout:99: trailing whitespace.
++ 
experiments/20261008-astra-7694/staged-whitespace.stdout:101: trailing whitespace.
++ 
experiments/20261008-astra-7694/staged-whitespace.stdout:103: trailing whitespace.
++ 
experiments/20261008-astra-7694/staged-whitespace.stdout:105: trailing whitespace.
++ 
experiments/20261008-astra-7694/staged-whitespace.stdout:107: trailing whitespace.
++ 
experiments/20261008-astra-7694/staged-whitespace.stdout:109: trailing whitespace.
++ 
experiments/20261008-astra-7694/staged-whitespace.stdout:111: trailing whitespace.
++ 
experiments/20261008-astra-7694/staged-whitespace.stdout:113: trailing whitespace.
++ 
experiments/20261008-astra-7694/staged-whitespace.stdout:115: trailing whitespace.
++ 
experiments/20261008-astra-7694/staged-whitespace.stdout:117: trailing whitespace.
++ 
experiments/20261008-astra-7694/staged-whitespace.stdout:119: trailing whitespace.
++ 
experiments/20261008-astra-7694/staged-whitespace.stdout:121: trailing whitespace.
++ 
experiments/20261008-astra-7694/staged-whitespace.stdout:123: trailing whitespace.
++ 
experiments/20261008-astra-7694/staged-whitespace.stdout:125: trailing whitespace.
++ 
experiments/20261008-astra-7694/staged-whitespace.stdout:127: trailing whitespace.
++ 
experiments/20261008-astra-7694/staged-whitespace.stdout:129: trailing whitespace.
++ 
experiments/20261008-astra-7694/staged-whitespace.stdout:131: trailing whitespace.
++ 
experiments/20261008-astra-7694/staged-whitespace.stdout:133: trailing whitespace.
++ 
experiments/20261008-astra-7694/staged-whitespace.stdout:135: trailing whitespace.
++ 
experiments/20261008-astra-7694/staged-whitespace.stdout:137: trailing whitespace.
++ 
experiments/20261008-astra-7694/staged-whitespace.stdout:139: trailing whitespace.
++ 
experiments/20261008-astra-7694/staged-whitespace.stdout:141: trailing whitespace.
++ 
experiments/20261008-astra-7694/staged-whitespace.stdout:143: trailing whitespace.
++ 
experiments/20261008-astra-7694/staged-whitespace.stdout:145: trailing whitespace.
++ 
experiments/20261008-astra-7694/staged-whitespace.stdout:147: trailing whitespace.
++ 
experiments/20261008-astra-7694/staged-whitespace.stdout:149: trailing whitespace.
++ 
experiments/20261008-astra-7694/staged-whitespace.stdout:151: trailing whitespace.
++ 
experiments/20261008-astra-7694/staged-whitespace.stdout:153: trailing whitespace.
++ 
experiments/20261008-astra-7694/staged-whitespace.stdout:155: trailing whitespace.
++ 
experiments/20261008-astra-7694/staged-whitespace.stdout:157: trailing whitespace.
++ 
experiments/20261008-astra-7694/staged-whitespace.stdout:159: trailing whitespace.
++ 
experiments/20261008-astra-7694/staged-whitespace.stdout:161: trailing whitespace.
++ 
experiments/20261008-astra-7694/staged-whitespace.stdout:163: trailing whitespace.
++ 
experiments/20261008-astra-7694/staged-whitespace.stdout:165: trailing whitespace.
++ 
experiments/20261008-astra-7694/staged-whitespace.stdout:167: trailing whitespace.
++ 
experiments/20261008-astra-7694/staged-whitespace.stdout:169: trailing whitespace.
++ 
experiments/20261008-astra-7694/staged-whitespace.stdout:171: trailing whitespace.
++ 
experiments/20261008-astra-7694/staged-whitespace.stdout:173: trailing whitespace.
++ 
experiments/20261008-astra-7694/witness-adaptation.diff:27: trailing whitespace.
+ 
experiments/20261008-astra-7694/witness-adaptation.diff:305: trailing whitespace.
+ 
experiments/20261008-astra-7694/witness-adaptation.diff:311: trailing whitespace.
+ 
