{
  "current_format": {
    "total": 3072,
    "passed": 3072,
    "failed": 0
  },
  "prior_ordered_format": {
    "total": 3072,
    "passed": 3072,
    "failed": 0
  },
  "legacy_fail_closed": {
    "total": 384,
    "passed": 384,
    "failed": 0
  },
  "original_witnesses": {
    "total": 2,
    "passed": 2,
    "failed": 0
  },
  "stale_progress": {
    "total": 3,
    "passed": 0,
    "failed": 3
  },
  "ownership_lifecycle": {
    "total": 48,
    "passed": 34,
    "failed": 14
  },
  "authentic_old_ownership": {
    "total": 6,
    "passed": 2,
    "failed": 4
  },
  "agent_namespace": {
    "total": 1,
    "passed": 1,
    "failed": 0
  },
  "failed_lifecycle_names": [
    "rebound_plan_boundary_None",
    "rebound_plan_boundary_0",
    "rebound_plan_boundary_1",
    "rebound_plan_boundary_2",
    "rebound_plan_boundary_3",
    "rebound_plan_boundary_4",
    "rebound_plan_boundary_5",
    "rebound_completed_plan_no_new_receipt",
    "rebound_missing_first_owner",
    "rebound_foreign_incident_only_receipt",
    "prelinked_foreign_incident",
    "prelinked_foreign_plan_only_receipts",
    "late_incident_only_fresh",
    "late_incident_after_completed_plan"
  ],
  "failed_old_owner_names": [
    "e6afe16_owner_missing_incident",
    "e6afe16_ambiguous_incident_order",
    "5de0d53_owner_missing_incident",
    "5de0d53_ambiguous_incident_order"
  ]
}
