{
  "n8_total": 14,
  "n8_passed": 14,
  "agreement": 14,
  "linked_stale": {
    "events": [
      {
        "id": "evt_217806bb2dda4329",
        "kind": "plan",
        "ts": 1790646840.1001534,
        "source": "",
        "subject": "",
        "payload": {
          "id": "p",
          "incident_id": "i",
          "steps": [
            {},
            {}
          ]
        },
        "severity": "info",
        "schema_version": "1"
      },
      {
        "id": "evt_31911ac526244da8",
        "kind": "receipt",
        "ts": 1790646840.1001618,
        "source": "",
        "subject": "",
        "payload": {
          "id": "old0",
          "step_index": 0,
          "verified": true,
          "plan_id": "p",
          "incident_id": ""
        },
        "severity": "info",
        "schema_version": "1"
      },
      {
        "id": "evt_6f6a8807e8a24241",
        "kind": "receipt",
        "ts": 1790646840.1001694,
        "source": "",
        "subject": "",
        "payload": {
          "id": "failure",
          "step_index": 0,
          "verified": false,
          "plan_id": "",
          "incident_id": "i"
        },
        "severity": "info",
        "schema_version": "1"
      },
      {
        "id": "evt_462d0c224aae40f3",
        "kind": "incident",
        "ts": 1790646840.1001775,
        "source": "",
        "subject": "",
        "payload": {
          "id": "i",
          "component": "svc",
          "symptom": "down",
          "severity": "critical",
          "plan_id": "p"
        },
        "severity": "info",
        "schema_version": "1"
      }
    ],
    "snapshot": {
      "state": {},
      "incidents": [
        {
          "id": "i",
          "ts": 1790646840.1002116,
          "severity": "critical",
          "component": "svc",
          "symptom": "down",
          "evidence": [],
          "resolved": false,
          "plan_id": "p",
          "schema_version": "1"
        }
      ],
      "plan_step_counts": {
        "p": 2
      },
      "plan_receipts": {
        "p": [
          0
        ]
      },
      "plan_failed_steps": {
        "p": []
      },
      "pending_receipts": {
        "@inc:i": {
          "failure": {
            "id": "failure",
            "step_index": 0,
            "verified": false,
            "plan_id": "",
            "incident_id": "i"
          }
        }
      },
      "seen_receipt_ids": [
        "old0"
      ],
      "incidents_total": 1,
      "incidents_open": 1
    },
    "checkpoint": "ckpt_1790646840_1",
    "current": {
      "open": [
        "i"
      ],
      "verified": {
        "p": [
          1
        ]
      },
      "pending": {},
      "owner": {
        "p": "i"
      },
      "quarantine": [],
      "diag": {
        "legacy_verified_invalidated": 1,
        "legacy_pending_discarded": 1,
        "recovery": "Discarded legacy evidence is not replayed; affected plan steps must be re-proven by fresh, uniquely identified receipts. Plans in legacy_ownerless_plans stay quarantined until an operator calls rebind_plan_owner(plan_id, incident_id, actor=..., reason=...) after preview_rebind(); targets must be open and a recorded owner candidate unless allow_non_candidate=True. An ordinary PLAN does not re-establish a lost owner."
      }
    },
    "baseline_open": [
      "i"
    ],
    "baseline_verified": {
      "p": [
        1
      ]
    },
    "baseline_failed": {
      "p": [
        0
      ]
    }
  }
}
