{
  "late_all_replay": {
    "counts": [
      1,
      1,
      1,
      1,
      0,
      0,
      0,
      0
    ],
    "local_hive_agree": true,
    "resolve_transitions": 1,
    "local_seen": 2,
    "hive_seen": 2
  },
  "early_then_plan": {
    "counts": [
      1,
      1,
      1,
      0
    ],
    "local_hive_agree": true,
    "resolve_transitions": 1,
    "local_seen": 2,
    "hive_seen": 2
  },
  "duplicates": {
    "counts": [
      1,
      1,
      1,
      1,
      0
    ],
    "local_hive_agree": true,
    "resolve_transitions": 1,
    "local_seen": 3,
    "hive_seen": 3
  },
  "invalid": {
    "counts": [
      1,
      1,
      1,
      1,
      1,
      1,
      1,
      1,
      1,
      1,
      0
    ],
    "local_hive_agree": true,
    "resolve_transitions": 1,
    "local_seen": 9,
    "hive_seen": 9
  },
  "retry": {
    "counts": [
      1,
      1,
      1,
      1,
      0,
      0
    ],
    "local_hive_agree": true,
    "resolve_transitions": 1,
    "local_seen": 3,
    "hive_seen": 3
  },
  "pending_snapshot": {
    "counts": [
      1,
      1,
      1,
      0,
      0
    ],
    "local_hive_agree": true,
    "resolve_transitions": 1,
    "local_seen": 2,
    "hive_seen": 2
  },
  "progress_snapshot": {
    "counts": [
      1,
      1,
      1,
      1,
      0
    ],
    "local_hive_agree": true,
    "resolve_transitions": 1,
    "local_seen": 3,
    "hive_seen": 3
  },
  "legacy_snapshot": "boolean evidence discarded; fresh distinct steps required",
  "public_repair_failure_False": {
    "verified": [
      true,
      true
    ],
    "calls": [
      0,
      1
    ],
    "local_open": 0,
    "hive_open": 0,
    "health": "healthy",
    "outcome": "resolved"
  },
  "public_repair_failure_True": {
    "verified": [
      true,
      false
    ],
    "calls": [
      0,
      1
    ],
    "local_open": 1,
    "hive_open": 1,
    "health": "failed",
    "outcome": "rolled_back"
  },
  "production_paths_custom_False": {
    "root_matches": true,
    "rejected": [
      0,
      0,
      0,
      0,
      0,
      0
    ],
    "canonical": "/home/openclaw/research-agent/projects/hive-appliance/experiments/20260928-astra-7173/tmp/tmp489ufqk9/False/attachments/x",
    "download_results": [
      {
        "id": "att_5a5ca52715e4c2df",
        "success": true,
        "path": "/home/openclaw/research-agent/projects/hive-appliance/experiments/20260928-astra-7173/tmp/tmp489ufqk9/False/attachments/tg/r/2026-09-29/att_5a5ca52715e4c2df.cb1d0e7af8384047860c99c7a5059e26.bin"
      },
      {
        "id": "att_9954bf54a9e8124c",
        "success": true,
        "path": "/home/openclaw/research-agent/projects/hive-appliance/experiments/20260928-astra-7173/tmp/tmp489ufqk9/False/attachments/tg/r/2026-09-29/att_9954bf54a9e8124c.ec425c759b29477991f37fcbdea8a533.bin"
      }
    ],
    "outside_untouched": true
  },
  "production_paths_custom_True": {
    "root_matches": true,
    "rejected": [
      0,
      0,
      0,
      0,
      0,
      0
    ],
    "canonical": "/home/openclaw/research-agent/projects/hive-appliance/experiments/20260928-astra-7173/tmp/tmp489ufqk9/True/custom/x",
    "download_results": [
      {
        "id": "att_5a5ca52715e4c2df",
        "success": true,
        "path": "/home/openclaw/research-agent/projects/hive-appliance/experiments/20260928-astra-7173/tmp/tmp489ufqk9/True/custom/tg/r/2026-09-29/att_5a5ca52715e4c2df.e8476fedecdb4920ba604548e2f703fa.bin"
      },
      {
        "id": "att_9954bf54a9e8124c",
        "success": true,
        "path": "/home/openclaw/research-agent/projects/hive-appliance/experiments/20260928-astra-7173/tmp/tmp489ufqk9/True/custom/tg/r/2026-09-29/att_9954bf54a9e8124c.1bb0eb8b3a1f45bc84173454f09b4564.bin"
      }
    ],
    "outside_untouched": true
  }
}
