Legacy bucketed pending snapshot: discarded 1 pending receipt(s); affected steps need fresh receipts
Legacy snapshot without plan owners: plans ['p'] quarantined (1 verified step(s) discarded) until an operator calls rebind_plan_owner()
PLAN p -> i held: owner lost in legacy migration; use rebind_plan_owner()
Operator rebind by review7173 (legacy witness): plan p owner set to incident i (candidate=True, held=1, closed=[])
Legacy bucketed pending snapshot: discarded 1 pending receipt(s); affected steps need fresh receipts
Legacy snapshot without plan owners: plans ['p'] quarantined (1 verified step(s) discarded) until an operator calls rebind_plan_owner()
PLAN p -> i held: owner lost in legacy migration; use rebind_plan_owner()
Operator rebind by review7173 (legacy witness): plan p owner set to incident i (candidate=True, held=1, closed=[])
Legacy bucketed pending snapshot: discarded 1 pending receipt(s); affected steps need fresh receipts
Legacy snapshot without plan owners: plans ['p'] quarantined (1 verified step(s) discarded) until an operator calls rebind_plan_owner()
Legacy bucketed pending snapshot: discarded 1 pending receipt(s); affected steps need fresh receipts
Legacy snapshot without plan owners: plans ['p'] quarantined (1 verified step(s) discarded) until an operator calls rebind_plan_owner()
PLAN p -> i held: owner lost in legacy migration; use rebind_plan_owner()
Operator rebind by review7173 (legacy witness): plan p owner set to incident i (candidate=True, held=1, closed=[])
Legacy bucketed pending snapshot: discarded 1 pending receipt(s); affected steps need fresh receipts
Legacy pending discard invalidated 1 verified step(s); they must be re-proven
Legacy bucketed pending snapshot: discarded 1 pending receipt(s); affected steps need fresh receipts
Legacy pending discard invalidated 1 verified step(s); they must be re-proven
Legacy bucketed pending snapshot: discarded 1 pending receipt(s); affected steps need fresh receipts
Legacy pending discard invalidated 1 verified step(s); they must be re-proven
Legacy bucketed pending snapshot: discarded 1 pending receipt(s); affected steps need fresh receipts
Legacy pending discard invalidated 1 verified step(s); they must be re-proven
Legacy snapshot without plan owners: plans ['p'] quarantined (0 verified step(s) discarded) until an operator calls rebind_plan_owner()
Refused rebind of plan p -> i by review7173: plan is not quarantined
Refused rebind of plan p -> other by review7173: plan is not quarantined
Legacy snapshot without plan owners: plans ['p'] quarantined (0 verified step(s) discarded) until an operator calls rebind_plan_owner()
Refused rebind of plan p -> missing by review7173: unknown target incident
Operator rebind by review7173 (legacy witness): plan p owner set to incident other (candidate=False, held=0, closed=[])
Legacy snapshot without plan owners: plans ['p'] quarantined (0 verified step(s) discarded) until an operator calls rebind_plan_owner()
Refused rebind of plan p -> other by review7173: target incident is linked to another plan
Refused rebind of plan p -> other by review7173: target incident is linked to another plan
Legacy snapshot without plan owners: plans ['p'] quarantined (0 verified step(s) discarded) until an operator calls rebind_plan_owner()
Refused rebind of plan p -> i by review7173: target incident is already resolved
Operator rebind by review7173 (legacy witness): plan p owner set to incident other (candidate=False, held=0, closed=[])
Legacy snapshot without plan owners: plans ['p'] quarantined (0 verified step(s) discarded) until an operator calls rebind_plan_owner()
Operator rebind by review7173 (legacy witness): plan p owner set to incident other (candidate=False, held=0, closed=[])
Refused rebind of plan p -> other by review7173: plan is not quarantined
Legacy snapshot without plan owners: plans ['p'] quarantined (0 verified step(s) discarded) until an operator calls rebind_plan_owner()
Operator rebind by review7173 (legacy witness): plan p owner set to incident i (candidate=False, held=0, closed=[])
Refused rebind of plan p -> other by review7173: plan is not quarantined
Legacy snapshot without plan owners: plans ['p'] quarantined (0 verified step(s) discarded) until an operator calls rebind_plan_owner()
Operator rebind by review7173 (legacy witness): plan p owner set to incident i (candidate=False, held=2, closed=['i'])
Refused rebind of plan p -> other by review7173: plan is not quarantined
Legacy snapshot without plan owners: plans ['p'] quarantined (0 verified step(s) discarded) until an operator calls rebind_plan_owner()
Operator rebind by review7173 (legacy witness): plan p owner set to incident i (candidate=False, held=3, closed=[])
Refused rebind of plan p -> other by review7173: plan is not quarantined
Legacy snapshot without plan owners: plans ['p'] quarantined (0 verified step(s) discarded) until an operator calls rebind_plan_owner()
PLAN p -> candidate0 held: owner lost in legacy migration; use rebind_plan_owner()
PLAN p -> candidate1 held: owner lost in legacy migration; use rebind_plan_owner()
PLAN p -> candidate2 held: owner lost in legacy migration; use rebind_plan_owner()
PLAN p -> candidate3 held: owner lost in legacy migration; use rebind_plan_owner()
PLAN p -> candidate4 held: owner lost in legacy migration; use rebind_plan_owner()
PLAN p -> candidate5 held: owner lost in legacy migration; use rebind_plan_owner()
PLAN p -> candidate6 held: owner lost in legacy migration; use rebind_plan_owner()
PLAN p -> candidate7 held: owner lost in legacy migration; use rebind_plan_owner()
PLAN p -> candidate8 held: owner lost in legacy migration; use rebind_plan_owner()
PLAN p -> candidate9 held: owner lost in legacy migration; use rebind_plan_owner()
PLAN p -> candidate10 held: owner lost in legacy migration; use rebind_plan_owner()
PLAN p -> candidate11 held: owner lost in legacy migration; use rebind_plan_owner()
PLAN p -> candidate12 held: owner lost in legacy migration; use rebind_plan_owner()
PLAN p -> candidate13 held: owner lost in legacy migration; use rebind_plan_owner()
PLAN p -> candidate14 held: owner lost in legacy migration; use rebind_plan_owner()
PLAN p -> candidate15 held: owner lost in legacy migration; use rebind_plan_owner()
PLAN p -> candidate16 held: owner lost in legacy migration; use rebind_plan_owner()
PLAN p -> candidate17 held: owner lost in legacy migration; use rebind_plan_owner()
PLAN p -> candidate18 held: owner lost in legacy migration; use rebind_plan_owner()
PLAN p -> candidate19 held: owner lost in legacy migration; use rebind_plan_owner()
PLAN p -> candidate20 held: owner lost in legacy migration; use rebind_plan_owner()
PLAN p -> candidate21 held: owner lost in legacy migration; use rebind_plan_owner()
PLAN p -> candidate22 held: owner lost in legacy migration; use rebind_plan_owner()
PLAN p -> candidate23 held: owner lost in legacy migration; use rebind_plan_owner()
PLAN p -> candidate24 held: owner lost in legacy migration; use rebind_plan_owner()
PLAN p -> candidate25 held: owner lost in legacy migration; use rebind_plan_owner()
PLAN p -> candidate26 held: owner lost in legacy migration; use rebind_plan_owner()
PLAN p -> candidate27 held: owner lost in legacy migration; use rebind_plan_owner()
PLAN p -> candidate28 held: owner lost in legacy migration; use rebind_plan_owner()
PLAN p -> candidate29 held: owner lost in legacy migration; use rebind_plan_owner()
PLAN p -> candidate30 held: owner lost in legacy migration; use rebind_plan_owner()
PLAN p -> candidate31 held: owner lost in legacy migration; use rebind_plan_owner()
Legacy snapshot without plan owners: plans ['p0', 'p1', 'p10', 'p100', 'p101', 'p102', 'p103', 'p104', 'p105', 'p106', 'p107', 'p108', 'p109', 'p11', 'p110', 'p111', 'p112', 'p113', 'p114', 'p115', 'p116', 'p117', 'p118', 'p119', 'p12', 'p120', 'p121', 'p122', 'p123', 'p124', 'p125', 'p126', 'p127', 'p13', 'p14', 'p15', 'p16', 'p17', 'p18', 'p19', 'p2', 'p20', 'p21', 'p22', 'p23', 'p24', 'p25', 'p26', 'p27', 'p28', 'p29', 'p3', 'p30', 'p31', 'p32', 'p33', 'p34', 'p35', 'p36', 'p37', 'p38', 'p39', 'p4', 'p40', 'p41', 'p42', 'p43', 'p44', 'p45', 'p46', 'p47', 'p48', 'p49', 'p5', 'p50', 'p51', 'p52', 'p53', 'p54', 'p55', 'p56', 'p57', 'p58', 'p59', 'p6', 'p60', 'p61', 'p62', 'p63', 'p64', 'p65', 'p66', 'p67', 'p68', 'p69', 'p7', 'p70', 'p71', 'p72', 'p73', 'p74', 'p75', 'p76', 'p77', 'p78', 'p79', 'p8', 'p80', 'p81', 'p82', 'p83', 'p84', 'p85', 'p86', 'p87', 'p88', 'p89', 'p9', 'p90', 'p91', 'p92', 'p93', 'p94', 'p95', 'p96', 'p97', 'p98', 'p99'] quarantined (0 verified step(s) discarded) until an operator calls rebind_plan_owner()
PLAN p0 -> i0 held: owner lost in legacy migration; use rebind_plan_owner()
PLAN p1 -> i1 held: owner lost in legacy migration; use rebind_plan_owner()
PLAN p2 -> i2 held: owner lost in legacy migration; use rebind_plan_owner()
PLAN p3 -> i3 held: owner lost in legacy migration; use rebind_plan_owner()
PLAN p4 -> i4 held: owner lost in legacy migration; use rebind_plan_owner()
PLAN p5 -> i5 held: owner lost in legacy migration; use rebind_plan_owner()
PLAN p6 -> i6 held: owner lost in legacy migration; use rebind_plan_owner()
PLAN p7 -> i7 held: owner lost in legacy migration; use rebind_plan_owner()
PLAN p8 -> i8 held: owner lost in legacy migration; use rebind_plan_owner()
PLAN p9 -> i9 held: owner lost in legacy migration; use rebind_plan_owner()
PLAN p10 -> i10 held: owner lost in legacy migration; use rebind_plan_owner()
PLAN p11 -> i11 held: owner lost in legacy migration; use rebind_plan_owner()
PLAN p12 -> i12 held: owner lost in legacy migration; use rebind_plan_owner()
PLAN p13 -> i13 held: owner lost in legacy migration; use rebind_plan_owner()
PLAN p14 -> i14 held: owner lost in legacy migration; use rebind_plan_owner()
PLAN p15 -> i15 held: owner lost in legacy migration; use rebind_plan_owner()
PLAN p16 -> i16 held: owner lost in legacy migration; use rebind_plan_owner()
PLAN p17 -> i17 held: owner lost in legacy migration; use rebind_plan_owner()
PLAN p18 -> i18 held: owner lost in legacy migration; use rebind_plan_owner()
PLAN p19 -> i19 held: owner lost in legacy migration; use rebind_plan_owner()
PLAN p20 -> i20 held: owner lost in legacy migration; use rebind_plan_owner()
PLAN p21 -> i21 held: owner lost in legacy migration; use rebind_plan_owner()
PLAN p22 -> i22 held: owner lost in legacy migration; use rebind_plan_owner()
PLAN p23 -> i23 held: owner lost in legacy migration; use rebind_plan_owner()
PLAN p24 -> i24 held: owner lost in legacy migration; use rebind_plan_owner()
PLAN p25 -> i25 held: owner lost in legacy migration; use rebind_plan_owner()
PLAN p26 -> i26 held: owner lost in legacy migration; use rebind_plan_owner()
PLAN p27 -> i27 held: owner lost in legacy migration; use rebind_plan_owner()
PLAN p28 -> i28 held: owner lost in legacy migration; use rebind_plan_owner()
PLAN p29 -> i29 held: owner lost in legacy migration; use rebind_plan_owner()
PLAN p30 -> i30 held: owner lost in legacy migration; use rebind_plan_owner()
PLAN p31 -> i31 held: owner lost in legacy migration; use rebind_plan_owner()
PLAN p32 -> i32 held: owner lost in legacy migration; use rebind_plan_owner()
PLAN p33 -> i33 held: owner lost in legacy migration; use rebind_plan_owner()
PLAN p34 -> i34 held: owner lost in legacy migration; use rebind_plan_owner()
PLAN p35 -> i35 held: owner lost in legacy migration; use rebind_plan_owner()
PLAN p36 -> i36 held: owner lost in legacy migration; use rebind_plan_owner()
PLAN p37 -> i37 held: owner lost in legacy migration; use rebind_plan_owner()
PLAN p38 -> i38 held: owner lost in legacy migration; use rebind_plan_owner()
PLAN p39 -> i39 held: owner lost in legacy migration; use rebind_plan_owner()
PLAN p40 -> i40 held: owner lost in legacy migration; use rebind_plan_owner()
PLAN p41 -> i41 held: owner lost in legacy migration; use rebind_plan_owner()
PLAN p42 -> i42 held: owner lost in legacy migration; use rebind_plan_owner()
PLAN p43 -> i43 held: owner lost in legacy migration; use rebind_plan_owner()
PLAN p44 -> i44 held: owner lost in legacy migration; use rebind_plan_owner()
PLAN p45 -> i45 held: owner lost in legacy migration; use rebind_plan_owner()
PLAN p46 -> i46 held: owner lost in legacy migration; use rebind_plan_owner()
PLAN p47 -> i47 held: owner lost in legacy migration; use rebind_plan_owner()
PLAN p48 -> i48 held: owner lost in legacy migration; use rebind_plan_owner()
PLAN p49 -> i49 held: owner lost in legacy migration; use rebind_plan_owner()
PLAN p50 -> i50 held: owner lost in legacy migration; use rebind_plan_owner()
PLAN p51 -> i51 held: owner lost in legacy migration; use rebind_plan_owner()
PLAN p52 -> i52 held: owner lost in legacy migration; use rebind_plan_owner()
PLAN p53 -> i53 held: owner lost in legacy migration; use rebind_plan_owner()
PLAN p54 -> i54 held: owner lost in legacy migration; use rebind_plan_owner()
PLAN p55 -> i55 held: owner lost in legacy migration; use rebind_plan_owner()
PLAN p56 -> i56 held: owner lost in legacy migration; use rebind_plan_owner()
PLAN p57 -> i57 held: owner lost in legacy migration; use rebind_plan_owner()
PLAN p58 -> i58 held: owner lost in legacy migration; use rebind_plan_owner()
PLAN p59 -> i59 held: owner lost in legacy migration; use rebind_plan_owner()
PLAN p60 -> i60 held: owner lost in legacy migration; use rebind_plan_owner()
PLAN p61 -> i61 held: owner lost in legacy migration; use rebind_plan_owner()
PLAN p62 -> i62 held: owner lost in legacy migration; use rebind_plan_owner()
PLAN p63 -> i63 held: owner lost in legacy migration; use rebind_plan_owner()
PLAN p64 -> i64 held: owner lost in legacy migration; use rebind_plan_owner()
PLAN p65 -> i65 held: owner lost in legacy migration; use rebind_plan_owner()
PLAN p66 -> i66 held: owner lost in legacy migration; use rebind_plan_owner()
PLAN p67 -> i67 held: owner lost in legacy migration; use rebind_plan_owner()
PLAN p68 -> i68 held: owner lost in legacy migration; use rebind_plan_owner()
PLAN p69 -> i69 held: owner lost in legacy migration; use rebind_plan_owner()
PLAN p70 -> i70 held: owner lost in legacy migration; use rebind_plan_owner()
PLAN p71 -> i71 held: owner lost in legacy migration; use rebind_plan_owner()
PLAN p72 -> i72 held: owner lost in legacy migration; use rebind_plan_owner()
PLAN p73 -> i73 held: owner lost in legacy migration; use rebind_plan_owner()
PLAN p74 -> i74 held: owner lost in legacy migration; use rebind_plan_owner()
PLAN p75 -> i75 held: owner lost in legacy migration; use rebind_plan_owner()
PLAN p76 -> i76 held: owner lost in legacy migration; use rebind_plan_owner()
PLAN p77 -> i77 held: owner lost in legacy migration; use rebind_plan_owner()
PLAN p78 -> i78 held: owner lost in legacy migration; use rebind_plan_owner()
PLAN p79 -> i79 held: owner lost in legacy migration; use rebind_plan_owner()
PLAN p80 -> i80 held: owner lost in legacy migration; use rebind_plan_owner()
PLAN p81 -> i81 held: owner lost in legacy migration; use rebind_plan_owner()
PLAN p82 -> i82 held: owner lost in legacy migration; use rebind_plan_owner()
PLAN p83 -> i83 held: owner lost in legacy migration; use rebind_plan_owner()
PLAN p84 -> i84 held: owner lost in legacy migration; use rebind_plan_owner()
PLAN p85 -> i85 held: owner lost in legacy migration; use rebind_plan_owner()
PLAN p86 -> i86 held: owner lost in legacy migration; use rebind_plan_owner()
PLAN p87 -> i87 held: owner lost in legacy migration; use rebind_plan_owner()
PLAN p88 -> i88 held: owner lost in legacy migration; use rebind_plan_owner()
PLAN p89 -> i89 held: owner lost in legacy migration; use rebind_plan_owner()
PLAN p90 -> i90 held: owner lost in legacy migration; use rebind_plan_owner()
PLAN p91 -> i91 held: owner lost in legacy migration; use rebind_plan_owner()
PLAN p92 -> i92 held: owner lost in legacy migration; use rebind_plan_owner()
PLAN p93 -> i93 held: owner lost in legacy migration; use rebind_plan_owner()
PLAN p94 -> i94 held: owner lost in legacy migration; use rebind_plan_owner()
PLAN p95 -> i95 held: owner lost in legacy migration; use rebind_plan_owner()
PLAN p96 -> i96 held: owner lost in legacy migration; use rebind_plan_owner()
PLAN p97 -> i97 held: owner lost in legacy migration; use rebind_plan_owner()
PLAN p98 -> i98 held: owner lost in legacy migration; use rebind_plan_owner()
PLAN p99 -> i99 held: owner lost in legacy migration; use rebind_plan_owner()
PLAN p100 -> i100 held: owner lost in legacy migration; use rebind_plan_owner()
PLAN p101 -> i101 held: owner lost in legacy migration; use rebind_plan_owner()
PLAN p102 -> i102 held: owner lost in legacy migration; use rebind_plan_owner()
PLAN p103 -> i103 held: owner lost in legacy migration; use rebind_plan_owner()
PLAN p104 -> i104 held: owner lost in legacy migration; use rebind_plan_owner()
PLAN p105 -> i105 held: owner lost in legacy migration; use rebind_plan_owner()
PLAN p106 -> i106 held: owner lost in legacy migration; use rebind_plan_owner()
PLAN p107 -> i107 held: owner lost in legacy migration; use rebind_plan_owner()
PLAN p108 -> i108 held: owner lost in legacy migration; use rebind_plan_owner()
PLAN p109 -> i109 held: owner lost in legacy migration; use rebind_plan_owner()
PLAN p110 -> i110 held: owner lost in legacy migration; use rebind_plan_owner()
PLAN p111 -> i111 held: owner lost in legacy migration; use rebind_plan_owner()
PLAN p112 -> i112 held: owner lost in legacy migration; use rebind_plan_owner()
PLAN p113 -> i113 held: owner lost in legacy migration; use rebind_plan_owner()
PLAN p114 -> i114 held: owner lost in legacy migration; use rebind_plan_owner()
PLAN p115 -> i115 held: owner lost in legacy migration; use rebind_plan_owner()
PLAN p116 -> i116 held: owner lost in legacy migration; use rebind_plan_owner()
PLAN p117 -> i117 held: owner lost in legacy migration; use rebind_plan_owner()
PLAN p118 -> i118 held: owner lost in legacy migration; use rebind_plan_owner()
PLAN p119 -> i119 held: owner lost in legacy migration; use rebind_plan_owner()
PLAN p120 -> i120 held: owner lost in legacy migration; use rebind_plan_owner()
PLAN p121 -> i121 held: owner lost in legacy migration; use rebind_plan_owner()
PLAN p122 -> i122 held: owner lost in legacy migration; use rebind_plan_owner()
PLAN p123 -> i123 held: owner lost in legacy migration; use rebind_plan_owner()
PLAN p124 -> i124 held: owner lost in legacy migration; use rebind_plan_owner()
PLAN p125 -> i125 held: owner lost in legacy migration; use rebind_plan_owner()
PLAN p126 -> i126 held: owner lost in legacy migration; use rebind_plan_owner()
PLAN p127 -> i127 held: owner lost in legacy migration; use rebind_plan_owner()
Operator rebind by review7173 (recorded candidate): plan p0 owner set to incident i0 (candidate=True, held=0, closed=[])
Operator rebind by review7173 (recorded candidate): plan p1 owner set to incident i1 (candidate=True, held=0, closed=[])
Operator rebind by review7173 (recorded candidate): plan p2 owner set to incident i2 (candidate=True, held=0, closed=[])
Operator rebind by review7173 (recorded candidate): plan p3 owner set to incident i3 (candidate=True, held=0, closed=[])
Operator rebind by review7173 (recorded candidate): plan p4 owner set to incident i4 (candidate=True, held=0, closed=[])
Operator rebind by review7173 (recorded candidate): plan p5 owner set to incident i5 (candidate=True, held=0, closed=[])
Operator rebind by review7173 (recorded candidate): plan p6 owner set to incident i6 (candidate=True, held=0, closed=[])
Operator rebind by review7173 (recorded candidate): plan p7 owner set to incident i7 (candidate=True, held=0, closed=[])
Operator rebind by review7173 (recorded candidate): plan p8 owner set to incident i8 (candidate=True, held=0, closed=[])
Operator rebind by review7173 (recorded candidate): plan p9 owner set to incident i9 (candidate=True, held=0, closed=[])
Operator rebind by review7173 (recorded candidate): plan p10 owner set to incident i10 (candidate=True, held=0, closed=[])
Operator rebind by review7173 (recorded candidate): plan p11 owner set to incident i11 (candidate=True, held=0, closed=[])
Operator rebind by review7173 (recorded candidate): plan p12 owner set to incident i12 (candidate=True, held=0, closed=[])
Operator rebind by review7173 (recorded candidate): plan p13 owner set to incident i13 (candidate=True, held=0, closed=[])
Operator rebind by review7173 (recorded candidate): plan p14 owner set to incident i14 (candidate=True, held=0, closed=[])
Operator rebind by review7173 (recorded candidate): plan p15 owner set to incident i15 (candidate=True, held=0, closed=[])
Operator rebind by review7173 (recorded candidate): plan p16 owner set to incident i16 (candidate=True, held=0, closed=[])
Operator rebind by review7173 (recorded candidate): plan p17 owner set to incident i17 (candidate=True, held=0, closed=[])
Operator rebind by review7173 (recorded candidate): plan p18 owner set to incident i18 (candidate=True, held=0, closed=[])
Operator rebind by review7173 (recorded candidate): plan p19 owner set to incident i19 (candidate=True, held=0, closed=[])
Operator rebind by review7173 (recorded candidate): plan p20 owner set to incident i20 (candidate=True, held=0, closed=[])
Operator rebind by review7173 (recorded candidate): plan p21 owner set to incident i21 (candidate=True, held=0, closed=[])
Operator rebind by review7173 (recorded candidate): plan p22 owner set to incident i22 (candidate=True, held=0, closed=[])
Operator rebind by review7173 (recorded candidate): plan p23 owner set to incident i23 (candidate=True, held=0, closed=[])
Operator rebind by review7173 (recorded candidate): plan p24 owner set to incident i24 (candidate=True, held=0, closed=[])
Operator rebind by review7173 (recorded candidate): plan p25 owner set to incident i25 (candidate=True, held=0, closed=[])
Operator rebind by review7173 (recorded candidate): plan p26 owner set to incident i26 (candidate=True, held=0, closed=[])
Operator rebind by review7173 (recorded candidate): plan p27 owner set to incident i27 (candidate=True, held=0, closed=[])
Operator rebind by review7173 (recorded candidate): plan p28 owner set to incident i28 (candidate=True, held=0, closed=[])
Operator rebind by review7173 (recorded candidate): plan p29 owner set to incident i29 (candidate=True, held=0, closed=[])
Operator rebind by review7173 (recorded candidate): plan p30 owner set to incident i30 (candidate=True, held=0, closed=[])
Operator rebind by review7173 (recorded candidate): plan p31 owner set to incident i31 (candidate=True, held=0, closed=[])
Operator rebind by review7173 (recorded candidate): plan p32 owner set to incident i32 (candidate=True, held=0, closed=[])
Operator rebind by review7173 (recorded candidate): plan p33 owner set to incident i33 (candidate=True, held=0, closed=[])
Operator rebind by review7173 (recorded candidate): plan p34 owner set to incident i34 (candidate=True, held=0, closed=[])
Operator rebind by review7173 (recorded candidate): plan p35 owner set to incident i35 (candidate=True, held=0, closed=[])
Operator rebind by review7173 (recorded candidate): plan p36 owner set to incident i36 (candidate=True, held=0, closed=[])
Operator rebind by review7173 (recorded candidate): plan p37 owner set to incident i37 (candidate=True, held=0, closed=[])
Operator rebind by review7173 (recorded candidate): plan p38 owner set to incident i38 (candidate=True, held=0, closed=[])
Operator rebind by review7173 (recorded candidate): plan p39 owner set to incident i39 (candidate=True, held=0, closed=[])
Operator rebind by review7173 (recorded candidate): plan p40 owner set to incident i40 (candidate=True, held=0, closed=[])
Operator rebind by review7173 (recorded candidate): plan p41 owner set to incident i41 (candidate=True, held=0, closed=[])
Operator rebind by review7173 (recorded candidate): plan p42 owner set to incident i42 (candidate=True, held=0, closed=[])
Operator rebind by review7173 (recorded candidate): plan p43 owner set to incident i43 (candidate=True, held=0, closed=[])
Operator rebind by review7173 (recorded candidate): plan p44 owner set to incident i44 (candidate=True, held=0, closed=[])
Operator rebind by review7173 (recorded candidate): plan p45 owner set to incident i45 (candidate=True, held=0, closed=[])
Operator rebind by review7173 (recorded candidate): plan p46 owner set to incident i46 (candidate=True, held=0, closed=[])
Operator rebind by review7173 (recorded candidate): plan p47 owner set to incident i47 (candidate=True, held=0, closed=[])
Operator rebind by review7173 (recorded candidate): plan p48 owner set to incident i48 (candidate=True, held=0, closed=[])
Operator rebind by review7173 (recorded candidate): plan p49 owner set to incident i49 (candidate=True, held=0, closed=[])
Operator rebind by review7173 (recorded candidate): plan p50 owner set to incident i50 (candidate=True, held=0, closed=[])
Operator rebind by review7173 (recorded candidate): plan p51 owner set to incident i51 (candidate=True, held=0, closed=[])
Operator rebind by review7173 (recorded candidate): plan p52 owner set to incident i52 (candidate=True, held=0, closed=[])
Operator rebind by review7173 (recorded candidate): plan p53 owner set to incident i53 (candidate=True, held=0, closed=[])
Operator rebind by review7173 (recorded candidate): plan p54 owner set to incident i54 (candidate=True, held=0, closed=[])
Operator rebind by review7173 (recorded candidate): plan p55 owner set to incident i55 (candidate=True, held=0, closed=[])
Operator rebind by review7173 (recorded candidate): plan p56 owner set to incident i56 (candidate=True, held=0, closed=[])
Operator rebind by review7173 (recorded candidate): plan p57 owner set to incident i57 (candidate=True, held=0, closed=[])
Operator rebind by review7173 (recorded candidate): plan p58 owner set to incident i58 (candidate=True, held=0, closed=[])
Operator rebind by review7173 (recorded candidate): plan p59 owner set to incident i59 (candidate=True, held=0, closed=[])
Operator rebind by review7173 (recorded candidate): plan p60 owner set to incident i60 (candidate=True, held=0, closed=[])
Operator rebind by review7173 (recorded candidate): plan p61 owner set to incident i61 (candidate=True, held=0, closed=[])
Operator rebind by review7173 (recorded candidate): plan p62 owner set to incident i62 (candidate=True, held=0, closed=[])
Operator rebind by review7173 (recorded candidate): plan p63 owner set to incident i63 (candidate=True, held=0, closed=[])
Operator rebind by review7173 (recorded candidate): plan p64 owner set to incident i64 (candidate=True, held=0, closed=[])
Operator rebind by review7173 (recorded candidate): plan p65 owner set to incident i65 (candidate=True, held=0, closed=[])
Operator rebind by review7173 (recorded candidate): plan p66 owner set to incident i66 (candidate=True, held=0, closed=[])
Operator rebind by review7173 (recorded candidate): plan p67 owner set to incident i67 (candidate=True, held=0, closed=[])
Operator rebind by review7173 (recorded candidate): plan p68 owner set to incident i68 (candidate=True, held=0, closed=[])
Operator rebind by review7173 (recorded candidate): plan p69 owner set to incident i69 (candidate=True, held=0, closed=[])
Operator rebind by review7173 (recorded candidate): plan p70 owner set to incident i70 (candidate=True, held=0, closed=[])
Operator rebind by review7173 (recorded candidate): plan p71 owner set to incident i71 (candidate=True, held=0, closed=[])
Operator rebind by review7173 (recorded candidate): plan p72 owner set to incident i72 (candidate=True, held=0, closed=[])
Operator rebind by review7173 (recorded candidate): plan p73 owner set to incident i73 (candidate=True, held=0, closed=[])
Operator rebind by review7173 (recorded candidate): plan p74 owner set to incident i74 (candidate=True, held=0, closed=[])
Operator rebind by review7173 (recorded candidate): plan p75 owner set to incident i75 (candidate=True, held=0, closed=[])
Operator rebind by review7173 (recorded candidate): plan p76 owner set to incident i76 (candidate=True, held=0, closed=[])
Operator rebind by review7173 (recorded candidate): plan p77 owner set to incident i77 (candidate=True, held=0, closed=[])
Operator rebind by review7173 (recorded candidate): plan p78 owner set to incident i78 (candidate=True, held=0, closed=[])
Operator rebind by review7173 (recorded candidate): plan p79 owner set to incident i79 (candidate=True, held=0, closed=[])
Operator rebind by review7173 (recorded candidate): plan p80 owner set to incident i80 (candidate=True, held=0, closed=[])
Operator rebind by review7173 (recorded candidate): plan p81 owner set to incident i81 (candidate=True, held=0, closed=[])
Operator rebind by review7173 (recorded candidate): plan p82 owner set to incident i82 (candidate=True, held=0, closed=[])
Operator rebind by review7173 (recorded candidate): plan p83 owner set to incident i83 (candidate=True, held=0, closed=[])
Operator rebind by review7173 (recorded candidate): plan p84 owner set to incident i84 (candidate=True, held=0, closed=[])
Operator rebind by review7173 (recorded candidate): plan p85 owner set to incident i85 (candidate=True, held=0, closed=[])
Operator rebind by review7173 (recorded candidate): plan p86 owner set to incident i86 (candidate=True, held=0, closed=[])
Operator rebind by review7173 (recorded candidate): plan p87 owner set to incident i87 (candidate=True, held=0, closed=[])
Operator rebind by review7173 (recorded candidate): plan p88 owner set to incident i88 (candidate=True, held=0, closed=[])
Operator rebind by review7173 (recorded candidate): plan p89 owner set to incident i89 (candidate=True, held=0, closed=[])
Operator rebind by review7173 (recorded candidate): plan p90 owner set to incident i90 (candidate=True, held=0, closed=[])
Operator rebind by review7173 (recorded candidate): plan p91 owner set to incident i91 (candidate=True, held=0, closed=[])
Operator rebind by review7173 (recorded candidate): plan p92 owner set to incident i92 (candidate=True, held=0, closed=[])
Operator rebind by review7173 (recorded candidate): plan p93 owner set to incident i93 (candidate=True, held=0, closed=[])
Operator rebind by review7173 (recorded candidate): plan p94 owner set to incident i94 (candidate=True, held=0, closed=[])
Operator rebind by review7173 (recorded candidate): plan p95 owner set to incident i95 (candidate=True, held=0, closed=[])
Operator rebind by review7173 (recorded candidate): plan p96 owner set to incident i96 (candidate=True, held=0, closed=[])
Operator rebind by review7173 (recorded candidate): plan p97 owner set to incident i97 (candidate=True, held=0, closed=[])
Operator rebind by review7173 (recorded candidate): plan p98 owner set to incident i98 (candidate=True, held=0, closed=[])
Operator rebind by review7173 (recorded candidate): plan p99 owner set to incident i99 (candidate=True, held=0, closed=[])
Operator rebind by review7173 (recorded candidate): plan p100 owner set to incident i100 (candidate=True, held=0, closed=[])
Operator rebind by review7173 (recorded candidate): plan p101 owner set to incident i101 (candidate=True, held=0, closed=[])
Operator rebind by review7173 (recorded candidate): plan p102 owner set to incident i102 (candidate=True, held=0, closed=[])
Operator rebind by review7173 (recorded candidate): plan p103 owner set to incident i103 (candidate=True, held=0, closed=[])
Operator rebind by review7173 (recorded candidate): plan p104 owner set to incident i104 (candidate=True, held=0, closed=[])
Operator rebind by review7173 (recorded candidate): plan p105 owner set to incident i105 (candidate=True, held=0, closed=[])
Operator rebind by review7173 (recorded candidate): plan p106 owner set to incident i106 (candidate=True, held=0, closed=[])
Operator rebind by review7173 (recorded candidate): plan p107 owner set to incident i107 (candidate=True, held=0, closed=[])
Operator rebind by review7173 (recorded candidate): plan p108 owner set to incident i108 (candidate=True, held=0, closed=[])
Operator rebind by review7173 (recorded candidate): plan p109 owner set to incident i109 (candidate=True, held=0, closed=[])
Operator rebind by review7173 (recorded candidate): plan p110 owner set to incident i110 (candidate=True, held=0, closed=[])
Operator rebind by review7173 (recorded candidate): plan p111 owner set to incident i111 (candidate=True, held=0, closed=[])
Operator rebind by review7173 (recorded candidate): plan p112 owner set to incident i112 (candidate=True, held=0, closed=[])
Operator rebind by review7173 (recorded candidate): plan p113 owner set to incident i113 (candidate=True, held=0, closed=[])
Operator rebind by review7173 (recorded candidate): plan p114 owner set to incident i114 (candidate=True, held=0, closed=[])
Operator rebind by review7173 (recorded candidate): plan p115 owner set to incident i115 (candidate=True, held=0, closed=[])
Operator rebind by review7173 (recorded candidate): plan p116 owner set to incident i116 (candidate=True, held=0, closed=[])
Operator rebind by review7173 (recorded candidate): plan p117 owner set to incident i117 (candidate=True, held=0, closed=[])
Operator rebind by review7173 (recorded candidate): plan p118 owner set to incident i118 (candidate=True, held=0, closed=[])
Operator rebind by review7173 (recorded candidate): plan p119 owner set to incident i119 (candidate=True, held=0, closed=[])
Operator rebind by review7173 (recorded candidate): plan p120 owner set to incident i120 (candidate=True, held=0, closed=[])
Operator rebind by review7173 (recorded candidate): plan p121 owner set to incident i121 (candidate=True, held=0, closed=[])
Operator rebind by review7173 (recorded candidate): plan p122 owner set to incident i122 (candidate=True, held=0, closed=[])
Operator rebind by review7173 (recorded candidate): plan p123 owner set to incident i123 (candidate=True, held=0, closed=[])
Operator rebind by review7173 (recorded candidate): plan p124 owner set to incident i124 (candidate=True, held=0, closed=[])
Operator rebind by review7173 (recorded candidate): plan p125 owner set to incident i125 (candidate=True, held=0, closed=[])
Operator rebind by review7173 (recorded candidate): plan p126 owner set to incident i126 (candidate=True, held=0, closed=[])
Operator rebind by review7173 (recorded candidate): plan p127 owner set to incident i127 (candidate=True, held=0, closed=[])
Rejecting contradictory receipt bad (incident other linked to plan ; plan p owned by i)
Rejecting PLAN p -> other: plan is owned by incident i
Rejecting PLAN p -> other from a: plan is owned by incident i
