{
  "late_all_replay": {
    "counts": [
      1,
      1,
      1,
      1,
      0,
      0,
      0,
      0
    ],
    "local_hive_agree": true,
    "resolve_transitions": 1,
    "local_seen": 2,
    "hive_seen": 2
  },
  "early_then_plan": {
    "counts": [
      1,
      1,
      1,
      0
    ],
    "local_hive_agree": true,
    "resolve_transitions": 1,
    "local_seen": 2,
    "hive_seen": 2
  },
  "duplicates": {
    "counts": [
      1,
      1,
      1,
      1,
      0
    ],
    "local_hive_agree": true,
    "resolve_transitions": 1,
    "local_seen": 3,
    "hive_seen": 3
  },
  "invalid": {
    "counts": [
      1,
      1,
      1,
      1,
      1,
      1,
      1,
      1,
      1,
      1,
      0
    ],
    "local_hive_agree": true,
    "resolve_transitions": 1,
    "local_seen": 9,
    "hive_seen": 9
  },
  "retry": {
    "counts": [
      1,
      1,
      1,
      1,
      0,
      0
    ],
    "local_hive_agree": true,
    "resolve_transitions": 1,
    "local_seen": 3,
    "hive_seen": 3
  },
  "pending_snapshot": {
    "counts": [
      1,
      1,
      1,
      0,
      0
    ],
    "local_hive_agree": true,
    "resolve_transitions": 1,
    "local_seen": 2,
    "hive_seen": 2
  },
  "progress_snapshot": {
    "counts": [
      1,
      1,
      1,
      1,
      0
    ],
    "local_hive_agree": true,
    "resolve_transitions": 1,
    "local_seen": 3,
    "hive_seen": 3
  },
  "legacy_snapshot": "boolean evidence discarded; fresh distinct steps required",
  "public_repair_failure_False": {
    "verified": [
      true,
      true
    ],
    "calls": [
      0,
      1
    ],
    "local_open": 0,
    "hive_open": 0,
    "health": "healthy",
    "outcome": "resolved"
  },
  "public_repair_failure_True": {
    "verified": [
      true,
      false
    ],
    "calls": [
      0,
      1
    ],
    "local_open": 1,
    "hive_open": 1,
    "health": "failed",
    "outcome": "rolled_back"
  },
  "production_paths_custom_False": {
    "root_matches": true,
    "rejected": [
      0,
      0,
      0,
      0,
      0,
      0
    ],
    "canonical": "/home/openclaw/research-agent/projects/hive-appliance/experiments/20260928-astra-7173/relocation-smoke/tmp/tmpi3x5x3uz/False/attachments/x",
    "download_results": [
      {
        "id": "att_5a5ca52715e4c2df",
        "success": true,
        "path": "/home/openclaw/research-agent/projects/hive-appliance/experiments/20260928-astra-7173/relocation-smoke/tmp/tmpi3x5x3uz/False/attachments/tg/r/2026-09-29/att_5a5ca52715e4c2df.5e5c924459854383be19ee6ace72334e.bin"
      },
      {
        "id": "att_9954bf54a9e8124c",
        "success": true,
        "path": "/home/openclaw/research-agent/projects/hive-appliance/experiments/20260928-astra-7173/relocation-smoke/tmp/tmpi3x5x3uz/False/attachments/tg/r/2026-09-29/att_9954bf54a9e8124c.3d89a95884ec4af4a27bafd2171dc2f8.bin"
      }
    ],
    "outside_untouched": true
  },
  "production_paths_custom_True": {
    "root_matches": true,
    "rejected": [
      0,
      0,
      0,
      0,
      0,
      0
    ],
    "canonical": "/home/openclaw/research-agent/projects/hive-appliance/experiments/20260928-astra-7173/relocation-smoke/tmp/tmpi3x5x3uz/True/custom/x",
    "download_results": [
      {
        "id": "att_5a5ca52715e4c2df",
        "success": true,
        "path": "/home/openclaw/research-agent/projects/hive-appliance/experiments/20260928-astra-7173/relocation-smoke/tmp/tmpi3x5x3uz/True/custom/tg/r/2026-09-29/att_5a5ca52715e4c2df.a97cc7571cf247eb868eedcfceddeda0.bin"
      },
      {
        "id": "att_9954bf54a9e8124c",
        "success": true,
        "path": "/home/openclaw/research-agent/projects/hive-appliance/experiments/20260928-astra-7173/relocation-smoke/tmp/tmpi3x5x3uz/True/custom/tg/r/2026-09-29/att_9954bf54a9e8124c.e2404de7fac44da7b94bc54b2a8646bf.bin"
      }
    ],
    "outside_untouched": true
  }
}
