{
  "late_all_replay": {
    "counts": [
      1,
      1,
      1,
      1,
      0,
      0,
      0,
      0
    ],
    "local_hive_agree": true,
    "resolve_transitions": 1,
    "local_seen": 2,
    "hive_seen": 2
  },
  "early_then_plan": {
    "counts": [
      1,
      1,
      1,
      0
    ],
    "local_hive_agree": true,
    "resolve_transitions": 1,
    "local_seen": 2,
    "hive_seen": 2
  },
  "duplicates": {
    "counts": [
      1,
      1,
      1,
      1,
      0
    ],
    "local_hive_agree": true,
    "resolve_transitions": 1,
    "local_seen": 3,
    "hive_seen": 3
  },
  "invalid": {
    "counts": [
      1,
      1,
      1,
      1,
      1,
      1,
      1,
      1,
      1,
      1,
      0
    ],
    "local_hive_agree": true,
    "resolve_transitions": 1,
    "local_seen": 9,
    "hive_seen": 9
  },
  "retry": {
    "counts": [
      1,
      1,
      1,
      1,
      0,
      0
    ],
    "local_hive_agree": true,
    "resolve_transitions": 1,
    "local_seen": 3,
    "hive_seen": 3
  },
  "pending_snapshot": {
    "counts": [
      1,
      1,
      1,
      0,
      0
    ],
    "local_hive_agree": true,
    "resolve_transitions": 1,
    "local_seen": 2,
    "hive_seen": 2
  },
  "progress_snapshot": {
    "counts": [
      1,
      1,
      1,
      1,
      0
    ],
    "local_hive_agree": true,
    "resolve_transitions": 1,
    "local_seen": 3,
    "hive_seen": 3
  },
  "legacy_snapshot": "boolean evidence discarded; fresh distinct steps required",
  "public_repair_failure_False": {
    "verified": [
      true,
      true
    ],
    "calls": [
      0,
      1
    ],
    "local_open": 0,
    "hive_open": 0,
    "health": "healthy",
    "outcome": "resolved"
  },
  "public_repair_failure_True": {
    "verified": [
      true,
      false
    ],
    "calls": [
      0,
      1
    ],
    "local_open": 1,
    "hive_open": 1,
    "health": "failed",
    "outcome": "rolled_back"
  },
  "production_paths_custom_False": {
    "root_matches": true,
    "rejected": [
      0,
      0,
      0,
      0,
      0,
      0
    ],
    "canonical": "/home/openclaw/research-agent/projects/hive-appliance/experiments/20260928-astra-7195/relocation-smoke/tmp/tmp4ut1s683/False/attachments/x",
    "download_results": [
      {
        "id": "att_5a5ca52715e4c2df",
        "success": true,
        "path": "/home/openclaw/research-agent/projects/hive-appliance/experiments/20260928-astra-7195/relocation-smoke/tmp/tmp4ut1s683/False/attachments/tg/r/2026-09-29/att_5a5ca52715e4c2df.09dbf278ae7341d4a851692bb9ca0c7f.bin"
      },
      {
        "id": "att_9954bf54a9e8124c",
        "success": true,
        "path": "/home/openclaw/research-agent/projects/hive-appliance/experiments/20260928-astra-7195/relocation-smoke/tmp/tmp4ut1s683/False/attachments/tg/r/2026-09-29/att_9954bf54a9e8124c.395809c8b46544f1a3b358f9861826be.bin"
      }
    ],
    "outside_untouched": true
  },
  "production_paths_custom_True": {
    "root_matches": true,
    "rejected": [
      0,
      0,
      0,
      0,
      0,
      0
    ],
    "canonical": "/home/openclaw/research-agent/projects/hive-appliance/experiments/20260928-astra-7195/relocation-smoke/tmp/tmp4ut1s683/True/custom/x",
    "download_results": [
      {
        "id": "att_5a5ca52715e4c2df",
        "success": true,
        "path": "/home/openclaw/research-agent/projects/hive-appliance/experiments/20260928-astra-7195/relocation-smoke/tmp/tmp4ut1s683/True/custom/tg/r/2026-09-29/att_5a5ca52715e4c2df.542f893e9a034229af9649c7824b4f1a.bin"
      },
      {
        "id": "att_9954bf54a9e8124c",
        "success": true,
        "path": "/home/openclaw/research-agent/projects/hive-appliance/experiments/20260928-astra-7195/relocation-smoke/tmp/tmp4ut1s683/True/custom/tg/r/2026-09-29/att_9954bf54a9e8124c.e30d3ea5621c494ba9e42c1a59bff89e.bin"
      }
    ],
    "outside_untouched": true
  }
}
