Legacy snapshot without plan owners: plans ['p0', 'p1', 'p10', 'p100', 'p101', 'p102', 'p103', 'p104', 'p105', 'p106', 'p107', 'p108', 'p109', 'p11', 'p110', 'p111', 'p112', 'p113', 'p114', 'p115', 'p116', 'p117', 'p118', 'p119', 'p12', 'p120', 'p121', 'p122', 'p123', 'p124', 'p125', 'p126', 'p127', 'p128', 'p129', 'p13', 'p130', 'p131', 'p132', 'p133', 'p134', 'p135', 'p136', 'p137', 'p138', 'p139', 'p14', 'p140', 'p141', 'p142', 'p143', 'p144', 'p145', 'p146', 'p147', 'p148', 'p149', 'p15', 'p150', 'p151', 'p152', 'p153', 'p154', 'p155', 'p156', 'p157', 'p158', 'p159', 'p16', 'p160', 'p161', 'p162', 'p163', 'p164', 'p165', 'p166', 'p167', 'p168', 'p169', 'p17', 'p170', 'p171', 'p172', 'p173', 'p174', 'p175', 'p176', 'p177', 'p178', 'p179', 'p18', 'p180', 'p181', 'p182', 'p183', 'p184', 'p185', 'p186', 'p187', 'p188', 'p189', 'p19', 'p190', 'p191', 'p192', 'p193', 'p194', 'p195', 'p196', 'p197', 'p198', 'p199', 'p2', 'p20', 'p200', 'p201', 'p202', 'p203', 'p204', 'p205', 'p206', 'p207', 'p208', 'p209', 'p21', 'p210', 'p211', 'p212', 'p213', 'p214', 'p215', 'p216', 'p217', 'p218', 'p219', 'p22', 'p220', 'p221', 'p222', 'p223', 'p224', 'p225', 'p226', 'p227', 'p228', 'p229', 'p23', 'p230', 'p231', 'p232', 'p233', 'p234', 'p235', 'p236', 'p237', 'p238', 'p239', 'p24', 'p240', 'p241', 'p242', 'p243', 'p244', 'p245', 'p246', 'p247', 'p248', 'p249', 'p25', 'p250', 'p251', 'p252', 'p253', 'p254', 'p255', 'p256', 'p257', 'p258', 'p259', 'p26', 'p260', 'p261', 'p262', 'p263', 'p264', 'p265', 'p266', 'p267', 'p268', 'p269', 'p27', 'p270', 'p271', 'p272', 'p273', 'p274', 'p275', 'p276', 'p277', 'p278', 'p279', 'p28', 'p280', 'p281', 'p282', 'p283', 'p284', 'p285', 'p286', 'p287', 'p288', 'p289', 'p29', 'p290', 'p291', 'p292', 'p293', 'p294', 'p295', 'p296', 'p297', 'p298', 'p299', 'p3', 'p30', 'p31', 'p32', 'p33', 'p34', 'p35', 'p36', 'p37', 'p38', 'p39', 'p4', 'p40', 'p41', 'p42', 'p43', 'p44', 'p45', 'p46', 'p47', 'p48', 'p49', 'p5', 'p50', 'p51', 'p52', 'p53', 'p54', 'p55', 'p56', 'p57', 'p58', 'p59', 'p6', 'p60', 'p61', 'p62', 'p63', 'p64', 'p65', 'p66', 'p67', 'p68', 'p69', 'p7', 'p70', 'p71', 'p72', 'p73', 'p74', 'p75', 'p76', 'p77', 'p78', 'p79', 'p8', 'p80', 'p81', 'p82', 'p83', 'p84', 'p85', 'p86', 'p87', 'p88', 'p89', 'p9', 'p90', 'p91', 'p92', 'p93', 'p94', 'p95', 'p96', 'p97', 'p98', 'p99'] quarantined (0 verified step(s) discarded) until a PLAN re-establishes the owner
PLAN p0 -> i0 held: owner lost in legacy migration; use rebind_plan_owner()
PLAN p1 -> i1 held: owner lost in legacy migration; use rebind_plan_owner()
PLAN p2 -> i2 held: owner lost in legacy migration; use rebind_plan_owner()
PLAN p3 -> i3 held: owner lost in legacy migration; use rebind_plan_owner()
PLAN p4 -> i4 held: owner lost in legacy migration; use rebind_plan_owner()
PLAN p5 -> i5 held: owner lost in legacy migration; use rebind_plan_owner()
PLAN p6 -> i6 held: owner lost in legacy migration; use rebind_plan_owner()
PLAN p7 -> i7 held: owner lost in legacy migration; use rebind_plan_owner()
PLAN p8 -> i8 held: owner lost in legacy migration; use rebind_plan_owner()
PLAN p9 -> i9 held: owner lost in legacy migration; use rebind_plan_owner()
PLAN p10 -> i10 held: owner lost in legacy migration; use rebind_plan_owner()
PLAN p11 -> i11 held: owner lost in legacy migration; use rebind_plan_owner()
PLAN p12 -> i12 held: owner lost in legacy migration; use rebind_plan_owner()
PLAN p13 -> i13 held: owner lost in legacy migration; use rebind_plan_owner()
PLAN p14 -> i14 held: owner lost in legacy migration; use rebind_plan_owner()
PLAN p15 -> i15 held: owner lost in legacy migration; use rebind_plan_owner()
PLAN p16 -> i16 held: owner lost in legacy migration; use rebind_plan_owner()
PLAN p17 -> i17 held: owner lost in legacy migration; use rebind_plan_owner()
PLAN p18 -> i18 held: owner lost in legacy migration; use rebind_plan_owner()
PLAN p19 -> i19 held: owner lost in legacy migration; use rebind_plan_owner()
PLAN p20 -> i20 held: owner lost in legacy migration; use rebind_plan_owner()
PLAN p21 -> i21 held: owner lost in legacy migration; use rebind_plan_owner()
PLAN p22 -> i22 held: owner lost in legacy migration; use rebind_plan_owner()
PLAN p23 -> i23 held: owner lost in legacy migration; use rebind_plan_owner()
PLAN p24 -> i24 held: owner lost in legacy migration; use rebind_plan_owner()
PLAN p25 -> i25 held: owner lost in legacy migration; use rebind_plan_owner()
PLAN p26 -> i26 held: owner lost in legacy migration; use rebind_plan_owner()
PLAN p27 -> i27 held: owner lost in legacy migration; use rebind_plan_owner()
PLAN p28 -> i28 held: owner lost in legacy migration; use rebind_plan_owner()
PLAN p29 -> i29 held: owner lost in legacy migration; use rebind_plan_owner()
PLAN p30 -> i30 held: owner lost in legacy migration; use rebind_plan_owner()
PLAN p31 -> i31 held: owner lost in legacy migration; use rebind_plan_owner()
PLAN p32 -> i32 held: owner lost in legacy migration; use rebind_plan_owner()
PLAN p33 -> i33 held: owner lost in legacy migration; use rebind_plan_owner()
PLAN p34 -> i34 held: owner lost in legacy migration; use rebind_plan_owner()
PLAN p35 -> i35 held: owner lost in legacy migration; use rebind_plan_owner()
PLAN p36 -> i36 held: owner lost in legacy migration; use rebind_plan_owner()
PLAN p37 -> i37 held: owner lost in legacy migration; use rebind_plan_owner()
PLAN p38 -> i38 held: owner lost in legacy migration; use rebind_plan_owner()
PLAN p39 -> i39 held: owner lost in legacy migration; use rebind_plan_owner()
PLAN p40 -> i40 held: owner lost in legacy migration; use rebind_plan_owner()
PLAN p41 -> i41 held: owner lost in legacy migration; use rebind_plan_owner()
PLAN p42 -> i42 held: owner lost in legacy migration; use rebind_plan_owner()
PLAN p43 -> i43 held: owner lost in legacy migration; use rebind_plan_owner()
PLAN p44 -> i44 held: owner lost in legacy migration; use rebind_plan_owner()
PLAN p45 -> i45 held: owner lost in legacy migration; use rebind_plan_owner()
PLAN p46 -> i46 held: owner lost in legacy migration; use rebind_plan_owner()
PLAN p47 -> i47 held: owner lost in legacy migration; use rebind_plan_owner()
PLAN p48 -> i48 held: owner lost in legacy migration; use rebind_plan_owner()
PLAN p49 -> i49 held: owner lost in legacy migration; use rebind_plan_owner()
PLAN p50 -> i50 held: owner lost in legacy migration; use rebind_plan_owner()
PLAN p51 -> i51 held: owner lost in legacy migration; use rebind_plan_owner()
PLAN p52 -> i52 held: owner lost in legacy migration; use rebind_plan_owner()
PLAN p53 -> i53 held: owner lost in legacy migration; use rebind_plan_owner()
PLAN p54 -> i54 held: owner lost in legacy migration; use rebind_plan_owner()
PLAN p55 -> i55 held: owner lost in legacy migration; use rebind_plan_owner()
PLAN p56 -> i56 held: owner lost in legacy migration; use rebind_plan_owner()
PLAN p57 -> i57 held: owner lost in legacy migration; use rebind_plan_owner()
PLAN p58 -> i58 held: owner lost in legacy migration; use rebind_plan_owner()
PLAN p59 -> i59 held: owner lost in legacy migration; use rebind_plan_owner()
PLAN p60 -> i60 held: owner lost in legacy migration; use rebind_plan_owner()
PLAN p61 -> i61 held: owner lost in legacy migration; use rebind_plan_owner()
PLAN p62 -> i62 held: owner lost in legacy migration; use rebind_plan_owner()
PLAN p63 -> i63 held: owner lost in legacy migration; use rebind_plan_owner()
PLAN p64 -> i64 held: owner lost in legacy migration; use rebind_plan_owner()
PLAN p65 -> i65 held: owner lost in legacy migration; use rebind_plan_owner()
PLAN p66 -> i66 held: owner lost in legacy migration; use rebind_plan_owner()
PLAN p67 -> i67 held: owner lost in legacy migration; use rebind_plan_owner()
PLAN p68 -> i68 held: owner lost in legacy migration; use rebind_plan_owner()
PLAN p69 -> i69 held: owner lost in legacy migration; use rebind_plan_owner()
PLAN p70 -> i70 held: owner lost in legacy migration; use rebind_plan_owner()
PLAN p71 -> i71 held: owner lost in legacy migration; use rebind_plan_owner()
PLAN p72 -> i72 held: owner lost in legacy migration; use rebind_plan_owner()
PLAN p73 -> i73 held: owner lost in legacy migration; use rebind_plan_owner()
PLAN p74 -> i74 held: owner lost in legacy migration; use rebind_plan_owner()
PLAN p75 -> i75 held: owner lost in legacy migration; use rebind_plan_owner()
PLAN p76 -> i76 held: owner lost in legacy migration; use rebind_plan_owner()
PLAN p77 -> i77 held: owner lost in legacy migration; use rebind_plan_owner()
PLAN p78 -> i78 held: owner lost in legacy migration; use rebind_plan_owner()
PLAN p79 -> i79 held: owner lost in legacy migration; use rebind_plan_owner()
PLAN p80 -> i80 held: owner lost in legacy migration; use rebind_plan_owner()
PLAN p81 -> i81 held: owner lost in legacy migration; use rebind_plan_owner()
PLAN p82 -> i82 held: owner lost in legacy migration; use rebind_plan_owner()
PLAN p83 -> i83 held: owner lost in legacy migration; use rebind_plan_owner()
PLAN p84 -> i84 held: owner lost in legacy migration; use rebind_plan_owner()
PLAN p85 -> i85 held: owner lost in legacy migration; use rebind_plan_owner()
PLAN p86 -> i86 held: owner lost in legacy migration; use rebind_plan_owner()
PLAN p87 -> i87 held: owner lost in legacy migration; use rebind_plan_owner()
PLAN p88 -> i88 held: owner lost in legacy migration; use rebind_plan_owner()
PLAN p89 -> i89 held: owner lost in legacy migration; use rebind_plan_owner()
PLAN p90 -> i90 held: owner lost in legacy migration; use rebind_plan_owner()
PLAN p91 -> i91 held: owner lost in legacy migration; use rebind_plan_owner()
PLAN p92 -> i92 held: owner lost in legacy migration; use rebind_plan_owner()
PLAN p93 -> i93 held: owner lost in legacy migration; use rebind_plan_owner()
PLAN p94 -> i94 held: owner lost in legacy migration; use rebind_plan_owner()
PLAN p95 -> i95 held: owner lost in legacy migration; use rebind_plan_owner()
PLAN p96 -> i96 held: owner lost in legacy migration; use rebind_plan_owner()
PLAN p97 -> i97 held: owner lost in legacy migration; use rebind_plan_owner()
PLAN p98 -> i98 held: owner lost in legacy migration; use rebind_plan_owner()
PLAN p99 -> i99 held: owner lost in legacy migration; use rebind_plan_owner()
PLAN p100 -> i100 held: owner lost in legacy migration; use rebind_plan_owner()
PLAN p101 -> i101 held: owner lost in legacy migration; use rebind_plan_owner()
PLAN p102 -> i102 held: owner lost in legacy migration; use rebind_plan_owner()
PLAN p103 -> i103 held: owner lost in legacy migration; use rebind_plan_owner()
PLAN p104 -> i104 held: owner lost in legacy migration; use rebind_plan_owner()
PLAN p105 -> i105 held: owner lost in legacy migration; use rebind_plan_owner()
PLAN p106 -> i106 held: owner lost in legacy migration; use rebind_plan_owner()
PLAN p107 -> i107 held: owner lost in legacy migration; use rebind_plan_owner()
PLAN p108 -> i108 held: owner lost in legacy migration; use rebind_plan_owner()
PLAN p109 -> i109 held: owner lost in legacy migration; use rebind_plan_owner()
PLAN p110 -> i110 held: owner lost in legacy migration; use rebind_plan_owner()
PLAN p111 -> i111 held: owner lost in legacy migration; use rebind_plan_owner()
PLAN p112 -> i112 held: owner lost in legacy migration; use rebind_plan_owner()
PLAN p113 -> i113 held: owner lost in legacy migration; use rebind_plan_owner()
PLAN p114 -> i114 held: owner lost in legacy migration; use rebind_plan_owner()
PLAN p115 -> i115 held: owner lost in legacy migration; use rebind_plan_owner()
PLAN p116 -> i116 held: owner lost in legacy migration; use rebind_plan_owner()
PLAN p117 -> i117 held: owner lost in legacy migration; use rebind_plan_owner()
PLAN p118 -> i118 held: owner lost in legacy migration; use rebind_plan_owner()
PLAN p119 -> i119 held: owner lost in legacy migration; use rebind_plan_owner()
PLAN p120 -> i120 held: owner lost in legacy migration; use rebind_plan_owner()
PLAN p121 -> i121 held: owner lost in legacy migration; use rebind_plan_owner()
PLAN p122 -> i122 held: owner lost in legacy migration; use rebind_plan_owner()
PLAN p123 -> i123 held: owner lost in legacy migration; use rebind_plan_owner()
PLAN p124 -> i124 held: owner lost in legacy migration; use rebind_plan_owner()
PLAN p125 -> i125 held: owner lost in legacy migration; use rebind_plan_owner()
PLAN p126 -> i126 held: owner lost in legacy migration; use rebind_plan_owner()
PLAN p127 -> i127 held: owner lost in legacy migration; use rebind_plan_owner()
PLAN p128 -> i128 held: owner lost in legacy migration; use rebind_plan_owner()
PLAN p129 -> i129 held: owner lost in legacy migration; use rebind_plan_owner()
PLAN p130 -> i130 held: owner lost in legacy migration; use rebind_plan_owner()
PLAN p131 -> i131 held: owner lost in legacy migration; use rebind_plan_owner()
PLAN p132 -> i132 held: owner lost in legacy migration; use rebind_plan_owner()
PLAN p133 -> i133 held: owner lost in legacy migration; use rebind_plan_owner()
PLAN p134 -> i134 held: owner lost in legacy migration; use rebind_plan_owner()
PLAN p135 -> i135 held: owner lost in legacy migration; use rebind_plan_owner()
PLAN p136 -> i136 held: owner lost in legacy migration; use rebind_plan_owner()
PLAN p137 -> i137 held: owner lost in legacy migration; use rebind_plan_owner()
PLAN p138 -> i138 held: owner lost in legacy migration; use rebind_plan_owner()
PLAN p139 -> i139 held: owner lost in legacy migration; use rebind_plan_owner()
PLAN p140 -> i140 held: owner lost in legacy migration; use rebind_plan_owner()
PLAN p141 -> i141 held: owner lost in legacy migration; use rebind_plan_owner()
PLAN p142 -> i142 held: owner lost in legacy migration; use rebind_plan_owner()
PLAN p143 -> i143 held: owner lost in legacy migration; use rebind_plan_owner()
PLAN p144 -> i144 held: owner lost in legacy migration; use rebind_plan_owner()
PLAN p145 -> i145 held: owner lost in legacy migration; use rebind_plan_owner()
PLAN p146 -> i146 held: owner lost in legacy migration; use rebind_plan_owner()
PLAN p147 -> i147 held: owner lost in legacy migration; use rebind_plan_owner()
PLAN p148 -> i148 held: owner lost in legacy migration; use rebind_plan_owner()
PLAN p149 -> i149 held: owner lost in legacy migration; use rebind_plan_owner()
PLAN p150 -> i150 held: owner lost in legacy migration; use rebind_plan_owner()
PLAN p151 -> i151 held: owner lost in legacy migration; use rebind_plan_owner()
PLAN p152 -> i152 held: owner lost in legacy migration; use rebind_plan_owner()
PLAN p153 -> i153 held: owner lost in legacy migration; use rebind_plan_owner()
PLAN p154 -> i154 held: owner lost in legacy migration; use rebind_plan_owner()
PLAN p155 -> i155 held: owner lost in legacy migration; use rebind_plan_owner()
PLAN p156 -> i156 held: owner lost in legacy migration; use rebind_plan_owner()
PLAN p157 -> i157 held: owner lost in legacy migration; use rebind_plan_owner()
PLAN p158 -> i158 held: owner lost in legacy migration; use rebind_plan_owner()
PLAN p159 -> i159 held: owner lost in legacy migration; use rebind_plan_owner()
PLAN p160 -> i160 held: owner lost in legacy migration; use rebind_plan_owner()
PLAN p161 -> i161 held: owner lost in legacy migration; use rebind_plan_owner()
PLAN p162 -> i162 held: owner lost in legacy migration; use rebind_plan_owner()
PLAN p163 -> i163 held: owner lost in legacy migration; use rebind_plan_owner()
PLAN p164 -> i164 held: owner lost in legacy migration; use rebind_plan_owner()
PLAN p165 -> i165 held: owner lost in legacy migration; use rebind_plan_owner()
PLAN p166 -> i166 held: owner lost in legacy migration; use rebind_plan_owner()
PLAN p167 -> i167 held: owner lost in legacy migration; use rebind_plan_owner()
PLAN p168 -> i168 held: owner lost in legacy migration; use rebind_plan_owner()
PLAN p169 -> i169 held: owner lost in legacy migration; use rebind_plan_owner()
PLAN p170 -> i170 held: owner lost in legacy migration; use rebind_plan_owner()
PLAN p171 -> i171 held: owner lost in legacy migration; use rebind_plan_owner()
PLAN p172 -> i172 held: owner lost in legacy migration; use rebind_plan_owner()
PLAN p173 -> i173 held: owner lost in legacy migration; use rebind_plan_owner()
PLAN p174 -> i174 held: owner lost in legacy migration; use rebind_plan_owner()
PLAN p175 -> i175 held: owner lost in legacy migration; use rebind_plan_owner()
PLAN p176 -> i176 held: owner lost in legacy migration; use rebind_plan_owner()
PLAN p177 -> i177 held: owner lost in legacy migration; use rebind_plan_owner()
PLAN p178 -> i178 held: owner lost in legacy migration; use rebind_plan_owner()
PLAN p179 -> i179 held: owner lost in legacy migration; use rebind_plan_owner()
PLAN p180 -> i180 held: owner lost in legacy migration; use rebind_plan_owner()
PLAN p181 -> i181 held: owner lost in legacy migration; use rebind_plan_owner()
PLAN p182 -> i182 held: owner lost in legacy migration; use rebind_plan_owner()
PLAN p183 -> i183 held: owner lost in legacy migration; use rebind_plan_owner()
PLAN p184 -> i184 held: owner lost in legacy migration; use rebind_plan_owner()
PLAN p185 -> i185 held: owner lost in legacy migration; use rebind_plan_owner()
PLAN p186 -> i186 held: owner lost in legacy migration; use rebind_plan_owner()
PLAN p187 -> i187 held: owner lost in legacy migration; use rebind_plan_owner()
PLAN p188 -> i188 held: owner lost in legacy migration; use rebind_plan_owner()
PLAN p189 -> i189 held: owner lost in legacy migration; use rebind_plan_owner()
PLAN p190 -> i190 held: owner lost in legacy migration; use rebind_plan_owner()
PLAN p191 -> i191 held: owner lost in legacy migration; use rebind_plan_owner()
PLAN p192 -> i192 held: owner lost in legacy migration; use rebind_plan_owner()
PLAN p193 -> i193 held: owner lost in legacy migration; use rebind_plan_owner()
PLAN p194 -> i194 held: owner lost in legacy migration; use rebind_plan_owner()
PLAN p195 -> i195 held: owner lost in legacy migration; use rebind_plan_owner()
PLAN p196 -> i196 held: owner lost in legacy migration; use rebind_plan_owner()
PLAN p197 -> i197 held: owner lost in legacy migration; use rebind_plan_owner()
PLAN p198 -> i198 held: owner lost in legacy migration; use rebind_plan_owner()
PLAN p199 -> i199 held: owner lost in legacy migration; use rebind_plan_owner()
PLAN p200 -> i200 held: owner lost in legacy migration; use rebind_plan_owner()
PLAN p201 -> i201 held: owner lost in legacy migration; use rebind_plan_owner()
PLAN p202 -> i202 held: owner lost in legacy migration; use rebind_plan_owner()
PLAN p203 -> i203 held: owner lost in legacy migration; use rebind_plan_owner()
PLAN p204 -> i204 held: owner lost in legacy migration; use rebind_plan_owner()
PLAN p205 -> i205 held: owner lost in legacy migration; use rebind_plan_owner()
PLAN p206 -> i206 held: owner lost in legacy migration; use rebind_plan_owner()
PLAN p207 -> i207 held: owner lost in legacy migration; use rebind_plan_owner()
PLAN p208 -> i208 held: owner lost in legacy migration; use rebind_plan_owner()
PLAN p209 -> i209 held: owner lost in legacy migration; use rebind_plan_owner()
PLAN p210 -> i210 held: owner lost in legacy migration; use rebind_plan_owner()
PLAN p211 -> i211 held: owner lost in legacy migration; use rebind_plan_owner()
PLAN p212 -> i212 held: owner lost in legacy migration; use rebind_plan_owner()
PLAN p213 -> i213 held: owner lost in legacy migration; use rebind_plan_owner()
PLAN p214 -> i214 held: owner lost in legacy migration; use rebind_plan_owner()
PLAN p215 -> i215 held: owner lost in legacy migration; use rebind_plan_owner()
PLAN p216 -> i216 held: owner lost in legacy migration; use rebind_plan_owner()
PLAN p217 -> i217 held: owner lost in legacy migration; use rebind_plan_owner()
PLAN p218 -> i218 held: owner lost in legacy migration; use rebind_plan_owner()
PLAN p219 -> i219 held: owner lost in legacy migration; use rebind_plan_owner()
PLAN p220 -> i220 held: owner lost in legacy migration; use rebind_plan_owner()
PLAN p221 -> i221 held: owner lost in legacy migration; use rebind_plan_owner()
PLAN p222 -> i222 held: owner lost in legacy migration; use rebind_plan_owner()
PLAN p223 -> i223 held: owner lost in legacy migration; use rebind_plan_owner()
PLAN p224 -> i224 held: owner lost in legacy migration; use rebind_plan_owner()
PLAN p225 -> i225 held: owner lost in legacy migration; use rebind_plan_owner()
PLAN p226 -> i226 held: owner lost in legacy migration; use rebind_plan_owner()
PLAN p227 -> i227 held: owner lost in legacy migration; use rebind_plan_owner()
PLAN p228 -> i228 held: owner lost in legacy migration; use rebind_plan_owner()
PLAN p229 -> i229 held: owner lost in legacy migration; use rebind_plan_owner()
PLAN p230 -> i230 held: owner lost in legacy migration; use rebind_plan_owner()
PLAN p231 -> i231 held: owner lost in legacy migration; use rebind_plan_owner()
PLAN p232 -> i232 held: owner lost in legacy migration; use rebind_plan_owner()
PLAN p233 -> i233 held: owner lost in legacy migration; use rebind_plan_owner()
PLAN p234 -> i234 held: owner lost in legacy migration; use rebind_plan_owner()
PLAN p235 -> i235 held: owner lost in legacy migration; use rebind_plan_owner()
PLAN p236 -> i236 held: owner lost in legacy migration; use rebind_plan_owner()
PLAN p237 -> i237 held: owner lost in legacy migration; use rebind_plan_owner()
PLAN p238 -> i238 held: owner lost in legacy migration; use rebind_plan_owner()
PLAN p239 -> i239 held: owner lost in legacy migration; use rebind_plan_owner()
PLAN p240 -> i240 held: owner lost in legacy migration; use rebind_plan_owner()
PLAN p241 -> i241 held: owner lost in legacy migration; use rebind_plan_owner()
PLAN p242 -> i242 held: owner lost in legacy migration; use rebind_plan_owner()
PLAN p243 -> i243 held: owner lost in legacy migration; use rebind_plan_owner()
PLAN p244 -> i244 held: owner lost in legacy migration; use rebind_plan_owner()
PLAN p245 -> i245 held: owner lost in legacy migration; use rebind_plan_owner()
PLAN p246 -> i246 held: owner lost in legacy migration; use rebind_plan_owner()
PLAN p247 -> i247 held: owner lost in legacy migration; use rebind_plan_owner()
PLAN p248 -> i248 held: owner lost in legacy migration; use rebind_plan_owner()
PLAN p249 -> i249 held: owner lost in legacy migration; use rebind_plan_owner()
PLAN p250 -> i250 held: owner lost in legacy migration; use rebind_plan_owner()
PLAN p251 -> i251 held: owner lost in legacy migration; use rebind_plan_owner()
PLAN p252 -> i252 held: owner lost in legacy migration; use rebind_plan_owner()
PLAN p253 -> i253 held: owner lost in legacy migration; use rebind_plan_owner()
PLAN p254 -> i254 held: owner lost in legacy migration; use rebind_plan_owner()
PLAN p255 -> i255 held: owner lost in legacy migration; use rebind_plan_owner()
PLAN p256 -> i256 held: owner lost in legacy migration; use rebind_plan_owner()
PLAN p257 -> i257 held: owner lost in legacy migration; use rebind_plan_owner()
PLAN p258 -> i258 held: owner lost in legacy migration; use rebind_plan_owner()
PLAN p259 -> i259 held: owner lost in legacy migration; use rebind_plan_owner()
PLAN p260 -> i260 held: owner lost in legacy migration; use rebind_plan_owner()
PLAN p261 -> i261 held: owner lost in legacy migration; use rebind_plan_owner()
PLAN p262 -> i262 held: owner lost in legacy migration; use rebind_plan_owner()
PLAN p263 -> i263 held: owner lost in legacy migration; use rebind_plan_owner()
PLAN p264 -> i264 held: owner lost in legacy migration; use rebind_plan_owner()
PLAN p265 -> i265 held: owner lost in legacy migration; use rebind_plan_owner()
PLAN p266 -> i266 held: owner lost in legacy migration; use rebind_plan_owner()
PLAN p267 -> i267 held: owner lost in legacy migration; use rebind_plan_owner()
PLAN p268 -> i268 held: owner lost in legacy migration; use rebind_plan_owner()
PLAN p269 -> i269 held: owner lost in legacy migration; use rebind_plan_owner()
PLAN p270 -> i270 held: owner lost in legacy migration; use rebind_plan_owner()
PLAN p271 -> i271 held: owner lost in legacy migration; use rebind_plan_owner()
PLAN p272 -> i272 held: owner lost in legacy migration; use rebind_plan_owner()
PLAN p273 -> i273 held: owner lost in legacy migration; use rebind_plan_owner()
PLAN p274 -> i274 held: owner lost in legacy migration; use rebind_plan_owner()
PLAN p275 -> i275 held: owner lost in legacy migration; use rebind_plan_owner()
PLAN p276 -> i276 held: owner lost in legacy migration; use rebind_plan_owner()
PLAN p277 -> i277 held: owner lost in legacy migration; use rebind_plan_owner()
PLAN p278 -> i278 held: owner lost in legacy migration; use rebind_plan_owner()
PLAN p279 -> i279 held: owner lost in legacy migration; use rebind_plan_owner()
PLAN p280 -> i280 held: owner lost in legacy migration; use rebind_plan_owner()
PLAN p281 -> i281 held: owner lost in legacy migration; use rebind_plan_owner()
PLAN p282 -> i282 held: owner lost in legacy migration; use rebind_plan_owner()
PLAN p283 -> i283 held: owner lost in legacy migration; use rebind_plan_owner()
PLAN p284 -> i284 held: owner lost in legacy migration; use rebind_plan_owner()
PLAN p285 -> i285 held: owner lost in legacy migration; use rebind_plan_owner()
PLAN p286 -> i286 held: owner lost in legacy migration; use rebind_plan_owner()
PLAN p287 -> i287 held: owner lost in legacy migration; use rebind_plan_owner()
PLAN p288 -> i288 held: owner lost in legacy migration; use rebind_plan_owner()
PLAN p289 -> i289 held: owner lost in legacy migration; use rebind_plan_owner()
PLAN p290 -> i290 held: owner lost in legacy migration; use rebind_plan_owner()
PLAN p291 -> i291 held: owner lost in legacy migration; use rebind_plan_owner()
PLAN p292 -> i292 held: owner lost in legacy migration; use rebind_plan_owner()
PLAN p293 -> i293 held: owner lost in legacy migration; use rebind_plan_owner()
PLAN p294 -> i294 held: owner lost in legacy migration; use rebind_plan_owner()
PLAN p295 -> i295 held: owner lost in legacy migration; use rebind_plan_owner()
PLAN p296 -> i296 held: owner lost in legacy migration; use rebind_plan_owner()
PLAN p297 -> i297 held: owner lost in legacy migration; use rebind_plan_owner()
PLAN p298 -> i298 held: owner lost in legacy migration; use rebind_plan_owner()
PLAN p299 -> i299 held: owner lost in legacy migration; use rebind_plan_owner()
Operator rebind by Astra-7519 (independently authorized fixture): plan p0 owner set to incident i0 (candidate=True, pending_before=0, effects={'credited': 0, 'failure_recorded': 0, 'consumed_no_effect': 0, 'still_held': 0}, closed=[])
Operator rebind by Astra-7519 (independently authorized fixture): plan p1 owner set to incident i1 (candidate=True, pending_before=0, effects={'credited': 0, 'failure_recorded': 0, 'consumed_no_effect': 0, 'still_held': 0}, closed=[])
Operator rebind by Astra-7519 (independently authorized fixture): plan p2 owner set to incident i2 (candidate=True, pending_before=0, effects={'credited': 0, 'failure_recorded': 0, 'consumed_no_effect': 0, 'still_held': 0}, closed=[])
Operator rebind by Astra-7519 (independently authorized fixture): plan p3 owner set to incident i3 (candidate=True, pending_before=0, effects={'credited': 0, 'failure_recorded': 0, 'consumed_no_effect': 0, 'still_held': 0}, closed=[])
Operator rebind by Astra-7519 (independently authorized fixture): plan p4 owner set to incident i4 (candidate=True, pending_before=0, effects={'credited': 0, 'failure_recorded': 0, 'consumed_no_effect': 0, 'still_held': 0}, closed=[])
Operator rebind by Astra-7519 (independently authorized fixture): plan p5 owner set to incident i5 (candidate=True, pending_before=0, effects={'credited': 0, 'failure_recorded': 0, 'consumed_no_effect': 0, 'still_held': 0}, closed=[])
Operator rebind by Astra-7519 (independently authorized fixture): plan p6 owner set to incident i6 (candidate=False, pending_before=0, effects={'credited': 0, 'failure_recorded': 0, 'consumed_no_effect': 0, 'still_held': 0}, closed=[])
Operator rebind by Astra-7519 (independently authorized fixture): plan p7 owner set to incident i7 (candidate=False, pending_before=0, effects={'credited': 0, 'failure_recorded': 0, 'consumed_no_effect': 0, 'still_held': 0}, closed=[])
Operator rebind by Astra-7519 (independently authorized fixture): plan p8 owner set to incident i8 (candidate=False, pending_before=0, effects={'credited': 0, 'failure_recorded': 0, 'consumed_no_effect': 0, 'still_held': 0}, closed=[])
Operator rebind by Astra-7519 (independently authorized fixture): plan p9 owner set to incident i9 (candidate=False, pending_before=0, effects={'credited': 0, 'failure_recorded': 0, 'consumed_no_effect': 0, 'still_held': 0}, closed=[])
Operator rebind by Astra-7519 (independently authorized fixture): plan p10 owner set to incident i10 (candidate=True, pending_before=0, effects={'credited': 0, 'failure_recorded': 0, 'consumed_no_effect': 0, 'still_held': 0}, closed=[])
Operator rebind by Astra-7519 (independently authorized fixture): plan p11 owner set to incident i11 (candidate=True, pending_before=0, effects={'credited': 0, 'failure_recorded': 0, 'consumed_no_effect': 0, 'still_held': 0}, closed=[])
Operator rebind by Astra-7519 (independently authorized fixture): plan p12 owner set to incident i12 (candidate=True, pending_before=0, effects={'credited': 0, 'failure_recorded': 0, 'consumed_no_effect': 0, 'still_held': 0}, closed=[])
Operator rebind by Astra-7519 (independently authorized fixture): plan p13 owner set to incident i13 (candidate=True, pending_before=0, effects={'credited': 0, 'failure_recorded': 0, 'consumed_no_effect': 0, 'still_held': 0}, closed=[])
Operator rebind by Astra-7519 (independently authorized fixture): plan p14 owner set to incident i14 (candidate=True, pending_before=0, effects={'credited': 0, 'failure_recorded': 0, 'consumed_no_effect': 0, 'still_held': 0}, closed=[])
Operator rebind by Astra-7519 (independently authorized fixture): plan p15 owner set to incident i15 (candidate=True, pending_before=0, effects={'credited': 0, 'failure_recorded': 0, 'consumed_no_effect': 0, 'still_held': 0}, closed=[])
Operator rebind by Astra-7519 (independently authorized fixture): plan p16 owner set to incident i16 (candidate=True, pending_before=0, effects={'credited': 0, 'failure_recorded': 0, 'consumed_no_effect': 0, 'still_held': 0}, closed=[])
Operator rebind by Astra-7519 (independently authorized fixture): plan p17 owner set to incident i17 (candidate=True, pending_before=0, effects={'credited': 0, 'failure_recorded': 0, 'consumed_no_effect': 0, 'still_held': 0}, closed=[])
Operator rebind by Astra-7519 (independently authorized fixture): plan p18 owner set to incident i18 (candidate=True, pending_before=0, effects={'credited': 0, 'failure_recorded': 0, 'consumed_no_effect': 0, 'still_held': 0}, closed=[])
Operator rebind by Astra-7519 (independently authorized fixture): plan p19 owner set to incident i19 (candidate=True, pending_before=0, effects={'credited': 0, 'failure_recorded': 0, 'consumed_no_effect': 0, 'still_held': 0}, closed=[])
Operator rebind by Astra-7519 (independently authorized fixture): plan p20 owner set to incident i20 (candidate=True, pending_before=0, effects={'credited': 0, 'failure_recorded': 0, 'consumed_no_effect': 0, 'still_held': 0}, closed=[])
Operator rebind by Astra-7519 (independently authorized fixture): plan p21 owner set to incident i21 (candidate=True, pending_before=0, effects={'credited': 0, 'failure_recorded': 0, 'consumed_no_effect': 0, 'still_held': 0}, closed=[])
Operator rebind by Astra-7519 (independently authorized fixture): plan p22 owner set to incident i22 (candidate=True, pending_before=0, effects={'credited': 0, 'failure_recorded': 0, 'consumed_no_effect': 0, 'still_held': 0}, closed=[])
Operator rebind by Astra-7519 (independently authorized fixture): plan p23 owner set to incident i23 (candidate=True, pending_before=0, effects={'credited': 0, 'failure_recorded': 0, 'consumed_no_effect': 0, 'still_held': 0}, closed=[])
Operator rebind by Astra-7519 (independently authorized fixture): plan p24 owner set to incident i24 (candidate=True, pending_before=0, effects={'credited': 0, 'failure_recorded': 0, 'consumed_no_effect': 0, 'still_held': 0}, closed=[])
Operator rebind by Astra-7519 (independently authorized fixture): plan p25 owner set to incident i25 (candidate=True, pending_before=0, effects={'credited': 0, 'failure_recorded': 0, 'consumed_no_effect': 0, 'still_held': 0}, closed=[])
Operator rebind by Astra-7519 (independently authorized fixture): plan p26 owner set to incident i26 (candidate=True, pending_before=0, effects={'credited': 0, 'failure_recorded': 0, 'consumed_no_effect': 0, 'still_held': 0}, closed=[])
Operator rebind by Astra-7519 (independently authorized fixture): plan p27 owner set to incident i27 (candidate=True, pending_before=0, effects={'credited': 0, 'failure_recorded': 0, 'consumed_no_effect': 0, 'still_held': 0}, closed=[])
Operator rebind by Astra-7519 (independently authorized fixture): plan p28 owner set to incident i28 (candidate=True, pending_before=0, effects={'credited': 0, 'failure_recorded': 0, 'consumed_no_effect': 0, 'still_held': 0}, closed=[])
Operator rebind by Astra-7519 (independently authorized fixture): plan p29 owner set to incident i29 (candidate=True, pending_before=0, effects={'credited': 0, 'failure_recorded': 0, 'consumed_no_effect': 0, 'still_held': 0}, closed=[])
Operator rebind by Astra-7519 (independently authorized fixture): plan p30 owner set to incident i30 (candidate=True, pending_before=0, effects={'credited': 0, 'failure_recorded': 0, 'consumed_no_effect': 0, 'still_held': 0}, closed=[])
Operator rebind by Astra-7519 (independently authorized fixture): plan p31 owner set to incident i31 (candidate=True, pending_before=0, effects={'credited': 0, 'failure_recorded': 0, 'consumed_no_effect': 0, 'still_held': 0}, closed=[])
Operator rebind by Astra-7519 (independently authorized fixture): plan p32 owner set to incident i32 (candidate=True, pending_before=0, effects={'credited': 0, 'failure_recorded': 0, 'consumed_no_effect': 0, 'still_held': 0}, closed=[])
Operator rebind by Astra-7519 (independently authorized fixture): plan p33 owner set to incident i33 (candidate=True, pending_before=0, effects={'credited': 0, 'failure_recorded': 0, 'consumed_no_effect': 0, 'still_held': 0}, closed=[])
Operator rebind by Astra-7519 (independently authorized fixture): plan p34 owner set to incident i34 (candidate=True, pending_before=0, effects={'credited': 0, 'failure_recorded': 0, 'consumed_no_effect': 0, 'still_held': 0}, closed=[])
Operator rebind by Astra-7519 (independently authorized fixture): plan p35 owner set to incident i35 (candidate=True, pending_before=0, effects={'credited': 0, 'failure_recorded': 0, 'consumed_no_effect': 0, 'still_held': 0}, closed=[])
Operator rebind by Astra-7519 (independently authorized fixture): plan p36 owner set to incident i36 (candidate=True, pending_before=0, effects={'credited': 0, 'failure_recorded': 0, 'consumed_no_effect': 0, 'still_held': 0}, closed=[])
Operator rebind by Astra-7519 (independently authorized fixture): plan p37 owner set to incident i37 (candidate=True, pending_before=0, effects={'credited': 0, 'failure_recorded': 0, 'consumed_no_effect': 0, 'still_held': 0}, closed=[])
Operator rebind by Astra-7519 (independently authorized fixture): plan p38 owner set to incident i38 (candidate=True, pending_before=0, effects={'credited': 0, 'failure_recorded': 0, 'consumed_no_effect': 0, 'still_held': 0}, closed=[])
Operator rebind by Astra-7519 (independently authorized fixture): plan p39 owner set to incident i39 (candidate=True, pending_before=0, effects={'credited': 0, 'failure_recorded': 0, 'consumed_no_effect': 0, 'still_held': 0}, closed=[])
Operator rebind by Astra-7519 (independently authorized fixture): plan p40 owner set to incident i40 (candidate=True, pending_before=0, effects={'credited': 0, 'failure_recorded': 0, 'consumed_no_effect': 0, 'still_held': 0}, closed=[])
Operator rebind by Astra-7519 (independently authorized fixture): plan p41 owner set to incident i41 (candidate=True, pending_before=0, effects={'credited': 0, 'failure_recorded': 0, 'consumed_no_effect': 0, 'still_held': 0}, closed=[])
Operator rebind by Astra-7519 (independently authorized fixture): plan p42 owner set to incident i42 (candidate=True, pending_before=0, effects={'credited': 0, 'failure_recorded': 0, 'consumed_no_effect': 0, 'still_held': 0}, closed=[])
Operator rebind by Astra-7519 (independently authorized fixture): plan p43 owner set to incident i43 (candidate=True, pending_before=0, effects={'credited': 0, 'failure_recorded': 0, 'consumed_no_effect': 0, 'still_held': 0}, closed=[])
Operator rebind by Astra-7519 (independently authorized fixture): plan p44 owner set to incident i44 (candidate=True, pending_before=0, effects={'credited': 0, 'failure_recorded': 0, 'consumed_no_effect': 0, 'still_held': 0}, closed=[])
Operator rebind by Astra-7519 (independently authorized fixture): plan p45 owner set to incident i45 (candidate=True, pending_before=0, effects={'credited': 0, 'failure_recorded': 0, 'consumed_no_effect': 0, 'still_held': 0}, closed=[])
Operator rebind by Astra-7519 (independently authorized fixture): plan p46 owner set to incident i46 (candidate=True, pending_before=0, effects={'credited': 0, 'failure_recorded': 0, 'consumed_no_effect': 0, 'still_held': 0}, closed=[])
Operator rebind by Astra-7519 (independently authorized fixture): plan p47 owner set to incident i47 (candidate=True, pending_before=0, effects={'credited': 0, 'failure_recorded': 0, 'consumed_no_effect': 0, 'still_held': 0}, closed=[])
Operator rebind by Astra-7519 (independently authorized fixture): plan p48 owner set to incident i48 (candidate=True, pending_before=0, effects={'credited': 0, 'failure_recorded': 0, 'consumed_no_effect': 0, 'still_held': 0}, closed=[])
Operator rebind by Astra-7519 (independently authorized fixture): plan p49 owner set to incident i49 (candidate=True, pending_before=0, effects={'credited': 0, 'failure_recorded': 0, 'consumed_no_effect': 0, 'still_held': 0}, closed=[])
Operator rebind by Astra-7519 (independently authorized fixture): plan p50 owner set to incident i50 (candidate=True, pending_before=0, effects={'credited': 0, 'failure_recorded': 0, 'consumed_no_effect': 0, 'still_held': 0}, closed=[])
Operator rebind by Astra-7519 (independently authorized fixture): plan p51 owner set to incident i51 (candidate=True, pending_before=0, effects={'credited': 0, 'failure_recorded': 0, 'consumed_no_effect': 0, 'still_held': 0}, closed=[])
Operator rebind by Astra-7519 (independently authorized fixture): plan p52 owner set to incident i52 (candidate=True, pending_before=0, effects={'credited': 0, 'failure_recorded': 0, 'consumed_no_effect': 0, 'still_held': 0}, closed=[])
Operator rebind by Astra-7519 (independently authorized fixture): plan p53 owner set to incident i53 (candidate=True, pending_before=0, effects={'credited': 0, 'failure_recorded': 0, 'consumed_no_effect': 0, 'still_held': 0}, closed=[])
Operator rebind by Astra-7519 (independently authorized fixture): plan p54 owner set to incident i54 (candidate=True, pending_before=0, effects={'credited': 0, 'failure_recorded': 0, 'consumed_no_effect': 0, 'still_held': 0}, closed=[])
Operator rebind by Astra-7519 (independently authorized fixture): plan p55 owner set to incident i55 (candidate=True, pending_before=0, effects={'credited': 0, 'failure_recorded': 0, 'consumed_no_effect': 0, 'still_held': 0}, closed=[])
Operator rebind by Astra-7519 (independently authorized fixture): plan p56 owner set to incident i56 (candidate=True, pending_before=0, effects={'credited': 0, 'failure_recorded': 0, 'consumed_no_effect': 0, 'still_held': 0}, closed=[])
Operator rebind by Astra-7519 (independently authorized fixture): plan p57 owner set to incident i57 (candidate=True, pending_before=0, effects={'credited': 0, 'failure_recorded': 0, 'consumed_no_effect': 0, 'still_held': 0}, closed=[])
Operator rebind by Astra-7519 (independently authorized fixture): plan p58 owner set to incident i58 (candidate=True, pending_before=0, effects={'credited': 0, 'failure_recorded': 0, 'consumed_no_effect': 0, 'still_held': 0}, closed=[])
Operator rebind by Astra-7519 (independently authorized fixture): plan p59 owner set to incident i59 (candidate=True, pending_before=0, effects={'credited': 0, 'failure_recorded': 0, 'consumed_no_effect': 0, 'still_held': 0}, closed=[])
Operator rebind by Astra-7519 (independently authorized fixture): plan p60 owner set to incident i60 (candidate=False, pending_before=0, effects={'credited': 0, 'failure_recorded': 0, 'consumed_no_effect': 0, 'still_held': 0}, closed=[])
Operator rebind by Astra-7519 (independently authorized fixture): plan p61 owner set to incident i61 (candidate=False, pending_before=0, effects={'credited': 0, 'failure_recorded': 0, 'consumed_no_effect': 0, 'still_held': 0}, closed=[])
Operator rebind by Astra-7519 (independently authorized fixture): plan p62 owner set to incident i62 (candidate=False, pending_before=0, effects={'credited': 0, 'failure_recorded': 0, 'consumed_no_effect': 0, 'still_held': 0}, closed=[])
Operator rebind by Astra-7519 (independently authorized fixture): plan p63 owner set to incident i63 (candidate=False, pending_before=0, effects={'credited': 0, 'failure_recorded': 0, 'consumed_no_effect': 0, 'still_held': 0}, closed=[])
Operator rebind by Astra-7519 (independently authorized fixture): plan p64 owner set to incident i64 (candidate=False, pending_before=0, effects={'credited': 0, 'failure_recorded': 0, 'consumed_no_effect': 0, 'still_held': 0}, closed=[])
Operator rebind by Astra-7519 (independently authorized fixture): plan p65 owner set to incident i65 (candidate=False, pending_before=0, effects={'credited': 0, 'failure_recorded': 0, 'consumed_no_effect': 0, 'still_held': 0}, closed=[])
Operator rebind by Astra-7519 (independently authorized fixture): plan p66 owner set to incident i66 (candidate=False, pending_before=0, effects={'credited': 0, 'failure_recorded': 0, 'consumed_no_effect': 0, 'still_held': 0}, closed=[])
Operator rebind by Astra-7519 (independently authorized fixture): plan p67 owner set to incident i67 (candidate=False, pending_before=0, effects={'credited': 0, 'failure_recorded': 0, 'consumed_no_effect': 0, 'still_held': 0}, closed=[])
Operator rebind by Astra-7519 (independently authorized fixture): plan p68 owner set to incident i68 (candidate=False, pending_before=0, effects={'credited': 0, 'failure_recorded': 0, 'consumed_no_effect': 0, 'still_held': 0}, closed=[])
Operator rebind by Astra-7519 (independently authorized fixture): plan p69 owner set to incident i69 (candidate=False, pending_before=0, effects={'credited': 0, 'failure_recorded': 0, 'consumed_no_effect': 0, 'still_held': 0}, closed=[])
Operator rebind by Astra-7519 (independently authorized fixture): plan p70 owner set to incident i70 (candidate=False, pending_before=0, effects={'credited': 0, 'failure_recorded': 0, 'consumed_no_effect': 0, 'still_held': 0}, closed=[])
Operator rebind by Astra-7519 (independently authorized fixture): plan p71 owner set to incident i71 (candidate=False, pending_before=0, effects={'credited': 0, 'failure_recorded': 0, 'consumed_no_effect': 0, 'still_held': 0}, closed=[])
Operator rebind by Astra-7519 (independently authorized fixture): plan p72 owner set to incident i72 (candidate=False, pending_before=0, effects={'credited': 0, 'failure_recorded': 0, 'consumed_no_effect': 0, 'still_held': 0}, closed=[])
Operator rebind by Astra-7519 (independently authorized fixture): plan p73 owner set to incident i73 (candidate=False, pending_before=0, effects={'credited': 0, 'failure_recorded': 0, 'consumed_no_effect': 0, 'still_held': 0}, closed=[])
Operator rebind by Astra-7519 (independently authorized fixture): plan p74 owner set to incident i74 (candidate=False, pending_before=0, effects={'credited': 0, 'failure_recorded': 0, 'consumed_no_effect': 0, 'still_held': 0}, closed=[])
Operator rebind by Astra-7519 (independently authorized fixture): plan p75 owner set to incident i75 (candidate=False, pending_before=0, effects={'credited': 0, 'failure_recorded': 0, 'consumed_no_effect': 0, 'still_held': 0}, closed=[])
Operator rebind by Astra-7519 (independently authorized fixture): plan p76 owner set to incident i76 (candidate=False, pending_before=0, effects={'credited': 0, 'failure_recorded': 0, 'consumed_no_effect': 0, 'still_held': 0}, closed=[])
Operator rebind by Astra-7519 (independently authorized fixture): plan p77 owner set to incident i77 (candidate=False, pending_before=0, effects={'credited': 0, 'failure_recorded': 0, 'consumed_no_effect': 0, 'still_held': 0}, closed=[])
Operator rebind by Astra-7519 (independently authorized fixture): plan p78 owner set to incident i78 (candidate=False, pending_before=0, effects={'credited': 0, 'failure_recorded': 0, 'consumed_no_effect': 0, 'still_held': 0}, closed=[])
Operator rebind by Astra-7519 (independently authorized fixture): plan p79 owner set to incident i79 (candidate=False, pending_before=0, effects={'credited': 0, 'failure_recorded': 0, 'consumed_no_effect': 0, 'still_held': 0}, closed=[])
Operator rebind by Astra-7519 (independently authorized fixture): plan p80 owner set to incident i80 (candidate=False, pending_before=0, effects={'credited': 0, 'failure_recorded': 0, 'consumed_no_effect': 0, 'still_held': 0}, closed=[])
Operator rebind by Astra-7519 (independently authorized fixture): plan p81 owner set to incident i81 (candidate=False, pending_before=0, effects={'credited': 0, 'failure_recorded': 0, 'consumed_no_effect': 0, 'still_held': 0}, closed=[])
Operator rebind by Astra-7519 (independently authorized fixture): plan p82 owner set to incident i82 (candidate=False, pending_before=0, effects={'credited': 0, 'failure_recorded': 0, 'consumed_no_effect': 0, 'still_held': 0}, closed=[])
Operator rebind by Astra-7519 (independently authorized fixture): plan p83 owner set to incident i83 (candidate=False, pending_before=0, effects={'credited': 0, 'failure_recorded': 0, 'consumed_no_effect': 0, 'still_held': 0}, closed=[])
Operator rebind by Astra-7519 (independently authorized fixture): plan p84 owner set to incident i84 (candidate=False, pending_before=0, effects={'credited': 0, 'failure_recorded': 0, 'consumed_no_effect': 0, 'still_held': 0}, closed=[])
Operator rebind by Astra-7519 (independently authorized fixture): plan p85 owner set to incident i85 (candidate=False, pending_before=0, effects={'credited': 0, 'failure_recorded': 0, 'consumed_no_effect': 0, 'still_held': 0}, closed=[])
Operator rebind by Astra-7519 (independently authorized fixture): plan p86 owner set to incident i86 (candidate=False, pending_before=0, effects={'credited': 0, 'failure_recorded': 0, 'consumed_no_effect': 0, 'still_held': 0}, closed=[])
Operator rebind by Astra-7519 (independently authorized fixture): plan p87 owner set to incident i87 (candidate=False, pending_before=0, effects={'credited': 0, 'failure_recorded': 0, 'consumed_no_effect': 0, 'still_held': 0}, closed=[])
Operator rebind by Astra-7519 (independently authorized fixture): plan p88 owner set to incident i88 (candidate=False, pending_before=0, effects={'credited': 0, 'failure_recorded': 0, 'consumed_no_effect': 0, 'still_held': 0}, closed=[])
Operator rebind by Astra-7519 (independently authorized fixture): plan p89 owner set to incident i89 (candidate=False, pending_before=0, effects={'credited': 0, 'failure_recorded': 0, 'consumed_no_effect': 0, 'still_held': 0}, closed=[])
Operator rebind by Astra-7519 (independently authorized fixture): plan p90 owner set to incident i90 (candidate=False, pending_before=0, effects={'credited': 0, 'failure_recorded': 0, 'consumed_no_effect': 0, 'still_held': 0}, closed=[])
Operator rebind by Astra-7519 (independently authorized fixture): plan p91 owner set to incident i91 (candidate=False, pending_before=0, effects={'credited': 0, 'failure_recorded': 0, 'consumed_no_effect': 0, 'still_held': 0}, closed=[])
Operator rebind by Astra-7519 (independently authorized fixture): plan p92 owner set to incident i92 (candidate=False, pending_before=0, effects={'credited': 0, 'failure_recorded': 0, 'consumed_no_effect': 0, 'still_held': 0}, closed=[])
Operator rebind by Astra-7519 (independently authorized fixture): plan p93 owner set to incident i93 (candidate=False, pending_before=0, effects={'credited': 0, 'failure_recorded': 0, 'consumed_no_effect': 0, 'still_held': 0}, closed=[])
Operator rebind by Astra-7519 (independently authorized fixture): plan p94 owner set to incident i94 (candidate=False, pending_before=0, effects={'credited': 0, 'failure_recorded': 0, 'consumed_no_effect': 0, 'still_held': 0}, closed=[])
Operator rebind by Astra-7519 (independently authorized fixture): plan p95 owner set to incident i95 (candidate=False, pending_before=0, effects={'credited': 0, 'failure_recorded': 0, 'consumed_no_effect': 0, 'still_held': 0}, closed=[])
Operator rebind by Astra-7519 (independently authorized fixture): plan p96 owner set to incident i96 (candidate=False, pending_before=0, effects={'credited': 0, 'failure_recorded': 0, 'consumed_no_effect': 0, 'still_held': 0}, closed=[])
Operator rebind by Astra-7519 (independently authorized fixture): plan p97 owner set to incident i97 (candidate=False, pending_before=0, effects={'credited': 0, 'failure_recorded': 0, 'consumed_no_effect': 0, 'still_held': 0}, closed=[])
Operator rebind by Astra-7519 (independently authorized fixture): plan p98 owner set to incident i98 (candidate=False, pending_before=0, effects={'credited': 0, 'failure_recorded': 0, 'consumed_no_effect': 0, 'still_held': 0}, closed=[])
Operator rebind by Astra-7519 (independently authorized fixture): plan p99 owner set to incident i99 (candidate=False, pending_before=0, effects={'credited': 0, 'failure_recorded': 0, 'consumed_no_effect': 0, 'still_held': 0}, closed=[])
Operator rebind by Astra-7519 (independently authorized fixture): plan p100 owner set to incident i100 (candidate=True, pending_before=0, effects={'credited': 0, 'failure_recorded': 0, 'consumed_no_effect': 0, 'still_held': 0}, closed=[])
Operator rebind by Astra-7519 (independently authorized fixture): plan p101 owner set to incident i101 (candidate=True, pending_before=0, effects={'credited': 0, 'failure_recorded': 0, 'consumed_no_effect': 0, 'still_held': 0}, closed=[])
Operator rebind by Astra-7519 (independently authorized fixture): plan p102 owner set to incident i102 (candidate=True, pending_before=0, effects={'credited': 0, 'failure_recorded': 0, 'consumed_no_effect': 0, 'still_held': 0}, closed=[])
Operator rebind by Astra-7519 (independently authorized fixture): plan p103 owner set to incident i103 (candidate=True, pending_before=0, effects={'credited': 0, 'failure_recorded': 0, 'consumed_no_effect': 0, 'still_held': 0}, closed=[])
Operator rebind by Astra-7519 (independently authorized fixture): plan p104 owner set to incident i104 (candidate=True, pending_before=0, effects={'credited': 0, 'failure_recorded': 0, 'consumed_no_effect': 0, 'still_held': 0}, closed=[])
Operator rebind by Astra-7519 (independently authorized fixture): plan p105 owner set to incident i105 (candidate=True, pending_before=0, effects={'credited': 0, 'failure_recorded': 0, 'consumed_no_effect': 0, 'still_held': 0}, closed=[])
Operator rebind by Astra-7519 (independently authorized fixture): plan p106 owner set to incident i106 (candidate=True, pending_before=0, effects={'credited': 0, 'failure_recorded': 0, 'consumed_no_effect': 0, 'still_held': 0}, closed=[])
Operator rebind by Astra-7519 (independently authorized fixture): plan p107 owner set to incident i107 (candidate=True, pending_before=0, effects={'credited': 0, 'failure_recorded': 0, 'consumed_no_effect': 0, 'still_held': 0}, closed=[])
Operator rebind by Astra-7519 (independently authorized fixture): plan p108 owner set to incident i108 (candidate=True, pending_before=0, effects={'credited': 0, 'failure_recorded': 0, 'consumed_no_effect': 0, 'still_held': 0}, closed=[])
Operator rebind by Astra-7519 (independently authorized fixture): plan p109 owner set to incident i109 (candidate=True, pending_before=0, effects={'credited': 0, 'failure_recorded': 0, 'consumed_no_effect': 0, 'still_held': 0}, closed=[])
Operator rebind by Astra-7519 (independently authorized fixture): plan p110 owner set to incident i110 (candidate=True, pending_before=0, effects={'credited': 0, 'failure_recorded': 0, 'consumed_no_effect': 0, 'still_held': 0}, closed=[])
Operator rebind by Astra-7519 (independently authorized fixture): plan p111 owner set to incident i111 (candidate=True, pending_before=0, effects={'credited': 0, 'failure_recorded': 0, 'consumed_no_effect': 0, 'still_held': 0}, closed=[])
Operator rebind by Astra-7519 (independently authorized fixture): plan p112 owner set to incident i112 (candidate=True, pending_before=0, effects={'credited': 0, 'failure_recorded': 0, 'consumed_no_effect': 0, 'still_held': 0}, closed=[])
Operator rebind by Astra-7519 (independently authorized fixture): plan p113 owner set to incident i113 (candidate=True, pending_before=0, effects={'credited': 0, 'failure_recorded': 0, 'consumed_no_effect': 0, 'still_held': 0}, closed=[])
Operator rebind by Astra-7519 (independently authorized fixture): plan p114 owner set to incident i114 (candidate=True, pending_before=0, effects={'credited': 0, 'failure_recorded': 0, 'consumed_no_effect': 0, 'still_held': 0}, closed=[])
Operator rebind by Astra-7519 (independently authorized fixture): plan p115 owner set to incident i115 (candidate=True, pending_before=0, effects={'credited': 0, 'failure_recorded': 0, 'consumed_no_effect': 0, 'still_held': 0}, closed=[])
Operator rebind by Astra-7519 (independently authorized fixture): plan p116 owner set to incident i116 (candidate=True, pending_before=0, effects={'credited': 0, 'failure_recorded': 0, 'consumed_no_effect': 0, 'still_held': 0}, closed=[])
Operator rebind by Astra-7519 (independently authorized fixture): plan p117 owner set to incident i117 (candidate=True, pending_before=0, effects={'credited': 0, 'failure_recorded': 0, 'consumed_no_effect': 0, 'still_held': 0}, closed=[])
Operator rebind by Astra-7519 (independently authorized fixture): plan p118 owner set to incident i118 (candidate=True, pending_before=0, effects={'credited': 0, 'failure_recorded': 0, 'consumed_no_effect': 0, 'still_held': 0}, closed=[])
Operator rebind by Astra-7519 (independently authorized fixture): plan p119 owner set to incident i119 (candidate=True, pending_before=0, effects={'credited': 0, 'failure_recorded': 0, 'consumed_no_effect': 0, 'still_held': 0}, closed=[])
Operator rebind by Astra-7519 (independently authorized fixture): plan p120 owner set to incident i120 (candidate=True, pending_before=0, effects={'credited': 0, 'failure_recorded': 0, 'consumed_no_effect': 0, 'still_held': 0}, closed=[])
Operator rebind by Astra-7519 (independently authorized fixture): plan p121 owner set to incident i121 (candidate=True, pending_before=0, effects={'credited': 0, 'failure_recorded': 0, 'consumed_no_effect': 0, 'still_held': 0}, closed=[])
Operator rebind by Astra-7519 (independently authorized fixture): plan p122 owner set to incident i122 (candidate=True, pending_before=0, effects={'credited': 0, 'failure_recorded': 0, 'consumed_no_effect': 0, 'still_held': 0}, closed=[])
Operator rebind by Astra-7519 (independently authorized fixture): plan p123 owner set to incident i123 (candidate=True, pending_before=0, effects={'credited': 0, 'failure_recorded': 0, 'consumed_no_effect': 0, 'still_held': 0}, closed=[])
Operator rebind by Astra-7519 (independently authorized fixture): plan p124 owner set to incident i124 (candidate=True, pending_before=0, effects={'credited': 0, 'failure_recorded': 0, 'consumed_no_effect': 0, 'still_held': 0}, closed=[])
Operator rebind by Astra-7519 (independently authorized fixture): plan p125 owner set to incident i125 (candidate=True, pending_before=0, effects={'credited': 0, 'failure_recorded': 0, 'consumed_no_effect': 0, 'still_held': 0}, closed=[])
Operator rebind by Astra-7519 (independently authorized fixture): plan p126 owner set to incident i126 (candidate=True, pending_before=0, effects={'credited': 0, 'failure_recorded': 0, 'consumed_no_effect': 0, 'still_held': 0}, closed=[])
Operator rebind by Astra-7519 (independently authorized fixture): plan p127 owner set to incident i127 (candidate=True, pending_before=0, effects={'credited': 0, 'failure_recorded': 0, 'consumed_no_effect': 0, 'still_held': 0}, closed=[])
Operator rebind by Astra-7519 (independently authorized fixture): plan p128 owner set to incident i128 (candidate=True, pending_before=0, effects={'credited': 0, 'failure_recorded': 0, 'consumed_no_effect': 0, 'still_held': 0}, closed=[])
Operator rebind by Astra-7519 (independently authorized fixture): plan p129 owner set to incident i129 (candidate=True, pending_before=0, effects={'credited': 0, 'failure_recorded': 0, 'consumed_no_effect': 0, 'still_held': 0}, closed=[])
Operator rebind by Astra-7519 (independently authorized fixture): plan p130 owner set to incident i130 (candidate=True, pending_before=0, effects={'credited': 0, 'failure_recorded': 0, 'consumed_no_effect': 0, 'still_held': 0}, closed=[])
Operator rebind by Astra-7519 (independently authorized fixture): plan p131 owner set to incident i131 (candidate=True, pending_before=0, effects={'credited': 0, 'failure_recorded': 0, 'consumed_no_effect': 0, 'still_held': 0}, closed=[])
Operator rebind by Astra-7519 (independently authorized fixture): plan p132 owner set to incident i132 (candidate=True, pending_before=0, effects={'credited': 0, 'failure_recorded': 0, 'consumed_no_effect': 0, 'still_held': 0}, closed=[])
Operator rebind by Astra-7519 (independently authorized fixture): plan p133 owner set to incident i133 (candidate=True, pending_before=0, effects={'credited': 0, 'failure_recorded': 0, 'consumed_no_effect': 0, 'still_held': 0}, closed=[])
Operator rebind by Astra-7519 (independently authorized fixture): plan p134 owner set to incident i134 (candidate=True, pending_before=0, effects={'credited': 0, 'failure_recorded': 0, 'consumed_no_effect': 0, 'still_held': 0}, closed=[])
Operator rebind by Astra-7519 (independently authorized fixture): plan p135 owner set to incident i135 (candidate=True, pending_before=0, effects={'credited': 0, 'failure_recorded': 0, 'consumed_no_effect': 0, 'still_held': 0}, closed=[])
Operator rebind by Astra-7519 (independently authorized fixture): plan p136 owner set to incident i136 (candidate=True, pending_before=0, effects={'credited': 0, 'failure_recorded': 0, 'consumed_no_effect': 0, 'still_held': 0}, closed=[])
Operator rebind by Astra-7519 (independently authorized fixture): plan p137 owner set to incident i137 (candidate=True, pending_before=0, effects={'credited': 0, 'failure_recorded': 0, 'consumed_no_effect': 0, 'still_held': 0}, closed=[])
Operator rebind by Astra-7519 (independently authorized fixture): plan p138 owner set to incident i138 (candidate=True, pending_before=0, effects={'credited': 0, 'failure_recorded': 0, 'consumed_no_effect': 0, 'still_held': 0}, closed=[])
Operator rebind by Astra-7519 (independently authorized fixture): plan p139 owner set to incident i139 (candidate=True, pending_before=0, effects={'credited': 0, 'failure_recorded': 0, 'consumed_no_effect': 0, 'still_held': 0}, closed=[])
Operator rebind by Astra-7519 (independently authorized fixture): plan p140 owner set to incident i140 (candidate=True, pending_before=0, effects={'credited': 0, 'failure_recorded': 0, 'consumed_no_effect': 0, 'still_held': 0}, closed=[])
Operator rebind by Astra-7519 (independently authorized fixture): plan p141 owner set to incident i141 (candidate=True, pending_before=0, effects={'credited': 0, 'failure_recorded': 0, 'consumed_no_effect': 0, 'still_held': 0}, closed=[])
Operator rebind by Astra-7519 (independently authorized fixture): plan p142 owner set to incident i142 (candidate=True, pending_before=0, effects={'credited': 0, 'failure_recorded': 0, 'consumed_no_effect': 0, 'still_held': 0}, closed=[])
Operator rebind by Astra-7519 (independently authorized fixture): plan p143 owner set to incident i143 (candidate=True, pending_before=0, effects={'credited': 0, 'failure_recorded': 0, 'consumed_no_effect': 0, 'still_held': 0}, closed=[])
Operator rebind by Astra-7519 (independently authorized fixture): plan p144 owner set to incident i144 (candidate=True, pending_before=0, effects={'credited': 0, 'failure_recorded': 0, 'consumed_no_effect': 0, 'still_held': 0}, closed=[])
Operator rebind by Astra-7519 (independently authorized fixture): plan p145 owner set to incident i145 (candidate=True, pending_before=0, effects={'credited': 0, 'failure_recorded': 0, 'consumed_no_effect': 0, 'still_held': 0}, closed=[])
Operator rebind by Astra-7519 (independently authorized fixture): plan p146 owner set to incident i146 (candidate=True, pending_before=0, effects={'credited': 0, 'failure_recorded': 0, 'consumed_no_effect': 0, 'still_held': 0}, closed=[])
Operator rebind by Astra-7519 (independently authorized fixture): plan p147 owner set to incident i147 (candidate=True, pending_before=0, effects={'credited': 0, 'failure_recorded': 0, 'consumed_no_effect': 0, 'still_held': 0}, closed=[])
Operator rebind by Astra-7519 (independently authorized fixture): plan p148 owner set to incident i148 (candidate=True, pending_before=0, effects={'credited': 0, 'failure_recorded': 0, 'consumed_no_effect': 0, 'still_held': 0}, closed=[])
Operator rebind by Astra-7519 (independently authorized fixture): plan p149 owner set to incident i149 (candidate=True, pending_before=0, effects={'credited': 0, 'failure_recorded': 0, 'consumed_no_effect': 0, 'still_held': 0}, closed=[])
Operator rebind by Astra-7519 (independently authorized fixture): plan p150 owner set to incident i150 (candidate=True, pending_before=0, effects={'credited': 0, 'failure_recorded': 0, 'consumed_no_effect': 0, 'still_held': 0}, closed=[])
Operator rebind by Astra-7519 (independently authorized fixture): plan p151 owner set to incident i151 (candidate=True, pending_before=0, effects={'credited': 0, 'failure_recorded': 0, 'consumed_no_effect': 0, 'still_held': 0}, closed=[])
Operator rebind by Astra-7519 (independently authorized fixture): plan p152 owner set to incident i152 (candidate=True, pending_before=0, effects={'credited': 0, 'failure_recorded': 0, 'consumed_no_effect': 0, 'still_held': 0}, closed=[])
Operator rebind by Astra-7519 (independently authorized fixture): plan p153 owner set to incident i153 (candidate=True, pending_before=0, effects={'credited': 0, 'failure_recorded': 0, 'consumed_no_effect': 0, 'still_held': 0}, closed=[])
Operator rebind by Astra-7519 (independently authorized fixture): plan p154 owner set to incident i154 (candidate=True, pending_before=0, effects={'credited': 0, 'failure_recorded': 0, 'consumed_no_effect': 0, 'still_held': 0}, closed=[])
Operator rebind by Astra-7519 (independently authorized fixture): plan p155 owner set to incident i155 (candidate=True, pending_before=0, effects={'credited': 0, 'failure_recorded': 0, 'consumed_no_effect': 0, 'still_held': 0}, closed=[])
Operator rebind by Astra-7519 (independently authorized fixture): plan p156 owner set to incident i156 (candidate=True, pending_before=0, effects={'credited': 0, 'failure_recorded': 0, 'consumed_no_effect': 0, 'still_held': 0}, closed=[])
Operator rebind by Astra-7519 (independently authorized fixture): plan p157 owner set to incident i157 (candidate=True, pending_before=0, effects={'credited': 0, 'failure_recorded': 0, 'consumed_no_effect': 0, 'still_held': 0}, closed=[])
Operator rebind by Astra-7519 (independently authorized fixture): plan p158 owner set to incident i158 (candidate=True, pending_before=0, effects={'credited': 0, 'failure_recorded': 0, 'consumed_no_effect': 0, 'still_held': 0}, closed=[])
Operator rebind by Astra-7519 (independently authorized fixture): plan p159 owner set to incident i159 (candidate=True, pending_before=0, effects={'credited': 0, 'failure_recorded': 0, 'consumed_no_effect': 0, 'still_held': 0}, closed=[])
Operator rebind by Astra-7519 (independently authorized fixture): plan p160 owner set to incident i160 (candidate=True, pending_before=0, effects={'credited': 0, 'failure_recorded': 0, 'consumed_no_effect': 0, 'still_held': 0}, closed=[])
Operator rebind by Astra-7519 (independently authorized fixture): plan p161 owner set to incident i161 (candidate=True, pending_before=0, effects={'credited': 0, 'failure_recorded': 0, 'consumed_no_effect': 0, 'still_held': 0}, closed=[])
Operator rebind by Astra-7519 (independently authorized fixture): plan p162 owner set to incident i162 (candidate=True, pending_before=0, effects={'credited': 0, 'failure_recorded': 0, 'consumed_no_effect': 0, 'still_held': 0}, closed=[])
Operator rebind by Astra-7519 (independently authorized fixture): plan p163 owner set to incident i163 (candidate=True, pending_before=0, effects={'credited': 0, 'failure_recorded': 0, 'consumed_no_effect': 0, 'still_held': 0}, closed=[])
Operator rebind by Astra-7519 (independently authorized fixture): plan p164 owner set to incident i164 (candidate=True, pending_before=0, effects={'credited': 0, 'failure_recorded': 0, 'consumed_no_effect': 0, 'still_held': 0}, closed=[])
Operator rebind by Astra-7519 (independently authorized fixture): plan p165 owner set to incident i165 (candidate=True, pending_before=0, effects={'credited': 0, 'failure_recorded': 0, 'consumed_no_effect': 0, 'still_held': 0}, closed=[])
Operator rebind by Astra-7519 (independently authorized fixture): plan p166 owner set to incident i166 (candidate=True, pending_before=0, effects={'credited': 0, 'failure_recorded': 0, 'consumed_no_effect': 0, 'still_held': 0}, closed=[])
Operator rebind by Astra-7519 (independently authorized fixture): plan p167 owner set to incident i167 (candidate=True, pending_before=0, effects={'credited': 0, 'failure_recorded': 0, 'consumed_no_effect': 0, 'still_held': 0}, closed=[])
Operator rebind by Astra-7519 (independently authorized fixture): plan p168 owner set to incident i168 (candidate=True, pending_before=0, effects={'credited': 0, 'failure_recorded': 0, 'consumed_no_effect': 0, 'still_held': 0}, closed=[])
Operator rebind by Astra-7519 (independently authorized fixture): plan p169 owner set to incident i169 (candidate=True, pending_before=0, effects={'credited': 0, 'failure_recorded': 0, 'consumed_no_effect': 0, 'still_held': 0}, closed=[])
Operator rebind by Astra-7519 (independently authorized fixture): plan p170 owner set to incident i170 (candidate=True, pending_before=0, effects={'credited': 0, 'failure_recorded': 0, 'consumed_no_effect': 0, 'still_held': 0}, closed=[])
Operator rebind by Astra-7519 (independently authorized fixture): plan p171 owner set to incident i171 (candidate=True, pending_before=0, effects={'credited': 0, 'failure_recorded': 0, 'consumed_no_effect': 0, 'still_held': 0}, closed=[])
Operator rebind by Astra-7519 (independently authorized fixture): plan p172 owner set to incident i172 (candidate=True, pending_before=0, effects={'credited': 0, 'failure_recorded': 0, 'consumed_no_effect': 0, 'still_held': 0}, closed=[])
Operator rebind by Astra-7519 (independently authorized fixture): plan p173 owner set to incident i173 (candidate=True, pending_before=0, effects={'credited': 0, 'failure_recorded': 0, 'consumed_no_effect': 0, 'still_held': 0}, closed=[])
Operator rebind by Astra-7519 (independently authorized fixture): plan p174 owner set to incident i174 (candidate=True, pending_before=0, effects={'credited': 0, 'failure_recorded': 0, 'consumed_no_effect': 0, 'still_held': 0}, closed=[])
Operator rebind by Astra-7519 (independently authorized fixture): plan p175 owner set to incident i175 (candidate=True, pending_before=0, effects={'credited': 0, 'failure_recorded': 0, 'consumed_no_effect': 0, 'still_held': 0}, closed=[])
Operator rebind by Astra-7519 (independently authorized fixture): plan p176 owner set to incident i176 (candidate=True, pending_before=0, effects={'credited': 0, 'failure_recorded': 0, 'consumed_no_effect': 0, 'still_held': 0}, closed=[])
Operator rebind by Astra-7519 (independently authorized fixture): plan p177 owner set to incident i177 (candidate=True, pending_before=0, effects={'credited': 0, 'failure_recorded': 0, 'consumed_no_effect': 0, 'still_held': 0}, closed=[])
Operator rebind by Astra-7519 (independently authorized fixture): plan p178 owner set to incident i178 (candidate=True, pending_before=0, effects={'credited': 0, 'failure_recorded': 0, 'consumed_no_effect': 0, 'still_held': 0}, closed=[])
Operator rebind by Astra-7519 (independently authorized fixture): plan p179 owner set to incident i179 (candidate=True, pending_before=0, effects={'credited': 0, 'failure_recorded': 0, 'consumed_no_effect': 0, 'still_held': 0}, closed=[])
Operator rebind by Astra-7519 (independently authorized fixture): plan p180 owner set to incident i180 (candidate=True, pending_before=0, effects={'credited': 0, 'failure_recorded': 0, 'consumed_no_effect': 0, 'still_held': 0}, closed=[])
Operator rebind by Astra-7519 (independently authorized fixture): plan p181 owner set to incident i181 (candidate=True, pending_before=0, effects={'credited': 0, 'failure_recorded': 0, 'consumed_no_effect': 0, 'still_held': 0}, closed=[])
Operator rebind by Astra-7519 (independently authorized fixture): plan p182 owner set to incident i182 (candidate=True, pending_before=0, effects={'credited': 0, 'failure_recorded': 0, 'consumed_no_effect': 0, 'still_held': 0}, closed=[])
Operator rebind by Astra-7519 (independently authorized fixture): plan p183 owner set to incident i183 (candidate=True, pending_before=0, effects={'credited': 0, 'failure_recorded': 0, 'consumed_no_effect': 0, 'still_held': 0}, closed=[])
Operator rebind by Astra-7519 (independently authorized fixture): plan p184 owner set to incident i184 (candidate=True, pending_before=0, effects={'credited': 0, 'failure_recorded': 0, 'consumed_no_effect': 0, 'still_held': 0}, closed=[])
Operator rebind by Astra-7519 (independently authorized fixture): plan p185 owner set to incident i185 (candidate=True, pending_before=0, effects={'credited': 0, 'failure_recorded': 0, 'consumed_no_effect': 0, 'still_held': 0}, closed=[])
Operator rebind by Astra-7519 (independently authorized fixture): plan p186 owner set to incident i186 (candidate=True, pending_before=0, effects={'credited': 0, 'failure_recorded': 0, 'consumed_no_effect': 0, 'still_held': 0}, closed=[])
Operator rebind by Astra-7519 (independently authorized fixture): plan p187 owner set to incident i187 (candidate=True, pending_before=0, effects={'credited': 0, 'failure_recorded': 0, 'consumed_no_effect': 0, 'still_held': 0}, closed=[])
Operator rebind by Astra-7519 (independently authorized fixture): plan p188 owner set to incident i188 (candidate=True, pending_before=0, effects={'credited': 0, 'failure_recorded': 0, 'consumed_no_effect': 0, 'still_held': 0}, closed=[])
Operator rebind by Astra-7519 (independently authorized fixture): plan p189 owner set to incident i189 (candidate=True, pending_before=0, effects={'credited': 0, 'failure_recorded': 0, 'consumed_no_effect': 0, 'still_held': 0}, closed=[])
Operator rebind by Astra-7519 (independently authorized fixture): plan p190 owner set to incident i190 (candidate=True, pending_before=0, effects={'credited': 0, 'failure_recorded': 0, 'consumed_no_effect': 0, 'still_held': 0}, closed=[])
Operator rebind by Astra-7519 (independently authorized fixture): plan p191 owner set to incident i191 (candidate=True, pending_before=0, effects={'credited': 0, 'failure_recorded': 0, 'consumed_no_effect': 0, 'still_held': 0}, closed=[])
Operator rebind by Astra-7519 (independently authorized fixture): plan p192 owner set to incident i192 (candidate=True, pending_before=0, effects={'credited': 0, 'failure_recorded': 0, 'consumed_no_effect': 0, 'still_held': 0}, closed=[])
Operator rebind by Astra-7519 (independently authorized fixture): plan p193 owner set to incident i193 (candidate=True, pending_before=0, effects={'credited': 0, 'failure_recorded': 0, 'consumed_no_effect': 0, 'still_held': 0}, closed=[])
Operator rebind by Astra-7519 (independently authorized fixture): plan p194 owner set to incident i194 (candidate=True, pending_before=0, effects={'credited': 0, 'failure_recorded': 0, 'consumed_no_effect': 0, 'still_held': 0}, closed=[])
Operator rebind by Astra-7519 (independently authorized fixture): plan p195 owner set to incident i195 (candidate=True, pending_before=0, effects={'credited': 0, 'failure_recorded': 0, 'consumed_no_effect': 0, 'still_held': 0}, closed=[])
Operator rebind by Astra-7519 (independently authorized fixture): plan p196 owner set to incident i196 (candidate=True, pending_before=0, effects={'credited': 0, 'failure_recorded': 0, 'consumed_no_effect': 0, 'still_held': 0}, closed=[])
Operator rebind by Astra-7519 (independently authorized fixture): plan p197 owner set to incident i197 (candidate=True, pending_before=0, effects={'credited': 0, 'failure_recorded': 0, 'consumed_no_effect': 0, 'still_held': 0}, closed=[])
Operator rebind by Astra-7519 (independently authorized fixture): plan p198 owner set to incident i198 (candidate=True, pending_before=0, effects={'credited': 0, 'failure_recorded': 0, 'consumed_no_effect': 0, 'still_held': 0}, closed=[])
Operator rebind by Astra-7519 (independently authorized fixture): plan p199 owner set to incident i199 (candidate=True, pending_before=0, effects={'credited': 0, 'failure_recorded': 0, 'consumed_no_effect': 0, 'still_held': 0}, closed=[])
Operator rebind by Astra-7519 (independently authorized fixture): plan p200 owner set to incident i200 (candidate=True, pending_before=0, effects={'credited': 0, 'failure_recorded': 0, 'consumed_no_effect': 0, 'still_held': 0}, closed=[])
Operator rebind by Astra-7519 (independently authorized fixture): plan p201 owner set to incident i201 (candidate=True, pending_before=0, effects={'credited': 0, 'failure_recorded': 0, 'consumed_no_effect': 0, 'still_held': 0}, closed=[])
Operator rebind by Astra-7519 (independently authorized fixture): plan p202 owner set to incident i202 (candidate=True, pending_before=0, effects={'credited': 0, 'failure_recorded': 0, 'consumed_no_effect': 0, 'still_held': 0}, closed=[])
Operator rebind by Astra-7519 (independently authorized fixture): plan p203 owner set to incident i203 (candidate=True, pending_before=0, effects={'credited': 0, 'failure_recorded': 0, 'consumed_no_effect': 0, 'still_held': 0}, closed=[])
Operator rebind by Astra-7519 (independently authorized fixture): plan p204 owner set to incident i204 (candidate=True, pending_before=0, effects={'credited': 0, 'failure_recorded': 0, 'consumed_no_effect': 0, 'still_held': 0}, closed=[])
Operator rebind by Astra-7519 (independently authorized fixture): plan p205 owner set to incident i205 (candidate=True, pending_before=0, effects={'credited': 0, 'failure_recorded': 0, 'consumed_no_effect': 0, 'still_held': 0}, closed=[])
Operator rebind by Astra-7519 (independently authorized fixture): plan p206 owner set to incident i206 (candidate=True, pending_before=0, effects={'credited': 0, 'failure_recorded': 0, 'consumed_no_effect': 0, 'still_held': 0}, closed=[])
Operator rebind by Astra-7519 (independently authorized fixture): plan p207 owner set to incident i207 (candidate=True, pending_before=0, effects={'credited': 0, 'failure_recorded': 0, 'consumed_no_effect': 0, 'still_held': 0}, closed=[])
Operator rebind by Astra-7519 (independently authorized fixture): plan p208 owner set to incident i208 (candidate=True, pending_before=0, effects={'credited': 0, 'failure_recorded': 0, 'consumed_no_effect': 0, 'still_held': 0}, closed=[])
Operator rebind by Astra-7519 (independently authorized fixture): plan p209 owner set to incident i209 (candidate=True, pending_before=0, effects={'credited': 0, 'failure_recorded': 0, 'consumed_no_effect': 0, 'still_held': 0}, closed=[])
Operator rebind by Astra-7519 (independently authorized fixture): plan p210 owner set to incident i210 (candidate=True, pending_before=0, effects={'credited': 0, 'failure_recorded': 0, 'consumed_no_effect': 0, 'still_held': 0}, closed=[])
Operator rebind by Astra-7519 (independently authorized fixture): plan p211 owner set to incident i211 (candidate=True, pending_before=0, effects={'credited': 0, 'failure_recorded': 0, 'consumed_no_effect': 0, 'still_held': 0}, closed=[])
Operator rebind by Astra-7519 (independently authorized fixture): plan p212 owner set to incident i212 (candidate=True, pending_before=0, effects={'credited': 0, 'failure_recorded': 0, 'consumed_no_effect': 0, 'still_held': 0}, closed=[])
Operator rebind by Astra-7519 (independently authorized fixture): plan p213 owner set to incident i213 (candidate=True, pending_before=0, effects={'credited': 0, 'failure_recorded': 0, 'consumed_no_effect': 0, 'still_held': 0}, closed=[])
Operator rebind by Astra-7519 (independently authorized fixture): plan p214 owner set to incident i214 (candidate=True, pending_before=0, effects={'credited': 0, 'failure_recorded': 0, 'consumed_no_effect': 0, 'still_held': 0}, closed=[])
Operator rebind by Astra-7519 (independently authorized fixture): plan p215 owner set to incident i215 (candidate=True, pending_before=0, effects={'credited': 0, 'failure_recorded': 0, 'consumed_no_effect': 0, 'still_held': 0}, closed=[])
Operator rebind by Astra-7519 (independently authorized fixture): plan p216 owner set to incident i216 (candidate=True, pending_before=0, effects={'credited': 0, 'failure_recorded': 0, 'consumed_no_effect': 0, 'still_held': 0}, closed=[])
Operator rebind by Astra-7519 (independently authorized fixture): plan p217 owner set to incident i217 (candidate=True, pending_before=0, effects={'credited': 0, 'failure_recorded': 0, 'consumed_no_effect': 0, 'still_held': 0}, closed=[])
Operator rebind by Astra-7519 (independently authorized fixture): plan p218 owner set to incident i218 (candidate=True, pending_before=0, effects={'credited': 0, 'failure_recorded': 0, 'consumed_no_effect': 0, 'still_held': 0}, closed=[])
Operator rebind by Astra-7519 (independently authorized fixture): plan p219 owner set to incident i219 (candidate=True, pending_before=0, effects={'credited': 0, 'failure_recorded': 0, 'consumed_no_effect': 0, 'still_held': 0}, closed=[])
Operator rebind by Astra-7519 (independently authorized fixture): plan p220 owner set to incident i220 (candidate=True, pending_before=0, effects={'credited': 0, 'failure_recorded': 0, 'consumed_no_effect': 0, 'still_held': 0}, closed=[])
Operator rebind by Astra-7519 (independently authorized fixture): plan p221 owner set to incident i221 (candidate=True, pending_before=0, effects={'credited': 0, 'failure_recorded': 0, 'consumed_no_effect': 0, 'still_held': 0}, closed=[])
Operator rebind by Astra-7519 (independently authorized fixture): plan p222 owner set to incident i222 (candidate=True, pending_before=0, effects={'credited': 0, 'failure_recorded': 0, 'consumed_no_effect': 0, 'still_held': 0}, closed=[])
Operator rebind by Astra-7519 (independently authorized fixture): plan p223 owner set to incident i223 (candidate=True, pending_before=0, effects={'credited': 0, 'failure_recorded': 0, 'consumed_no_effect': 0, 'still_held': 0}, closed=[])
Operator rebind by Astra-7519 (independently authorized fixture): plan p224 owner set to incident i224 (candidate=True, pending_before=0, effects={'credited': 0, 'failure_recorded': 0, 'consumed_no_effect': 0, 'still_held': 0}, closed=[])
Operator rebind by Astra-7519 (independently authorized fixture): plan p225 owner set to incident i225 (candidate=True, pending_before=0, effects={'credited': 0, 'failure_recorded': 0, 'consumed_no_effect': 0, 'still_held': 0}, closed=[])
Operator rebind by Astra-7519 (independently authorized fixture): plan p226 owner set to incident i226 (candidate=True, pending_before=0, effects={'credited': 0, 'failure_recorded': 0, 'consumed_no_effect': 0, 'still_held': 0}, closed=[])
Operator rebind by Astra-7519 (independently authorized fixture): plan p227 owner set to incident i227 (candidate=True, pending_before=0, effects={'credited': 0, 'failure_recorded': 0, 'consumed_no_effect': 0, 'still_held': 0}, closed=[])
Operator rebind by Astra-7519 (independently authorized fixture): plan p228 owner set to incident i228 (candidate=True, pending_before=0, effects={'credited': 0, 'failure_recorded': 0, 'consumed_no_effect': 0, 'still_held': 0}, closed=[])
Operator rebind by Astra-7519 (independently authorized fixture): plan p229 owner set to incident i229 (candidate=True, pending_before=0, effects={'credited': 0, 'failure_recorded': 0, 'consumed_no_effect': 0, 'still_held': 0}, closed=[])
Operator rebind by Astra-7519 (independently authorized fixture): plan p230 owner set to incident i230 (candidate=True, pending_before=0, effects={'credited': 0, 'failure_recorded': 0, 'consumed_no_effect': 0, 'still_held': 0}, closed=[])
Operator rebind by Astra-7519 (independently authorized fixture): plan p231 owner set to incident i231 (candidate=True, pending_before=0, effects={'credited': 0, 'failure_recorded': 0, 'consumed_no_effect': 0, 'still_held': 0}, closed=[])
Operator rebind by Astra-7519 (independently authorized fixture): plan p232 owner set to incident i232 (candidate=True, pending_before=0, effects={'credited': 0, 'failure_recorded': 0, 'consumed_no_effect': 0, 'still_held': 0}, closed=[])
Operator rebind by Astra-7519 (independently authorized fixture): plan p233 owner set to incident i233 (candidate=True, pending_before=0, effects={'credited': 0, 'failure_recorded': 0, 'consumed_no_effect': 0, 'still_held': 0}, closed=[])
Operator rebind by Astra-7519 (independently authorized fixture): plan p234 owner set to incident i234 (candidate=True, pending_before=0, effects={'credited': 0, 'failure_recorded': 0, 'consumed_no_effect': 0, 'still_held': 0}, closed=[])
Operator rebind by Astra-7519 (independently authorized fixture): plan p235 owner set to incident i235 (candidate=True, pending_before=0, effects={'credited': 0, 'failure_recorded': 0, 'consumed_no_effect': 0, 'still_held': 0}, closed=[])
Operator rebind by Astra-7519 (independently authorized fixture): plan p236 owner set to incident i236 (candidate=True, pending_before=0, effects={'credited': 0, 'failure_recorded': 0, 'consumed_no_effect': 0, 'still_held': 0}, closed=[])
Operator rebind by Astra-7519 (independently authorized fixture): plan p237 owner set to incident i237 (candidate=True, pending_before=0, effects={'credited': 0, 'failure_recorded': 0, 'consumed_no_effect': 0, 'still_held': 0}, closed=[])
Operator rebind by Astra-7519 (independently authorized fixture): plan p238 owner set to incident i238 (candidate=True, pending_before=0, effects={'credited': 0, 'failure_recorded': 0, 'consumed_no_effect': 0, 'still_held': 0}, closed=[])
Operator rebind by Astra-7519 (independently authorized fixture): plan p239 owner set to incident i239 (candidate=True, pending_before=0, effects={'credited': 0, 'failure_recorded': 0, 'consumed_no_effect': 0, 'still_held': 0}, closed=[])
Operator rebind by Astra-7519 (independently authorized fixture): plan p240 owner set to incident i240 (candidate=True, pending_before=0, effects={'credited': 0, 'failure_recorded': 0, 'consumed_no_effect': 0, 'still_held': 0}, closed=[])
Operator rebind by Astra-7519 (independently authorized fixture): plan p241 owner set to incident i241 (candidate=True, pending_before=0, effects={'credited': 0, 'failure_recorded': 0, 'consumed_no_effect': 0, 'still_held': 0}, closed=[])
Operator rebind by Astra-7519 (independently authorized fixture): plan p242 owner set to incident i242 (candidate=True, pending_before=0, effects={'credited': 0, 'failure_recorded': 0, 'consumed_no_effect': 0, 'still_held': 0}, closed=[])
Operator rebind by Astra-7519 (independently authorized fixture): plan p243 owner set to incident i243 (candidate=True, pending_before=0, effects={'credited': 0, 'failure_recorded': 0, 'consumed_no_effect': 0, 'still_held': 0}, closed=[])
Operator rebind by Astra-7519 (independently authorized fixture): plan p244 owner set to incident i244 (candidate=True, pending_before=0, effects={'credited': 0, 'failure_recorded': 0, 'consumed_no_effect': 0, 'still_held': 0}, closed=[])
Operator rebind by Astra-7519 (independently authorized fixture): plan p245 owner set to incident i245 (candidate=True, pending_before=0, effects={'credited': 0, 'failure_recorded': 0, 'consumed_no_effect': 0, 'still_held': 0}, closed=[])
Operator rebind by Astra-7519 (independently authorized fixture): plan p246 owner set to incident i246 (candidate=True, pending_before=0, effects={'credited': 0, 'failure_recorded': 0, 'consumed_no_effect': 0, 'still_held': 0}, closed=[])
Operator rebind by Astra-7519 (independently authorized fixture): plan p247 owner set to incident i247 (candidate=True, pending_before=0, effects={'credited': 0, 'failure_recorded': 0, 'consumed_no_effect': 0, 'still_held': 0}, closed=[])
Operator rebind by Astra-7519 (independently authorized fixture): plan p248 owner set to incident i248 (candidate=True, pending_before=0, effects={'credited': 0, 'failure_recorded': 0, 'consumed_no_effect': 0, 'still_held': 0}, closed=[])
Operator rebind by Astra-7519 (independently authorized fixture): plan p249 owner set to incident i249 (candidate=True, pending_before=0, effects={'credited': 0, 'failure_recorded': 0, 'consumed_no_effect': 0, 'still_held': 0}, closed=[])
Operator rebind by Astra-7519 (independently authorized fixture): plan p250 owner set to incident i250 (candidate=True, pending_before=0, effects={'credited': 0, 'failure_recorded': 0, 'consumed_no_effect': 0, 'still_held': 0}, closed=[])
Operator rebind by Astra-7519 (independently authorized fixture): plan p251 owner set to incident i251 (candidate=True, pending_before=0, effects={'credited': 0, 'failure_recorded': 0, 'consumed_no_effect': 0, 'still_held': 0}, closed=[])
Operator rebind by Astra-7519 (independently authorized fixture): plan p252 owner set to incident i252 (candidate=True, pending_before=0, effects={'credited': 0, 'failure_recorded': 0, 'consumed_no_effect': 0, 'still_held': 0}, closed=[])
Operator rebind by Astra-7519 (independently authorized fixture): plan p253 owner set to incident i253 (candidate=True, pending_before=0, effects={'credited': 0, 'failure_recorded': 0, 'consumed_no_effect': 0, 'still_held': 0}, closed=[])
Operator rebind by Astra-7519 (independently authorized fixture): plan p254 owner set to incident i254 (candidate=True, pending_before=0, effects={'credited': 0, 'failure_recorded': 0, 'consumed_no_effect': 0, 'still_held': 0}, closed=[])
Operator rebind by Astra-7519 (independently authorized fixture): plan p255 owner set to incident i255 (candidate=True, pending_before=0, effects={'credited': 0, 'failure_recorded': 0, 'consumed_no_effect': 0, 'still_held': 0}, closed=[])
Operator rebind by Astra-7519 (independently authorized fixture): plan p256 owner set to incident i256 (candidate=True, pending_before=0, effects={'credited': 0, 'failure_recorded': 0, 'consumed_no_effect': 0, 'still_held': 0}, closed=[])
Operator rebind by Astra-7519 (independently authorized fixture): plan p257 owner set to incident i257 (candidate=True, pending_before=0, effects={'credited': 0, 'failure_recorded': 0, 'consumed_no_effect': 0, 'still_held': 0}, closed=[])
Operator rebind by Astra-7519 (independently authorized fixture): plan p258 owner set to incident i258 (candidate=True, pending_before=0, effects={'credited': 0, 'failure_recorded': 0, 'consumed_no_effect': 0, 'still_held': 0}, closed=[])
Operator rebind by Astra-7519 (independently authorized fixture): plan p259 owner set to incident i259 (candidate=True, pending_before=0, effects={'credited': 0, 'failure_recorded': 0, 'consumed_no_effect': 0, 'still_held': 0}, closed=[])
Operator rebind by Astra-7519 (independently authorized fixture): plan p260 owner set to incident i260 (candidate=True, pending_before=0, effects={'credited': 0, 'failure_recorded': 0, 'consumed_no_effect': 0, 'still_held': 0}, closed=[])
Operator rebind by Astra-7519 (independently authorized fixture): plan p261 owner set to incident i261 (candidate=True, pending_before=0, effects={'credited': 0, 'failure_recorded': 0, 'consumed_no_effect': 0, 'still_held': 0}, closed=[])
Operator rebind by Astra-7519 (independently authorized fixture): plan p262 owner set to incident i262 (candidate=True, pending_before=0, effects={'credited': 0, 'failure_recorded': 0, 'consumed_no_effect': 0, 'still_held': 0}, closed=[])
Operator rebind by Astra-7519 (independently authorized fixture): plan p263 owner set to incident i263 (candidate=True, pending_before=0, effects={'credited': 0, 'failure_recorded': 0, 'consumed_no_effect': 0, 'still_held': 0}, closed=[])
Operator rebind by Astra-7519 (independently authorized fixture): plan p264 owner set to incident i264 (candidate=True, pending_before=0, effects={'credited': 0, 'failure_recorded': 0, 'consumed_no_effect': 0, 'still_held': 0}, closed=[])
Operator rebind by Astra-7519 (independently authorized fixture): plan p265 owner set to incident i265 (candidate=True, pending_before=0, effects={'credited': 0, 'failure_recorded': 0, 'consumed_no_effect': 0, 'still_held': 0}, closed=[])
Operator rebind by Astra-7519 (independently authorized fixture): plan p266 owner set to incident i266 (candidate=True, pending_before=0, effects={'credited': 0, 'failure_recorded': 0, 'consumed_no_effect': 0, 'still_held': 0}, closed=[])
Operator rebind by Astra-7519 (independently authorized fixture): plan p267 owner set to incident i267 (candidate=True, pending_before=0, effects={'credited': 0, 'failure_recorded': 0, 'consumed_no_effect': 0, 'still_held': 0}, closed=[])
Operator rebind by Astra-7519 (independently authorized fixture): plan p268 owner set to incident i268 (candidate=True, pending_before=0, effects={'credited': 0, 'failure_recorded': 0, 'consumed_no_effect': 0, 'still_held': 0}, closed=[])
Operator rebind by Astra-7519 (independently authorized fixture): plan p269 owner set to incident i269 (candidate=True, pending_before=0, effects={'credited': 0, 'failure_recorded': 0, 'consumed_no_effect': 0, 'still_held': 0}, closed=[])
Operator rebind by Astra-7519 (independently authorized fixture): plan p270 owner set to incident i270 (candidate=True, pending_before=0, effects={'credited': 0, 'failure_recorded': 0, 'consumed_no_effect': 0, 'still_held': 0}, closed=[])
Operator rebind by Astra-7519 (independently authorized fixture): plan p271 owner set to incident i271 (candidate=True, pending_before=0, effects={'credited': 0, 'failure_recorded': 0, 'consumed_no_effect': 0, 'still_held': 0}, closed=[])
Operator rebind by Astra-7519 (independently authorized fixture): plan p272 owner set to incident i272 (candidate=True, pending_before=0, effects={'credited': 0, 'failure_recorded': 0, 'consumed_no_effect': 0, 'still_held': 0}, closed=[])
Operator rebind by Astra-7519 (independently authorized fixture): plan p273 owner set to incident i273 (candidate=True, pending_before=0, effects={'credited': 0, 'failure_recorded': 0, 'consumed_no_effect': 0, 'still_held': 0}, closed=[])
Operator rebind by Astra-7519 (independently authorized fixture): plan p274 owner set to incident i274 (candidate=True, pending_before=0, effects={'credited': 0, 'failure_recorded': 0, 'consumed_no_effect': 0, 'still_held': 0}, closed=[])
Operator rebind by Astra-7519 (independently authorized fixture): plan p275 owner set to incident i275 (candidate=True, pending_before=0, effects={'credited': 0, 'failure_recorded': 0, 'consumed_no_effect': 0, 'still_held': 0}, closed=[])
Operator rebind by Astra-7519 (independently authorized fixture): plan p276 owner set to incident i276 (candidate=True, pending_before=0, effects={'credited': 0, 'failure_recorded': 0, 'consumed_no_effect': 0, 'still_held': 0}, closed=[])
Operator rebind by Astra-7519 (independently authorized fixture): plan p277 owner set to incident i277 (candidate=True, pending_before=0, effects={'credited': 0, 'failure_recorded': 0, 'consumed_no_effect': 0, 'still_held': 0}, closed=[])
Operator rebind by Astra-7519 (independently authorized fixture): plan p278 owner set to incident i278 (candidate=True, pending_before=0, effects={'credited': 0, 'failure_recorded': 0, 'consumed_no_effect': 0, 'still_held': 0}, closed=[])
Operator rebind by Astra-7519 (independently authorized fixture): plan p279 owner set to incident i279 (candidate=True, pending_before=0, effects={'credited': 0, 'failure_recorded': 0, 'consumed_no_effect': 0, 'still_held': 0}, closed=[])
Operator rebind by Astra-7519 (independently authorized fixture): plan p280 owner set to incident i280 (candidate=True, pending_before=0, effects={'credited': 0, 'failure_recorded': 0, 'consumed_no_effect': 0, 'still_held': 0}, closed=[])
Operator rebind by Astra-7519 (independently authorized fixture): plan p281 owner set to incident i281 (candidate=True, pending_before=0, effects={'credited': 0, 'failure_recorded': 0, 'consumed_no_effect': 0, 'still_held': 0}, closed=[])
Operator rebind by Astra-7519 (independently authorized fixture): plan p282 owner set to incident i282 (candidate=True, pending_before=0, effects={'credited': 0, 'failure_recorded': 0, 'consumed_no_effect': 0, 'still_held': 0}, closed=[])
Operator rebind by Astra-7519 (independently authorized fixture): plan p283 owner set to incident i283 (candidate=True, pending_before=0, effects={'credited': 0, 'failure_recorded': 0, 'consumed_no_effect': 0, 'still_held': 0}, closed=[])
Operator rebind by Astra-7519 (independently authorized fixture): plan p284 owner set to incident i284 (candidate=True, pending_before=0, effects={'credited': 0, 'failure_recorded': 0, 'consumed_no_effect': 0, 'still_held': 0}, closed=[])
Operator rebind by Astra-7519 (independently authorized fixture): plan p285 owner set to incident i285 (candidate=True, pending_before=0, effects={'credited': 0, 'failure_recorded': 0, 'consumed_no_effect': 0, 'still_held': 0}, closed=[])
Operator rebind by Astra-7519 (independently authorized fixture): plan p286 owner set to incident i286 (candidate=True, pending_before=0, effects={'credited': 0, 'failure_recorded': 0, 'consumed_no_effect': 0, 'still_held': 0}, closed=[])
Operator rebind by Astra-7519 (independently authorized fixture): plan p287 owner set to incident i287 (candidate=True, pending_before=0, effects={'credited': 0, 'failure_recorded': 0, 'consumed_no_effect': 0, 'still_held': 0}, closed=[])
Operator rebind by Astra-7519 (independently authorized fixture): plan p288 owner set to incident i288 (candidate=True, pending_before=0, effects={'credited': 0, 'failure_recorded': 0, 'consumed_no_effect': 0, 'still_held': 0}, closed=[])
Operator rebind by Astra-7519 (independently authorized fixture): plan p289 owner set to incident i289 (candidate=True, pending_before=0, effects={'credited': 0, 'failure_recorded': 0, 'consumed_no_effect': 0, 'still_held': 0}, closed=[])
Operator rebind by Astra-7519 (independently authorized fixture): plan p290 owner set to incident i290 (candidate=True, pending_before=0, effects={'credited': 0, 'failure_recorded': 0, 'consumed_no_effect': 0, 'still_held': 0}, closed=[])
Operator rebind by Astra-7519 (independently authorized fixture): plan p291 owner set to incident i291 (candidate=True, pending_before=0, effects={'credited': 0, 'failure_recorded': 0, 'consumed_no_effect': 0, 'still_held': 0}, closed=[])
Operator rebind by Astra-7519 (independently authorized fixture): plan p292 owner set to incident i292 (candidate=True, pending_before=0, effects={'credited': 0, 'failure_recorded': 0, 'consumed_no_effect': 0, 'still_held': 0}, closed=[])
Operator rebind by Astra-7519 (independently authorized fixture): plan p293 owner set to incident i293 (candidate=True, pending_before=0, effects={'credited': 0, 'failure_recorded': 0, 'consumed_no_effect': 0, 'still_held': 0}, closed=[])
Operator rebind by Astra-7519 (independently authorized fixture): plan p294 owner set to incident i294 (candidate=True, pending_before=0, effects={'credited': 0, 'failure_recorded': 0, 'consumed_no_effect': 0, 'still_held': 0}, closed=[])
Operator rebind by Astra-7519 (independently authorized fixture): plan p295 owner set to incident i295 (candidate=True, pending_before=0, effects={'credited': 0, 'failure_recorded': 0, 'consumed_no_effect': 0, 'still_held': 0}, closed=[])
Operator rebind by Astra-7519 (independently authorized fixture): plan p296 owner set to incident i296 (candidate=True, pending_before=0, effects={'credited': 0, 'failure_recorded': 0, 'consumed_no_effect': 0, 'still_held': 0}, closed=[])
Operator rebind by Astra-7519 (independently authorized fixture): plan p297 owner set to incident i297 (candidate=True, pending_before=0, effects={'credited': 0, 'failure_recorded': 0, 'consumed_no_effect': 0, 'still_held': 0}, closed=[])
Operator rebind by Astra-7519 (independently authorized fixture): plan p298 owner set to incident i298 (candidate=True, pending_before=0, effects={'credited': 0, 'failure_recorded': 0, 'consumed_no_effect': 0, 'still_held': 0}, closed=[])
Operator rebind by Astra-7519 (independently authorized fixture): plan p299 owner set to incident i299 (candidate=True, pending_before=0, effects={'credited': 0, 'failure_recorded': 0, 'consumed_no_effect': 0, 'still_held': 0}, closed=[])
Rejecting PLAN p -> i: plan is owned by incident j
Rejecting PLAN p -> i from a1: plan is owned by incident j
Rejecting contradictory receipt foreign (incident i linked to plan p; plan p owned by j)
Rejecting PLAN p -> i: plan is owned by incident j
Rejecting PLAN p -> i from a1: plan is owned by incident j
Rejecting contradictory receipt foreign (incident i linked to plan p; plan p owned by j)
Rejecting PLAN p -> i: plan is owned by incident j
Rejecting PLAN p -> i from a1: plan is owned by incident j
Rejecting contradictory receipt foreign (incident i linked to plan p; plan p owned by j)
Rejecting PLAN p -> i: plan is owned by incident j
Rejecting PLAN p -> i from a1: plan is owned by incident j
Rejecting contradictory receipt foreign (incident i linked to plan p; plan p owned by j)
