Failed to download attachment att_f6e16adc91bd0af0
Traceback (most recent call last):
  File "/home/openclaw/research-agent/projects/hive-appliance/repos/hive-astra-7024/conversation/attachments.py", line 794, in _download_one
    raise RuntimeError("download lease was lost before publication")
RuntimeError: download lease was lost before publication
Failed to create checkpoint before repair
Traceback (most recent call last):
  File "/home/openclaw/research-agent/projects/hive-appliance/repos/hive-astra-7024/controller/appliance.py", line 277, in _do_repair
    checkpoint = self._checkpoint_mgr.create(
  File "/usr/lib/python3.10/unittest/mock.py", line 1114, in __call__
    return self._mock_call(*args, **kwargs)
  File "/usr/lib/python3.10/unittest/mock.py", line 1118, in _mock_call
    return self._execute_mock_call(*args, **kwargs)
  File "/usr/lib/python3.10/unittest/mock.py", line 1173, in _execute_mock_call
    raise effect
OSError: checkpoint unavailable
Failed to rollback after repair failure
Traceback (most recent call last):
  File "/home/openclaw/research-agent/projects/hive-appliance/repos/hive-astra-7024/controller/appliance.py", line 344, in _do_repair
    restored = self._checkpoint_mgr.load(checkpoint.id)
  File "/usr/lib/python3.10/unittest/mock.py", line 1114, in __call__
    return self._mock_call(*args, **kwargs)
  File "/usr/lib/python3.10/unittest/mock.py", line 1118, in _mock_call
    return self._execute_mock_call(*args, **kwargs)
  File "/usr/lib/python3.10/unittest/mock.py", line 1179, in _execute_mock_call
    result = effect(*args, **kwargs)
  File "/home/openclaw/research-agent/projects/hive-appliance/experiments/20260927-astra-7024/probes.py", line 329, in load
    if calls[0]>1 and mode=='rollback_raises': raise OSError('rollback unavailable')
OSError: rollback unavailable
Attachment worker did not stop within 0.0s
Refusing to unlink uncontained attachment file /home/openclaw/research-agent/projects/hive-appliance/experiments/20260927-astra-7024/tmp/P2_effect_boundary-euoonzp9/append/root/tg/room/2023-11-14/att_f6e16adc91bd0af0.05e9d76b84844ea2bfb8b79c29a7b419.bin
Refusing to unlink uncontained attachment file /home/openclaw/research-agent/projects/hive-appliance/experiments/20260927-astra-7024/tmp/P2_effect_boundary-euoonzp9/update/root/tg/room/2023-11-14/att_f6e16adc91bd0af0.adc37c7bfd864c7ba204ce4cdb21473f.bin
Refusing to unlink uncontained attachment file /home/openclaw/research-agent/projects/hive-appliance/experiments/20260927-astra-7024/tmp/P2_effect_boundary-euoonzp9/delete_unknown_root/external
Rejected attachment att_f6e16adc91bd0af0: local_path outside attachments root
Refusing to unlink uncontained attachment file /home/openclaw/research-agent/projects/hive-appliance/experiments/20260927-astra-7024/tmp/P2_effect_boundary-euoonzp9/delete_configured_root/external
