{
  "buffered_failure_after_verified": {
    "counts_local_hive": [
      [
        1,
        1
      ],
      [
        1,
        1
      ],
      [
        1,
        1
      ],
      [
        1,
        1
      ],
      [
        1,
        1
      ]
    ],
    "local_failed": {
      "p": [
        0
      ]
    },
    "hive_failed": {
      "a:p": [
        0
      ]
    }
  },
  "buffered_failure_then_retry": {
    "counts_local_hive": [
      [
        1,
        1
      ],
      [
        1,
        1
      ],
      [
        1,
        1
      ],
      [
        1,
        1
      ],
      [
        1,
        1
      ],
      [
        0,
        0
      ]
    ],
    "local_failed": {
      "p": []
    },
    "hive_failed": {
      "a:p": []
    }
  },
  "contradictory_incident_identity": {
    "counts_local_hive": [
      [
        1,
        1
      ],
      [
        2,
        2
      ],
      [
        2,
        2
      ],
      [
        2,
        2
      ],
      [
        2,
        2
      ],
      [
        2,
        2
      ]
    ],
    "local_failed": {
      "p": [],
      "q": []
    },
    "hive_failed": {
      "a:p": [],
      "a:q": []
    }
  }
}
