{
  "late_all_replay": {
    "counts": [
      1,
      1,
      1,
      1,
      0,
      0,
      0,
      0
    ],
    "local_hive_agree": true,
    "resolve_transitions": 1,
    "local_seen": 2,
    "hive_seen": 2
  },
  "early_then_plan": {
    "counts": [
      1,
      1,
      1,
      0
    ],
    "local_hive_agree": true,
    "resolve_transitions": 1,
    "local_seen": 2,
    "hive_seen": 2
  },
  "duplicates": {
    "counts": [
      1,
      1,
      1,
      1,
      0
    ],
    "local_hive_agree": true,
    "resolve_transitions": 1,
    "local_seen": 3,
    "hive_seen": 3
  },
  "invalid": {
    "counts": [
      1,
      1,
      1,
      1,
      1,
      1,
      1,
      1,
      1,
      1,
      0
    ],
    "local_hive_agree": true,
    "resolve_transitions": 1,
    "local_seen": 9,
    "hive_seen": 9
  },
  "retry": {
    "counts": [
      1,
      1,
      1,
      1,
      0,
      0
    ],
    "local_hive_agree": true,
    "resolve_transitions": 1,
    "local_seen": 3,
    "hive_seen": 3
  },
  "pending_snapshot": {
    "counts": [
      1,
      1,
      1,
      0,
      0
    ],
    "local_hive_agree": true,
    "resolve_transitions": 1,
    "local_seen": 2,
    "hive_seen": 2
  },
  "progress_snapshot": {
    "counts": [
      1,
      1,
      1,
      1,
      0
    ],
    "local_hive_agree": true,
    "resolve_transitions": 1,
    "local_seen": 3,
    "hive_seen": 3
  },
  "legacy_snapshot": "boolean evidence discarded; fresh distinct steps required",
  "public_repair_failure_False": {
    "verified": [
      true,
      true
    ],
    "calls": [
      0,
      1
    ],
    "local_open": 0,
    "hive_open": 0,
    "health": "healthy",
    "outcome": "resolved"
  },
  "public_repair_failure_True": {
    "verified": [
      true,
      false
    ],
    "calls": [
      0,
      1
    ],
    "local_open": 1,
    "hive_open": 1,
    "health": "failed",
    "outcome": "rolled_back"
  },
  "production_paths_custom_False": {
    "root_matches": true,
    "rejected": [
      0,
      0,
      0,
      0,
      0,
      0
    ],
    "canonical": "/tmp/hive-astra-7701/20261008-astra-7701/tmp/tmpf5c_i12d/False/attachments/x",
    "download_results": [
      {
        "id": "att_5a5ca52715e4c2df",
        "success": true,
        "path": "/tmp/hive-astra-7701/20261008-astra-7701/tmp/tmpf5c_i12d/False/attachments/tg/r/2026-10-09/att_5a5ca52715e4c2df.5ec37bb74eb449f79dd61564364ee658.bin"
      },
      {
        "id": "att_9954bf54a9e8124c",
        "success": true,
        "path": "/tmp/hive-astra-7701/20261008-astra-7701/tmp/tmpf5c_i12d/False/attachments/tg/r/2026-10-09/att_9954bf54a9e8124c.286618a7145f474e95f43704c27d7186.bin"
      }
    ],
    "outside_untouched": true
  },
  "production_paths_custom_True": {
    "root_matches": true,
    "rejected": [
      0,
      0,
      0,
      0,
      0,
      0
    ],
    "canonical": "/tmp/hive-astra-7701/20261008-astra-7701/tmp/tmpf5c_i12d/True/custom/x",
    "download_results": [
      {
        "id": "att_5a5ca52715e4c2df",
        "success": true,
        "path": "/tmp/hive-astra-7701/20261008-astra-7701/tmp/tmpf5c_i12d/True/custom/tg/r/2026-10-09/att_5a5ca52715e4c2df.7ae759ea2c7e453da75376015fcaa3d0.bin"
      },
      {
        "id": "att_9954bf54a9e8124c",
        "success": true,
        "path": "/tmp/hive-astra-7701/20261008-astra-7701/tmp/tmpf5c_i12d/True/custom/tg/r/2026-10-09/att_9954bf54a9e8124c.42cb568548ad4185a8b3dc3c23e4600c.bin"
      }
    ],
    "outside_untouched": true
  }
}
