{
  "source_files": 151,
  "prior_manifests": [
    {
      "round": "7669",
      "exit": 0,
      "stdout": "verified 315 artifact/report hashes; complete manifest coverage\n",
      "stderr": ""
    },
    {
      "round": "7678",
      "exit": 0,
      "stdout": "verified 351 artifact/report hashes; complete manifest coverage\n",
      "stderr": ""
    },
    {
      "round": "7694",
      "exit": 0,
      "stdout": "verified 355 artifact/report hashes; complete manifest coverage\n",
      "stderr": ""
    }
  ],
  "offline_verified": true
}
