{
  "late_all_replay": {
    "counts": [
      1,
      1,
      1,
      1,
      0,
      0,
      0,
      0
    ],
    "local_hive_agree": true,
    "resolve_transitions": 1,
    "local_seen": 2,
    "hive_seen": 2
  },
  "early_then_plan": {
    "counts": [
      1,
      1,
      1,
      0
    ],
    "local_hive_agree": true,
    "resolve_transitions": 1,
    "local_seen": 2,
    "hive_seen": 2
  },
  "duplicates": {
    "counts": [
      1,
      1,
      1,
      1,
      0
    ],
    "local_hive_agree": true,
    "resolve_transitions": 1,
    "local_seen": 3,
    "hive_seen": 3
  },
  "invalid": {
    "counts": [
      1,
      1,
      1,
      1,
      1,
      1,
      1,
      1,
      1,
      1,
      0
    ],
    "local_hive_agree": true,
    "resolve_transitions": 1,
    "local_seen": 9,
    "hive_seen": 9
  },
  "retry": {
    "counts": [
      1,
      1,
      1,
      1,
      0,
      0
    ],
    "local_hive_agree": true,
    "resolve_transitions": 1,
    "local_seen": 3,
    "hive_seen": 3
  },
  "pending_snapshot": {
    "counts": [
      1,
      1,
      1,
      0,
      0
    ],
    "local_hive_agree": true,
    "resolve_transitions": 1,
    "local_seen": 2,
    "hive_seen": 2
  },
  "progress_snapshot": {
    "counts": [
      1,
      1,
      1,
      1,
      0
    ],
    "local_hive_agree": true,
    "resolve_transitions": 1,
    "local_seen": 3,
    "hive_seen": 3
  },
  "legacy_snapshot": "boolean evidence discarded; fresh distinct steps required",
  "public_repair_failure_False": {
    "verified": [
      true,
      true
    ],
    "calls": [
      0,
      1
    ],
    "local_open": 0,
    "hive_open": 0,
    "health": "healthy",
    "outcome": "resolved"
  },
  "public_repair_failure_True": {
    "verified": [
      true,
      false
    ],
    "calls": [
      0,
      1
    ],
    "local_open": 1,
    "hive_open": 1,
    "health": "failed",
    "outcome": "rolled_back"
  },
  "production_paths_custom_False": {
    "root_matches": true,
    "rejected": [
      0,
      0,
      0,
      0,
      0,
      0
    ],
    "canonical": "/home/openclaw/research-agent/projects/hive-appliance/experiments/20261008-astra-7582/tmp/tmp7fil4mpq/False/attachments/x",
    "download_results": [
      {
        "id": "att_5a5ca52715e4c2df",
        "success": true,
        "path": "/home/openclaw/research-agent/projects/hive-appliance/experiments/20261008-astra-7582/tmp/tmp7fil4mpq/False/attachments/tg/r/2026-10-08/att_5a5ca52715e4c2df.e5f5c4a40e564b56b17010c2fed05b57.bin"
      },
      {
        "id": "att_9954bf54a9e8124c",
        "success": true,
        "path": "/home/openclaw/research-agent/projects/hive-appliance/experiments/20261008-astra-7582/tmp/tmp7fil4mpq/False/attachments/tg/r/2026-10-08/att_9954bf54a9e8124c.9ce90aa2bbbe4100b94dc8c2cc210d03.bin"
      }
    ],
    "outside_untouched": true
  },
  "production_paths_custom_True": {
    "root_matches": true,
    "rejected": [
      0,
      0,
      0,
      0,
      0,
      0
    ],
    "canonical": "/home/openclaw/research-agent/projects/hive-appliance/experiments/20261008-astra-7582/tmp/tmp7fil4mpq/True/custom/x",
    "download_results": [
      {
        "id": "att_5a5ca52715e4c2df",
        "success": true,
        "path": "/home/openclaw/research-agent/projects/hive-appliance/experiments/20261008-astra-7582/tmp/tmp7fil4mpq/True/custom/tg/r/2026-10-08/att_5a5ca52715e4c2df.08503298f7384e0e9b5f9d249e3a6d7b.bin"
      },
      {
        "id": "att_9954bf54a9e8124c",
        "success": true,
        "path": "/home/openclaw/research-agent/projects/hive-appliance/experiments/20261008-astra-7582/tmp/tmp7fil4mpq/True/custom/tg/r/2026-10-08/att_9954bf54a9e8124c.9f78ebba879f45469373ef9d891a89db.bin"
      }
    ],
    "outside_untouched": true
  }
}
