experiments/20261008-astra-7582/production.diff:17: trailing whitespace.
+ 
experiments/20261008-astra-7582/production.diff:21: trailing whitespace.
+ 
experiments/20261008-astra-7582/production.diff:46: trailing whitespace.
+ 
experiments/20261008-astra-7582/production.diff:77: trailing whitespace.
+ 
experiments/20261008-astra-7582/production.diff:134: trailing whitespace.
+ 
experiments/20261008-astra-7582/production.diff:153: trailing whitespace.
+ 
experiments/20261008-astra-7582/production.diff:157: trailing whitespace.
+ 
experiments/20261008-astra-7582/production.diff:172: trailing whitespace.
+ 
experiments/20261008-astra-7582/production.diff:191: trailing whitespace.
+ 
experiments/20261008-astra-7582/production.diff:256: trailing whitespace.
+ 
experiments/20261008-astra-7582/production.diff:268: trailing whitespace.
+ 
experiments/20261008-astra-7582/production.diff:281: trailing whitespace.
+ 
experiments/20261008-astra-7582/production.diff:286: trailing whitespace.
+ 
experiments/20261008-astra-7582/production.diff:290: trailing whitespace.
+ 
experiments/20261008-astra-7582/production.diff:308: trailing whitespace.
+ 
experiments/20261008-astra-7582/production.diff:443: trailing whitespace.
+ 
experiments/20261008-astra-7582/production.diff:457: trailing whitespace.
+ 
experiments/20261008-astra-7582/production.diff:524: trailing whitespace.
+ 
experiments/20261008-astra-7582/production.diff:525: trailing whitespace.
+ 
experiments/20261008-astra-7582/production.diff:529: trailing whitespace.
+ 
experiments/20261008-astra-7582/production.diff:530: trailing whitespace.
+ 
experiments/20261008-astra-7582/production.diff:551: trailing whitespace.
+ 
experiments/20261008-astra-7582/production.diff:552: trailing whitespace.
+ 
experiments/20261008-astra-7582/review7582.stdout:1: trailing whitespace.
+witness_and_restart True 
experiments/20261008-astra-7582/review7582.stdout:2: trailing whitespace.
+hold_schedules True 
experiments/20261008-astra-7582/review7582.stdout:3: trailing whitespace.
+refusals_pending True 
experiments/20261008-astra-7582/review7582.stdout:4: trailing whitespace.
+foreign_progress_defect True 
experiments/20261008-astra-7582/review7582.stdout:5: trailing whitespace.
+non_audited_unhold True 
experiments/20261008-astra-7582/review7582.stdout:6: trailing whitespace.
+isolation_and_caps True 
experiments/20261008-astra-7582/review7582.stdout:7: trailing whitespace.
+late_link_and_capacity_warnings True 
experiments/20261008-astra-7582/review7582.stdout:8: trailing whitespace.
+retained_regressions True 
experiments/20261008-astra-7582/runner.py:56: new blank line at EOF.
experiments/20261008-astra-7582/source/docs/adr-m4-nixos-vm-backend.md:3: trailing whitespace.
+**Status:** Accepted  
experiments/20261008-astra-7582/source/docs/adr-m4-nixos-vm-backend.md:4: trailing whitespace.
+**Date:** 2026-09-18  
experiments/20261008-astra-7582/source/docs/design-conversation-store.md:3: trailing whitespace.
+**Author:** ProtoMegaBot2  
experiments/20261008-astra-7582/source/docs/design-conversation-store.md:4: trailing whitespace.
+**Date:** 2026-09-18  
experiments/20261008-astra-7582/source/docs/design-conversation-store.md:5: trailing whitespace.
+**Status:** DRAFT — awaiting feedback  
experiments/20261008-astra-7582/source/docs/design-hive-level-appliance.md:3: trailing whitespace.
+**Author:** ProtoMegaBot2  
experiments/20261008-astra-7582/source/docs/design-hive-level-appliance.md:4: trailing whitespace.
+**Date:** 2026-09-17  
experiments/20261008-astra-7582/source/docs/design-hive-level-appliance.md:5: trailing whitespace.
+**Status:** DRAFT — awaiting feedback  
