experiments/20261008-astra-7678/followup7678.stdout:1: trailing whitespace.
+exact_abort_content True 
experiments/20261008-astra-7678/followup7678.stdout:2: trailing whitespace.
+live_memory_disk_agreement True 
experiments/20261008-astra-7678/followup7678.stdout:3: trailing whitespace.
+compound_failure True 
experiments/20261008-astra-7678/followup7678.stdout:4: trailing whitespace.
+corrupt_record_temporal_scope True 
experiments/20261008-astra-7678/followup7678.stdout:5: trailing whitespace.
+torn_cancelled_record True 
experiments/20261008-astra-7678/followup7678.stdout:6: trailing whitespace.
+fence_structure_clearance_v1 True 
experiments/20261008-astra-7678/followup7678.stdout:7: trailing whitespace.
+rollback_preserves_prior_record True 
experiments/20261008-astra-7678/followup7678.stdout:8: trailing whitespace.
+startup_fsync_boundaries True 
experiments/20261008-astra-7678/followup7678.stdout:9: trailing whitespace.
+complete_matching_legacy_fence_clear True 
experiments/20261008-astra-7678/journal-followup7678/torn-abort-blank_abort_line.jsonl:2: trailing whitespace.
+                                                                                                                                                                                                                                                                                                                                                                                                          
experiments/20261008-astra-7678/journal-followup7678/torn-abort-blank_abort_line.jsonl:2: new blank line at EOF.
experiments/20261008-astra-7678/review7678.stdout:1: trailing whitespace.
+F_journal_content True 
experiments/20261008-astra-7678/review7678.stdout:2: trailing whitespace.
+canonical_hashing True 
experiments/20261008-astra-7678/review7678.stdout:3: trailing whitespace.
+fence_fault_matrix True 
experiments/20261008-astra-7678/review7678.stdout:4: trailing whitespace.
+fence_crash_boundaries True 
experiments/20261008-astra-7678/review7678.stdout:5: trailing whitespace.
+durable_clear True 
experiments/20261008-astra-7678/review7678.stdout:6: trailing whitespace.
+clear_fault_boundaries True 
experiments/20261008-astra-7678/review7678.stdout:7: trailing whitespace.
+corrupt_fence True 
experiments/20261008-astra-7678/review7678.stdout:8: trailing whitespace.
+tail_boundaries True 
experiments/20261008-astra-7678/review7678.stdout:9: trailing whitespace.
+F_unapplied_observability True 
experiments/20261008-astra-7678/review7678.stdout:10: trailing whitespace.
+aggregate_real_10000 True 
experiments/20261008-astra-7678/review7678.stdout:11: trailing whitespace.
+journal_controls_migration True 
experiments/20261008-astra-7678/review7678.stdout:12: trailing whitespace.
+retained_unregister True 
experiments/20261008-astra-7678/review7678.stdout:13: trailing whitespace.
+retained_journal_order True 
experiments/20261008-astra-7678/review7678.stdout:14: trailing whitespace.
+retained_tail True 
experiments/20261008-astra-7678/review7678.stdout:15: trailing whitespace.
+retained_default_and_legacy True 
experiments/20261008-astra-7678/review7678.stdout:16: trailing whitespace.
+retained_rejected_and_partial True 
experiments/20261008-astra-7678/review7678.stdout:17: trailing whitespace.
+retained_caps True 
experiments/20261008-astra-7678/review7678.stdout:18: trailing whitespace.
+retained_recovery_text True 
experiments/20261008-astra-7678/review7678.stdout:19: trailing whitespace.
+retained_foreign True 
experiments/20261008-astra-7678/review7678.stdout:20: trailing whitespace.
+retained_incidentless True 
experiments/20261008-astra-7678/review7678.stdout:21: trailing whitespace.
+retained_hold True 
experiments/20261008-astra-7678/review7678.stdout:22: trailing whitespace.
+retained_quiet_guidance True 
experiments/20261008-astra-7678/review7678.stdout:23: trailing whitespace.
+retained_plan_only_witness True 
experiments/20261008-astra-7678/review7678.stdout:24: trailing whitespace.
+retained_hold_144_schedules True 
experiments/20261008-astra-7678/review7678.stdout:25: trailing whitespace.
+retained_refusals_pending True 
experiments/20261008-astra-7678/review7678.stdout:26: trailing whitespace.
+retained_late_link_warnings True 
experiments/20261008-astra-7678/review7678.stdout:27: trailing whitespace.
+retained_regressions True 
experiments/20261008-astra-7678/runner.py:56: new blank line at EOF.
experiments/20261008-astra-7678/source/docs/POLICY_MULTI_PLAN_SUPERSESSION.md:166: new blank line at EOF.
experiments/20261008-astra-7678/source/production.diff:18: trailing whitespace.
+ 
experiments/20261008-astra-7678/source/production.diff:119: trailing whitespace.
+ 
experiments/20261008-astra-7678/source/production.diff:129: trailing whitespace.
+ 
experiments/20261008-astra-7678/source/production.diff:130: trailing whitespace.
+ 
experiments/20261008-astra-7678/source/production.diff:144: trailing whitespace.
+ 
experiments/20261008-astra-7678/source/production.diff:149: trailing whitespace.
+ 
experiments/20261008-astra-7678/source/production.diff:224: trailing whitespace.
+ 
experiments/20261008-astra-7678/source/production.diff:229: trailing whitespace.
+ 
experiments/20261008-astra-7678/source/production.diff:247: trailing whitespace.
+ 
experiments/20261008-astra-7678/source/production.diff:347: trailing whitespace.
+ 
experiments/20261008-astra-7678/source/production.diff:353: trailing whitespace.
+ 
experiments/20261008-astra-7678/source/production.diff:494: trailing whitespace.
+ 
experiments/20261008-astra-7678/source/production.diff:579: trailing whitespace.
+ 
experiments/20261008-astra-7678/witness-adaptation.diff:33: trailing whitespace.
+ 
experiments/20261008-astra-7678/witness-adaptation.diff:42: trailing whitespace.
+ 
experiments/20261008-astra-7678/witness-adaptation.diff:65: trailing whitespace.
+ 
experiments/20261008-astra-7678/witness-adaptation.diff:74: trailing whitespace.
+ 
