{
  "n8_total": 14,
  "n8_passed": 14,
  "agreement": 14,
  "linked_stale": {
    "events": [
      {
        "id": "evt_45839859860b4e34",
        "kind": "plan",
        "ts": 1791523339.2546127,
        "source": "",
        "subject": "",
        "payload": {
          "id": "p",
          "incident_id": "i",
          "steps": [
            {},
            {}
          ]
        },
        "severity": "info",
        "schema_version": "1"
      },
      {
        "id": "evt_4ab8f4af29c84c4a",
        "kind": "receipt",
        "ts": 1791523339.2546227,
        "source": "",
        "subject": "",
        "payload": {
          "id": "old0",
          "step_index": 0,
          "verified": true,
          "plan_id": "p",
          "incident_id": ""
        },
        "severity": "info",
        "schema_version": "1"
      },
      {
        "id": "evt_51b5cd7a24ac4128",
        "kind": "receipt",
        "ts": 1791523339.2546308,
        "source": "",
        "subject": "",
        "payload": {
          "id": "failure",
          "step_index": 0,
          "verified": false,
          "plan_id": "",
          "incident_id": "i"
        },
        "severity": "info",
        "schema_version": "1"
      },
      {
        "id": "evt_11a959681d5d4010",
        "kind": "incident",
        "ts": 1791523339.2546399,
        "source": "",
        "subject": "",
        "payload": {
          "id": "i",
          "component": "svc",
          "symptom": "down",
          "severity": "critical",
          "plan_id": "p"
        },
        "severity": "info",
        "schema_version": "1"
      }
    ],
    "snapshot": {
      "state": {},
      "incidents": [
        {
          "id": "i",
          "ts": 1791523339.2546809,
          "severity": "critical",
          "component": "svc",
          "symptom": "down",
          "evidence": [],
          "resolved": false,
          "plan_id": "p",
          "schema_version": "1"
        }
      ],
      "plan_step_counts": {
        "p": 2
      },
      "plan_receipts": {
        "p": [
          0
        ]
      },
      "plan_failed_steps": {
        "p": []
      },
      "pending_receipts": {
        "@inc:i": {
          "failure": {
            "id": "failure",
            "step_index": 0,
            "verified": false,
            "plan_id": "",
            "incident_id": "i"
          }
        }
      },
      "seen_receipt_ids": [
        "old0"
      ],
      "incidents_total": 1,
      "incidents_open": 1
    },
    "checkpoint": "ckpt_1791523339_1",
    "current": {
      "open": [
        "i"
      ],
      "verified": {
        "p": [
          1
        ]
      },
      "pending": {},
      "owner": {
        "p": "i"
      },
      "quarantine": [],
      "diag": {
        "legacy_verified_invalidated": 1,
        "legacy_pending_discarded": 1,
        "recovery": "Discarded legacy evidence is not replayed; affected plan steps must be re-proven by fresh, uniquely identified receipts. The authoritative CURRENT hold list is Reducer.quarantined_plans() (reasons via quarantine_reasons()): owner_unproven (legacy migration), ownerless_linked and ownerless_held (Astra 7562/7582); owner_unproven alone is NOT the full hold list. legacy_ownerless_plans is only a capped HISTORICAL SAMPLE of plans quarantined at migration (see legacy_ownerless_total); it is not updated by rebinds and must not be used to enumerate actionable plans. A held plan stays quarantined until an operator calls rebind_plan_owner(plan_id, incident_id, actor=..., reason=...) after preview_rebind(); targets must be open and a recorded owner candidate unless allow_non_candidate=True. An ordinary PLAN does not re-establish a lost owner."
      }
    },
    "baseline_open": [
      "i"
    ],
    "baseline_verified": {
      "p": [
        1
      ]
    },
    "baseline_failed": {
      "p": [
        0
      ]
    }
  }
}
