{
  "source_files": 163,
  "prior": [
    {
      "round": "7669",
      "artifacts": 315,
      "all_match": true,
      "manifest_sha256": "142167e4066ac091b93e290d57652f0714b69ca34c0ec6cfe72fc2adaa1545e9"
    },
    {
      "round": "7678",
      "artifacts": 351,
      "all_match": true,
      "manifest_sha256": "b560ebad0d6ca07b2617c1e458fb9f8c944700ac983cfdee485f5b85486ad05f"
    },
    {
      "round": "7694",
      "artifacts": 355,
      "all_match": true,
      "manifest_sha256": "334dd545f3094e2ef93444821e44baa196279ba3a03cfd8725d0b4a6719ff4e1"
    },
    {
      "round": "7701",
      "artifacts": 829,
      "all_match": true,
      "manifest_sha256": "4c1724297d3a870ee0a88395317402f13ad99962fb8661bc75b856adade36123"
    },
    {
      "round": "7708",
      "artifacts": 1189,
      "all_match": true,
      "manifest_sha256": "55d1fe55367aa2255952ffa2f17ddbe563207ef68978f997a562441ef50ddbb6"
    },
    {
      "round": "7718",
      "artifacts": 2221,
      "all_match": true,
      "manifest_sha256": "c6c6bddaea2338f5a662afd925ba043839bf615015a5341117f5940b2604c1ba"
    },
    {
      "round": "7727",
      "artifacts": 3913,
      "all_match": true,
      "manifest_sha256": "64472e5fa4e44def145d4f7a32184de7122dc726e6ff31ebbe5d50f301166257"
    },
    {
      "round": "7734",
      "artifacts": 5821,
      "all_match": true,
      "manifest_sha256": "855c2a147e9e78f8980923071708a3ed79fcac750538d8dfb0ea679af2702a98"
    },
    {
      "round": "7741",
      "artifacts": 6131,
      "all_match": true,
      "manifest_sha256": "930412f642c6b786e89f35f52793abc31be6467fe46803eb40ac76e8b9b2c3b7"
    }
  ]
}
