{
  "current_snapshots": {
    "total": 1920,
    "passed": 1920,
    "failed": 0
  },
  "legacy_migrations": {
    "total": 384,
    "passed": 0,
    "failed": 384
  },
  "legacy_premature_resolution": 0,
  "legacy_false_noncompletion": 96,
  "lifecycle": {
    "total": 13,
    "passed": 11,
    "failed": 2
  },
  "lifecycle_failed": [
    "resolved_identity_baseline",
    "unlinked_identity_baseline"
  ],
  "legacy_witness": {
    "events": [
      {
        "id": "evt_900d3e4d9b0f48a1",
        "kind": "incident",
        "ts": 1790634659.6332366,
        "source": "",
        "subject": "",
        "payload": {
          "id": "i",
          "component": "svc",
          "symptom": "down",
          "severity": "critical",
          "plan_id": ""
        },
        "severity": "info",
        "schema_version": "1"
      },
      {
        "id": "evt_72eeaeb58aa043e1",
        "kind": "receipt",
        "ts": 1790634659.6332443,
        "source": "",
        "subject": "",
        "payload": {
          "id": "seed1",
          "step_index": 1,
          "verified": true,
          "plan_id": "p",
          "incident_id": ""
        },
        "severity": "info",
        "schema_version": "1"
      },
      {
        "id": "evt_ee352178e57d4f1e",
        "kind": "receipt",
        "ts": 1790634659.6332514,
        "source": "",
        "subject": "",
        "payload": {
          "id": "old_success",
          "step_index": 0,
          "verified": true,
          "plan_id": "",
          "incident_id": "i"
        },
        "severity": "info",
        "schema_version": "1"
      },
      {
        "id": "evt_5319da74ffbd42ab",
        "kind": "receipt",
        "ts": 1790634659.6332583,
        "source": "",
        "subject": "",
        "payload": {
          "id": "new_failure",
          "step_index": 0,
          "verified": false,
          "plan_id": "p",
          "incident_id": ""
        },
        "severity": "info",
        "schema_version": "1"
      },
      {
        "id": "evt_5f55cbd61a184273",
        "kind": "plan",
        "ts": 1790634659.635005,
        "source": "",
        "subject": "",
        "payload": {
          "id": "p",
          "incident_id": "i",
          "steps": [
            {},
            {}
          ]
        },
        "severity": "info",
        "schema_version": "1"
      }
    ],
    "legacy_snapshot": {
      "state": {},
      "incidents": [
        {
          "id": "i",
          "ts": 1790634659.633283,
          "severity": "critical",
          "component": "svc",
          "symptom": "down",
          "evidence": [],
          "resolved": false,
          "plan_id": "",
          "schema_version": "1"
        }
      ],
      "plan_step_counts": {},
      "plan_receipts": {},
      "plan_failed_steps": {},
      "pending_receipts": {
        "p": {
          "seed1": {
            "id": "seed1",
            "step_index": 1,
            "verified": true,
            "plan_id": "p",
            "incident_id": ""
          },
          "new_failure": {
            "id": "new_failure",
            "step_index": 0,
            "verified": false,
            "plan_id": "p",
            "incident_id": ""
          }
        },
        "@inc:i": {
          "old_success": {
            "id": "old_success",
            "step_index": 0,
            "verified": true,
            "plan_id": "",
            "incident_id": "i"
          }
        }
      },
      "seen_receipt_ids": [],
      "incidents_total": 1,
      "incidents_open": 1
    },
    "migrated_before_plan": {
      "state": {},
      "incidents": [
        {
          "id": "i",
          "ts": 1790634659.633283,
          "severity": "critical",
          "component": "svc",
          "symptom": "down",
          "evidence": [],
          "resolved": false,
          "plan_id": "",
          "schema_version": "1"
        }
      ],
      "plan_step_counts": {},
      "plan_receipts": {},
      "plan_failed_steps": {},
      "pending_receipts": [],
      "seen_receipt_ids": [],
      "plan_owner": {},
      "pending_format": "arrival-v1",
      "owner_unproven": [],
      "migration_diagnostics": {
        "legacy_pending_discarded": 3,
        "recovery": "Discarded legacy evidence is not replayed; affected plan steps must be re-proven by fresh, uniquely identified receipts."
      },
      "incidents_total": 1,
      "incidents_open": 1
    },
    "migrated_after_plan": {
      "open": [
        "i"
      ],
      "verified": {
        "p": []
      },
      "failed": {
        "p": []
      }
    },
    "uninterrupted_current": {
      "open": [
        "i"
      ],
      "verified": {
        "p": [
          1
        ]
      },
      "failed": {
        "p": [
          0
        ]
      },
      "hive": {
        "open": [
          "i"
        ],
        "verified": {
          "p": [
            1
          ]
        },
        "failed": {
          "p": [
            0
          ]
        },
        "health": "failed",
        "displayed_open": 1
      }
    },
    "expected": {
      "open": [
        "i"
      ],
      "verified": {
        "p": [
          1
        ]
      },
      "failed": {
        "p": [
          0
        ]
      }
    },
    "opposite_latest_order_same_snapshot": false
  }
}
