{
  "late_all_replay": {
    "counts": [
      1,
      1,
      1,
      1,
      0,
      0,
      0,
      0
    ],
    "local_hive_agree": true,
    "resolve_transitions": 1,
    "local_seen": 2,
    "hive_seen": 2
  },
  "early_then_plan": {
    "counts": [
      1,
      1,
      1,
      0
    ],
    "local_hive_agree": true,
    "resolve_transitions": 1,
    "local_seen": 2,
    "hive_seen": 2
  },
  "duplicates": {
    "counts": [
      1,
      1,
      1,
      1,
      0
    ],
    "local_hive_agree": true,
    "resolve_transitions": 1,
    "local_seen": 3,
    "hive_seen": 3
  },
  "invalid": {
    "counts": [
      1,
      1,
      1,
      1,
      1,
      1,
      1,
      1,
      1,
      1,
      0
    ],
    "local_hive_agree": true,
    "resolve_transitions": 1,
    "local_seen": 9,
    "hive_seen": 9
  },
  "retry": {
    "counts": [
      1,
      1,
      1,
      1,
      0,
      0
    ],
    "local_hive_agree": true,
    "resolve_transitions": 1,
    "local_seen": 3,
    "hive_seen": 3
  },
  "pending_snapshot": {
    "counts": [
      1,
      1,
      1,
      0,
      0
    ],
    "local_hive_agree": true,
    "resolve_transitions": 1,
    "local_seen": 2,
    "hive_seen": 2
  },
  "progress_snapshot": {
    "counts": [
      1,
      1,
      1,
      1,
      0
    ],
    "local_hive_agree": true,
    "resolve_transitions": 1,
    "local_seen": 3,
    "hive_seen": 3
  },
  "legacy_snapshot": "boolean evidence discarded; fresh distinct steps required",
  "public_repair_failure_False": {
    "verified": [
      true,
      true
    ],
    "calls": [
      0,
      1
    ],
    "local_open": 0,
    "hive_open": 0,
    "health": "healthy",
    "outcome": "resolved"
  },
  "public_repair_failure_True": {
    "verified": [
      true,
      false
    ],
    "calls": [
      0,
      1
    ],
    "local_open": 1,
    "hive_open": 1,
    "health": "failed",
    "outcome": "rolled_back"
  },
  "production_paths_custom_False": {
    "root_matches": true,
    "rejected": [
      0,
      0,
      0,
      0,
      0,
      0
    ],
    "canonical": "/home/openclaw/research-agent/projects/hive-appliance/experiments/20260928-astra-7146-tracked/tmp/tmphwmjfy11/False/attachments/x",
    "download_results": [
      {
        "id": "att_5a5ca52715e4c2df",
        "success": true,
        "path": "/home/openclaw/research-agent/projects/hive-appliance/experiments/20260928-astra-7146-tracked/tmp/tmphwmjfy11/False/attachments/tg/r/2026-09-28/att_5a5ca52715e4c2df.574bd72224724e7088837abb34a88f3a.bin"
      },
      {
        "id": "att_9954bf54a9e8124c",
        "success": true,
        "path": "/home/openclaw/research-agent/projects/hive-appliance/experiments/20260928-astra-7146-tracked/tmp/tmphwmjfy11/False/attachments/tg/r/2026-09-28/att_9954bf54a9e8124c.d3524f8ae66e42bb8edfd6d2fc6422d0.bin"
      }
    ],
    "outside_untouched": true
  },
  "production_paths_custom_True": {
    "root_matches": true,
    "rejected": [
      0,
      0,
      0,
      0,
      0,
      0
    ],
    "canonical": "/home/openclaw/research-agent/projects/hive-appliance/experiments/20260928-astra-7146-tracked/tmp/tmphwmjfy11/True/custom/x",
    "download_results": [
      {
        "id": "att_5a5ca52715e4c2df",
        "success": true,
        "path": "/home/openclaw/research-agent/projects/hive-appliance/experiments/20260928-astra-7146-tracked/tmp/tmphwmjfy11/True/custom/tg/r/2026-09-28/att_5a5ca52715e4c2df.a5c6f77b82364544b11f681c46ce3826.bin"
      },
      {
        "id": "att_9954bf54a9e8124c",
        "success": true,
        "path": "/home/openclaw/research-agent/projects/hive-appliance/experiments/20260928-astra-7146-tracked/tmp/tmphwmjfy11/True/custom/tg/r/2026-09-28/att_9954bf54a9e8124c.5cfce48caee4451a879a6568b88b81f2.bin"
      }
    ],
    "outside_untouched": true
  }
}
