{
  "current_format": {
    "total": 3072,
    "passed": 3072,
    "failed": 0
  },
  "prior_ordered_format": {
    "total": 3072,
    "passed": 3072,
    "failed": 0
  },
  "legacy_fail_closed": {
    "total": 384,
    "passed": 384,
    "failed": 0
  },
  "original_witnesses": {
    "total": 2,
    "passed": 2,
    "failed": 0
  },
  "stale_progress": {
    "total": 3,
    "passed": 3,
    "failed": 0
  },
  "ownership_lifecycle": {
    "total": 48,
    "passed": 46,
    "failed": 2
  },
  "authentic_old_ownership": {
    "total": 6,
    "passed": 4,
    "failed": 2
  },
  "agent_namespace": {
    "total": 1,
    "passed": 1,
    "failed": 0
  },
  "failed_lifecycle_names": [
    "late_incident_only_fresh",
    "late_incident_after_completed_plan"
  ],
  "failed_old_owner_names": [
    "e6afe16_owner_missing_incident",
    "5de0d53_owner_missing_incident"
  ]
}
