Rejecting contradictory receipt bad1 (incident other linked to plan q; plan p owned by i)
Rejecting contradictory receipt bad1 (incident other linked to plan q; plan p owned by i)
Rejecting contradictory receipt bad1 (incident other linked to plan q; plan p owned by i)
Rejecting contradictory receipt bad1 (incident other linked to plan ; plan p owned by i)
Rejecting contradictory receipt bad1 (incident other linked to plan ; plan p owned by i)
Rejecting contradictory receipt bad1 (incident other linked to plan ; plan p owned by i)
Rejecting contradictory receipt bad1 (incident other linked to plan q; plan p owned by i)
Rejecting PLAN p -> other: plan is owned by incident i
Rejecting PLAN p -> other from a: plan is owned by incident i
Rejecting PLAN p -> other: plan is owned by incident i
Rejecting PLAN p -> other from a: plan is owned by incident i
Rejecting PLAN p -> other: plan is owned by incident i
Rejecting PLAN p -> other from a: plan is owned by incident i
Rejecting contradictory receipt r0 (incident other linked to plan ; plan p owned by i)
Rejecting contradictory receipt r1 (incident other linked to plan ; plan p owned by i)
Rejecting PLAN p -> other: plan is owned by incident i
Rejecting PLAN p -> other from a: plan is owned by incident i
Rejecting PLAN p -> other: plan is owned by incident i
Rejecting PLAN p -> other from a: plan is owned by incident i
Rejecting contradictory receipt r1 (incident other linked to plan ; plan p owned by i)
Legacy bucketed pending snapshot: discarded 4 pending receipt(s); affected steps need fresh receipts
Legacy bucketed pending snapshot: discarded 4 pending receipt(s); affected steps need fresh receipts
Legacy bucketed pending snapshot: discarded 4 pending receipt(s); affected steps need fresh receipts
Legacy bucketed pending snapshot: discarded 4 pending receipt(s); affected steps need fresh receipts
Legacy bucketed pending snapshot: discarded 4 pending receipt(s); affected steps need fresh receipts
Legacy bucketed pending snapshot: discarded 4 pending receipt(s); affected steps need fresh receipts
Legacy bucketed pending snapshot: discarded 4 pending receipt(s); affected steps need fresh receipts
Legacy bucketed pending snapshot: discarded 4 pending receipt(s); affected steps need fresh receipts
Legacy bucketed pending snapshot: discarded 4 pending receipt(s); affected steps need fresh receipts
Legacy bucketed pending snapshot: discarded 4 pending receipt(s); affected steps need fresh receipts
Legacy bucketed pending snapshot: discarded 4 pending receipt(s); affected steps need fresh receipts
Legacy bucketed pending snapshot: discarded 4 pending receipt(s); affected steps need fresh receipts
Legacy bucketed pending snapshot: discarded 4 pending receipt(s); affected steps need fresh receipts
Legacy bucketed pending snapshot: discarded 4 pending receipt(s); affected steps need fresh receipts
Legacy bucketed pending snapshot: discarded 4 pending receipt(s); affected steps need fresh receipts
Legacy bucketed pending snapshot: discarded 4 pending receipt(s); affected steps need fresh receipts
Legacy bucketed pending snapshot: discarded 4 pending receipt(s); affected steps need fresh receipts
Legacy bucketed pending snapshot: discarded 4 pending receipt(s); affected steps need fresh receipts
Legacy bucketed pending snapshot: discarded 4 pending receipt(s); affected steps need fresh receipts
Legacy bucketed pending snapshot: discarded 4 pending receipt(s); affected steps need fresh receipts
Legacy bucketed pending snapshot: discarded 4 pending receipt(s); affected steps need fresh receipts
Legacy bucketed pending snapshot: discarded 4 pending receipt(s); affected steps need fresh receipts
Legacy bucketed pending snapshot: discarded 4 pending receipt(s); affected steps need fresh receipts
Legacy bucketed pending snapshot: discarded 4 pending receipt(s); affected steps need fresh receipts
Legacy bucketed pending snapshot: discarded 4 pending receipt(s); affected steps need fresh receipts
Legacy bucketed pending snapshot: discarded 4 pending receipt(s); affected steps need fresh receipts
Legacy bucketed pending snapshot: discarded 4 pending receipt(s); affected steps need fresh receipts
Legacy bucketed pending snapshot: discarded 4 pending receipt(s); affected steps need fresh receipts
Legacy bucketed pending snapshot: discarded 4 pending receipt(s); affected steps need fresh receipts
Legacy bucketed pending snapshot: discarded 4 pending receipt(s); affected steps need fresh receipts
Legacy bucketed pending snapshot: discarded 4 pending receipt(s); affected steps need fresh receipts
Legacy bucketed pending snapshot: discarded 4 pending receipt(s); affected steps need fresh receipts
Legacy bucketed pending snapshot: discarded 4 pending receipt(s); affected steps need fresh receipts
Legacy bucketed pending snapshot: discarded 4 pending receipt(s); affected steps need fresh receipts
Legacy bucketed pending snapshot: discarded 4 pending receipt(s); affected steps need fresh receipts
Legacy bucketed pending snapshot: discarded 4 pending receipt(s); affected steps need fresh receipts
Legacy bucketed pending snapshot: discarded 4 pending receipt(s); affected steps need fresh receipts
Legacy bucketed pending snapshot: discarded 4 pending receipt(s); affected steps need fresh receipts
Legacy bucketed pending snapshot: discarded 4 pending receipt(s); affected steps need fresh receipts
Legacy bucketed pending snapshot: discarded 4 pending receipt(s); affected steps need fresh receipts
Legacy bucketed pending snapshot: discarded 4 pending receipt(s); affected steps need fresh receipts
Legacy bucketed pending snapshot: discarded 4 pending receipt(s); affected steps need fresh receipts
Legacy bucketed pending snapshot: discarded 4 pending receipt(s); affected steps need fresh receipts
Legacy bucketed pending snapshot: discarded 4 pending receipt(s); affected steps need fresh receipts
Legacy bucketed pending snapshot: discarded 4 pending receipt(s); affected steps need fresh receipts
Legacy bucketed pending snapshot: discarded 4 pending receipt(s); affected steps need fresh receipts
Legacy bucketed pending snapshot: discarded 4 pending receipt(s); affected steps need fresh receipts
Legacy bucketed pending snapshot: discarded 4 pending receipt(s); affected steps need fresh receipts
Legacy bucketed pending snapshot: discarded 4 pending receipt(s); affected steps need fresh receipts
Legacy bucketed pending snapshot: discarded 4 pending receipt(s); affected steps need fresh receipts
Legacy bucketed pending snapshot: discarded 4 pending receipt(s); affected steps need fresh receipts
Legacy bucketed pending snapshot: discarded 4 pending receipt(s); affected steps need fresh receipts
Legacy bucketed pending snapshot: discarded 4 pending receipt(s); affected steps need fresh receipts
Legacy bucketed pending snapshot: discarded 4 pending receipt(s); affected steps need fresh receipts
Legacy bucketed pending snapshot: discarded 4 pending receipt(s); affected steps need fresh receipts
Legacy bucketed pending snapshot: discarded 4 pending receipt(s); affected steps need fresh receipts
Legacy bucketed pending snapshot: discarded 4 pending receipt(s); affected steps need fresh receipts
Legacy bucketed pending snapshot: discarded 4 pending receipt(s); affected steps need fresh receipts
Legacy bucketed pending snapshot: discarded 4 pending receipt(s); affected steps need fresh receipts
Legacy bucketed pending snapshot: discarded 4 pending receipt(s); affected steps need fresh receipts
Legacy bucketed pending snapshot: discarded 4 pending receipt(s); affected steps need fresh receipts
Legacy bucketed pending snapshot: discarded 4 pending receipt(s); affected steps need fresh receipts
Legacy bucketed pending snapshot: discarded 4 pending receipt(s); affected steps need fresh receipts
Legacy bucketed pending snapshot: discarded 4 pending receipt(s); affected steps need fresh receipts
Legacy bucketed pending snapshot: discarded 4 pending receipt(s); affected steps need fresh receipts
Legacy bucketed pending snapshot: discarded 4 pending receipt(s); affected steps need fresh receipts
Legacy bucketed pending snapshot: discarded 4 pending receipt(s); affected steps need fresh receipts
Legacy bucketed pending snapshot: discarded 4 pending receipt(s); affected steps need fresh receipts
Legacy bucketed pending snapshot: discarded 4 pending receipt(s); affected steps need fresh receipts
Legacy bucketed pending snapshot: discarded 4 pending receipt(s); affected steps need fresh receipts
Legacy bucketed pending snapshot: discarded 4 pending receipt(s); affected steps need fresh receipts
Legacy bucketed pending snapshot: discarded 4 pending receipt(s); affected steps need fresh receipts
Legacy bucketed pending snapshot: discarded 4 pending receipt(s); affected steps need fresh receipts
Legacy bucketed pending snapshot: discarded 4 pending receipt(s); affected steps need fresh receipts
Legacy bucketed pending snapshot: discarded 4 pending receipt(s); affected steps need fresh receipts
Legacy bucketed pending snapshot: discarded 4 pending receipt(s); affected steps need fresh receipts
Legacy bucketed pending snapshot: discarded 4 pending receipt(s); affected steps need fresh receipts
Legacy bucketed pending snapshot: discarded 4 pending receipt(s); affected steps need fresh receipts
Legacy bucketed pending snapshot: discarded 4 pending receipt(s); affected steps need fresh receipts
Legacy bucketed pending snapshot: discarded 4 pending receipt(s); affected steps need fresh receipts
Legacy bucketed pending snapshot: discarded 4 pending receipt(s); affected steps need fresh receipts
Legacy bucketed pending snapshot: discarded 4 pending receipt(s); affected steps need fresh receipts
Legacy bucketed pending snapshot: discarded 4 pending receipt(s); affected steps need fresh receipts
Legacy bucketed pending snapshot: discarded 4 pending receipt(s); affected steps need fresh receipts
Legacy bucketed pending snapshot: discarded 4 pending receipt(s); affected steps need fresh receipts
Legacy bucketed pending snapshot: discarded 4 pending receipt(s); affected steps need fresh receipts
Legacy bucketed pending snapshot: discarded 4 pending receipt(s); affected steps need fresh receipts
Legacy bucketed pending snapshot: discarded 4 pending receipt(s); affected steps need fresh receipts
Legacy bucketed pending snapshot: discarded 4 pending receipt(s); affected steps need fresh receipts
Legacy bucketed pending snapshot: discarded 4 pending receipt(s); affected steps need fresh receipts
Legacy bucketed pending snapshot: discarded 4 pending receipt(s); affected steps need fresh receipts
Legacy bucketed pending snapshot: discarded 4 pending receipt(s); affected steps need fresh receipts
Legacy bucketed pending snapshot: discarded 4 pending receipt(s); affected steps need fresh receipts
Legacy bucketed pending snapshot: discarded 4 pending receipt(s); affected steps need fresh receipts
Legacy bucketed pending snapshot: discarded 4 pending receipt(s); affected steps need fresh receipts
Legacy bucketed pending snapshot: discarded 4 pending receipt(s); affected steps need fresh receipts
Legacy bucketed pending snapshot: discarded 4 pending receipt(s); affected steps need fresh receipts
Legacy bucketed pending snapshot: discarded 4 pending receipt(s); affected steps need fresh receipts
Legacy bucketed pending snapshot: discarded 4 pending receipt(s); affected steps need fresh receipts
Legacy bucketed pending snapshot: discarded 4 pending receipt(s); affected steps need fresh receipts
Legacy bucketed pending snapshot: discarded 4 pending receipt(s); affected steps need fresh receipts
Legacy bucketed pending snapshot: discarded 4 pending receipt(s); affected steps need fresh receipts
Legacy bucketed pending snapshot: discarded 4 pending receipt(s); affected steps need fresh receipts
Legacy bucketed pending snapshot: discarded 4 pending receipt(s); affected steps need fresh receipts
Legacy bucketed pending snapshot: discarded 4 pending receipt(s); affected steps need fresh receipts
Legacy bucketed pending snapshot: discarded 4 pending receipt(s); affected steps need fresh receipts
Legacy bucketed pending snapshot: discarded 4 pending receipt(s); affected steps need fresh receipts
Legacy bucketed pending snapshot: discarded 4 pending receipt(s); affected steps need fresh receipts
Legacy bucketed pending snapshot: discarded 4 pending receipt(s); affected steps need fresh receipts
Legacy bucketed pending snapshot: discarded 4 pending receipt(s); affected steps need fresh receipts
Legacy bucketed pending snapshot: discarded 4 pending receipt(s); affected steps need fresh receipts
Legacy bucketed pending snapshot: discarded 4 pending receipt(s); affected steps need fresh receipts
Legacy bucketed pending snapshot: discarded 4 pending receipt(s); affected steps need fresh receipts
Legacy bucketed pending snapshot: discarded 4 pending receipt(s); affected steps need fresh receipts
Legacy bucketed pending snapshot: discarded 4 pending receipt(s); affected steps need fresh receipts
Legacy bucketed pending snapshot: discarded 4 pending receipt(s); affected steps need fresh receipts
Legacy bucketed pending snapshot: discarded 4 pending receipt(s); affected steps need fresh receipts
Legacy bucketed pending snapshot: discarded 4 pending receipt(s); affected steps need fresh receipts
Legacy bucketed pending snapshot: discarded 4 pending receipt(s); affected steps need fresh receipts
Legacy bucketed pending snapshot: discarded 4 pending receipt(s); affected steps need fresh receipts
Legacy bucketed pending snapshot: discarded 4 pending receipt(s); affected steps need fresh receipts
Legacy bucketed pending snapshot: discarded 4 pending receipt(s); affected steps need fresh receipts
Legacy bucketed pending snapshot: discarded 4 pending receipt(s); affected steps need fresh receipts
Legacy bucketed pending snapshot: discarded 4 pending receipt(s); affected steps need fresh receipts
Legacy bucketed pending snapshot: discarded 4 pending receipt(s); affected steps need fresh receipts
Legacy bucketed pending snapshot: discarded 4 pending receipt(s); affected steps need fresh receipts
Legacy bucketed pending snapshot: discarded 4 pending receipt(s); affected steps need fresh receipts
Legacy bucketed pending snapshot: discarded 4 pending receipt(s); affected steps need fresh receipts
Legacy bucketed pending snapshot: discarded 4 pending receipt(s); affected steps need fresh receipts
Legacy bucketed pending snapshot: discarded 4 pending receipt(s); affected steps need fresh receipts
Legacy bucketed pending snapshot: discarded 4 pending receipt(s); affected steps need fresh receipts
Legacy bucketed pending snapshot: discarded 4 pending receipt(s); affected steps need fresh receipts
Legacy bucketed pending snapshot: discarded 4 pending receipt(s); affected steps need fresh receipts
Legacy bucketed pending snapshot: discarded 4 pending receipt(s); affected steps need fresh receipts
Legacy bucketed pending snapshot: discarded 4 pending receipt(s); affected steps need fresh receipts
Legacy bucketed pending snapshot: discarded 4 pending receipt(s); affected steps need fresh receipts
Legacy bucketed pending snapshot: discarded 4 pending receipt(s); affected steps need fresh receipts
Legacy bucketed pending snapshot: discarded 4 pending receipt(s); affected steps need fresh receipts
Legacy bucketed pending snapshot: discarded 4 pending receipt(s); affected steps need fresh receipts
Legacy bucketed pending snapshot: discarded 4 pending receipt(s); affected steps need fresh receipts
Legacy bucketed pending snapshot: discarded 4 pending receipt(s); affected steps need fresh receipts
Legacy bucketed pending snapshot: discarded 4 pending receipt(s); affected steps need fresh receipts
Legacy bucketed pending snapshot: discarded 4 pending receipt(s); affected steps need fresh receipts
Legacy bucketed pending snapshot: discarded 4 pending receipt(s); affected steps need fresh receipts
Legacy bucketed pending snapshot: discarded 4 pending receipt(s); affected steps need fresh receipts
Legacy bucketed pending snapshot: discarded 4 pending receipt(s); affected steps need fresh receipts
Legacy bucketed pending snapshot: discarded 4 pending receipt(s); affected steps need fresh receipts
Legacy bucketed pending snapshot: discarded 4 pending receipt(s); affected steps need fresh receipts
Legacy bucketed pending snapshot: discarded 4 pending receipt(s); affected steps need fresh receipts
Legacy bucketed pending snapshot: discarded 4 pending receipt(s); affected steps need fresh receipts
Legacy bucketed pending snapshot: discarded 4 pending receipt(s); affected steps need fresh receipts
Legacy bucketed pending snapshot: discarded 4 pending receipt(s); affected steps need fresh receipts
Legacy bucketed pending snapshot: discarded 4 pending receipt(s); affected steps need fresh receipts
Legacy bucketed pending snapshot: discarded 4 pending receipt(s); affected steps need fresh receipts
Legacy bucketed pending snapshot: discarded 4 pending receipt(s); affected steps need fresh receipts
Legacy bucketed pending snapshot: discarded 4 pending receipt(s); affected steps need fresh receipts
Legacy bucketed pending snapshot: discarded 4 pending receipt(s); affected steps need fresh receipts
Legacy bucketed pending snapshot: discarded 4 pending receipt(s); affected steps need fresh receipts
Legacy bucketed pending snapshot: discarded 4 pending receipt(s); affected steps need fresh receipts
Legacy bucketed pending snapshot: discarded 4 pending receipt(s); affected steps need fresh receipts
Legacy bucketed pending snapshot: discarded 4 pending receipt(s); affected steps need fresh receipts
Legacy bucketed pending snapshot: discarded 4 pending receipt(s); affected steps need fresh receipts
Legacy bucketed pending snapshot: discarded 4 pending receipt(s); affected steps need fresh receipts
Legacy bucketed pending snapshot: discarded 4 pending receipt(s); affected steps need fresh receipts
Legacy bucketed pending snapshot: discarded 4 pending receipt(s); affected steps need fresh receipts
Legacy bucketed pending snapshot: discarded 4 pending receipt(s); affected steps need fresh receipts
Legacy bucketed pending snapshot: discarded 4 pending receipt(s); affected steps need fresh receipts
Legacy bucketed pending snapshot: discarded 4 pending receipt(s); affected steps need fresh receipts
Legacy bucketed pending snapshot: discarded 4 pending receipt(s); affected steps need fresh receipts
Legacy bucketed pending snapshot: discarded 4 pending receipt(s); affected steps need fresh receipts
Legacy bucketed pending snapshot: discarded 4 pending receipt(s); affected steps need fresh receipts
Legacy bucketed pending snapshot: discarded 4 pending receipt(s); affected steps need fresh receipts
Legacy bucketed pending snapshot: discarded 4 pending receipt(s); affected steps need fresh receipts
Legacy bucketed pending snapshot: discarded 4 pending receipt(s); affected steps need fresh receipts
Legacy bucketed pending snapshot: discarded 4 pending receipt(s); affected steps need fresh receipts
Legacy bucketed pending snapshot: discarded 4 pending receipt(s); affected steps need fresh receipts
Legacy bucketed pending snapshot: discarded 4 pending receipt(s); affected steps need fresh receipts
Legacy bucketed pending snapshot: discarded 4 pending receipt(s); affected steps need fresh receipts
Legacy bucketed pending snapshot: discarded 4 pending receipt(s); affected steps need fresh receipts
Legacy bucketed pending snapshot: discarded 4 pending receipt(s); affected steps need fresh receipts
Legacy bucketed pending snapshot: discarded 4 pending receipt(s); affected steps need fresh receipts
Legacy bucketed pending snapshot: discarded 4 pending receipt(s); affected steps need fresh receipts
Legacy bucketed pending snapshot: discarded 4 pending receipt(s); affected steps need fresh receipts
Legacy bucketed pending snapshot: discarded 4 pending receipt(s); affected steps need fresh receipts
Legacy bucketed pending snapshot: discarded 4 pending receipt(s); affected steps need fresh receipts
Legacy bucketed pending snapshot: discarded 4 pending receipt(s); affected steps need fresh receipts
Legacy bucketed pending snapshot: discarded 4 pending receipt(s); affected steps need fresh receipts
Legacy bucketed pending snapshot: discarded 4 pending receipt(s); affected steps need fresh receipts
Legacy bucketed pending snapshot: discarded 4 pending receipt(s); affected steps need fresh receipts
Legacy bucketed pending snapshot: discarded 4 pending receipt(s); affected steps need fresh receipts
Legacy bucketed pending snapshot: discarded 4 pending receipt(s); affected steps need fresh receipts
Legacy bucketed pending snapshot: discarded 4 pending receipt(s); affected steps need fresh receipts
Legacy bucketed pending snapshot: discarded 4 pending receipt(s); affected steps need fresh receipts
Legacy bucketed pending snapshot: discarded 4 pending receipt(s); affected steps need fresh receipts
Legacy bucketed pending snapshot: discarded 4 pending receipt(s); affected steps need fresh receipts
Legacy bucketed pending snapshot: discarded 4 pending receipt(s); affected steps need fresh receipts
Legacy bucketed pending snapshot: discarded 4 pending receipt(s); affected steps need fresh receipts
Legacy bucketed pending snapshot: discarded 4 pending receipt(s); affected steps need fresh receipts
Legacy bucketed pending snapshot: discarded 4 pending receipt(s); affected steps need fresh receipts
Legacy bucketed pending snapshot: discarded 4 pending receipt(s); affected steps need fresh receipts
Legacy bucketed pending snapshot: discarded 4 pending receipt(s); affected steps need fresh receipts
Legacy bucketed pending snapshot: discarded 4 pending receipt(s); affected steps need fresh receipts
Legacy bucketed pending snapshot: discarded 4 pending receipt(s); affected steps need fresh receipts
Legacy bucketed pending snapshot: discarded 4 pending receipt(s); affected steps need fresh receipts
Legacy bucketed pending snapshot: discarded 4 pending receipt(s); affected steps need fresh receipts
Legacy bucketed pending snapshot: discarded 4 pending receipt(s); affected steps need fresh receipts
Legacy bucketed pending snapshot: discarded 4 pending receipt(s); affected steps need fresh receipts
Legacy bucketed pending snapshot: discarded 4 pending receipt(s); affected steps need fresh receipts
Legacy bucketed pending snapshot: discarded 4 pending receipt(s); affected steps need fresh receipts
Legacy bucketed pending snapshot: discarded 4 pending receipt(s); affected steps need fresh receipts
Legacy bucketed pending snapshot: discarded 4 pending receipt(s); affected steps need fresh receipts
Legacy bucketed pending snapshot: discarded 4 pending receipt(s); affected steps need fresh receipts
Legacy bucketed pending snapshot: discarded 4 pending receipt(s); affected steps need fresh receipts
Legacy bucketed pending snapshot: discarded 4 pending receipt(s); affected steps need fresh receipts
Legacy bucketed pending snapshot: discarded 4 pending receipt(s); affected steps need fresh receipts
Legacy bucketed pending snapshot: discarded 4 pending receipt(s); affected steps need fresh receipts
Legacy bucketed pending snapshot: discarded 4 pending receipt(s); affected steps need fresh receipts
Legacy bucketed pending snapshot: discarded 4 pending receipt(s); affected steps need fresh receipts
Legacy bucketed pending snapshot: discarded 4 pending receipt(s); affected steps need fresh receipts
Legacy bucketed pending snapshot: discarded 4 pending receipt(s); affected steps need fresh receipts
Legacy bucketed pending snapshot: discarded 4 pending receipt(s); affected steps need fresh receipts
Legacy bucketed pending snapshot: discarded 4 pending receipt(s); affected steps need fresh receipts
Legacy bucketed pending snapshot: discarded 4 pending receipt(s); affected steps need fresh receipts
Legacy bucketed pending snapshot: discarded 4 pending receipt(s); affected steps need fresh receipts
Legacy bucketed pending snapshot: discarded 4 pending receipt(s); affected steps need fresh receipts
Legacy bucketed pending snapshot: discarded 4 pending receipt(s); affected steps need fresh receipts
Legacy bucketed pending snapshot: discarded 4 pending receipt(s); affected steps need fresh receipts
Legacy bucketed pending snapshot: discarded 4 pending receipt(s); affected steps need fresh receipts
Legacy bucketed pending snapshot: discarded 4 pending receipt(s); affected steps need fresh receipts
Legacy bucketed pending snapshot: discarded 4 pending receipt(s); affected steps need fresh receipts
Legacy bucketed pending snapshot: discarded 4 pending receipt(s); affected steps need fresh receipts
Legacy bucketed pending snapshot: discarded 4 pending receipt(s); affected steps need fresh receipts
Legacy bucketed pending snapshot: discarded 4 pending receipt(s); affected steps need fresh receipts
Legacy bucketed pending snapshot: discarded 4 pending receipt(s); affected steps need fresh receipts
Legacy bucketed pending snapshot: discarded 4 pending receipt(s); affected steps need fresh receipts
Legacy bucketed pending snapshot: discarded 4 pending receipt(s); affected steps need fresh receipts
Legacy bucketed pending snapshot: discarded 4 pending receipt(s); affected steps need fresh receipts
Legacy bucketed pending snapshot: discarded 4 pending receipt(s); affected steps need fresh receipts
Legacy bucketed pending snapshot: discarded 4 pending receipt(s); affected steps need fresh receipts
Legacy bucketed pending snapshot: discarded 4 pending receipt(s); affected steps need fresh receipts
Legacy bucketed pending snapshot: discarded 4 pending receipt(s); affected steps need fresh receipts
Legacy bucketed pending snapshot: discarded 4 pending receipt(s); affected steps need fresh receipts
Legacy bucketed pending snapshot: discarded 4 pending receipt(s); affected steps need fresh receipts
Legacy bucketed pending snapshot: discarded 4 pending receipt(s); affected steps need fresh receipts
Legacy bucketed pending snapshot: discarded 4 pending receipt(s); affected steps need fresh receipts
Legacy bucketed pending snapshot: discarded 4 pending receipt(s); affected steps need fresh receipts
Legacy bucketed pending snapshot: discarded 4 pending receipt(s); affected steps need fresh receipts
Legacy bucketed pending snapshot: discarded 4 pending receipt(s); affected steps need fresh receipts
Legacy bucketed pending snapshot: discarded 4 pending receipt(s); affected steps need fresh receipts
Legacy bucketed pending snapshot: discarded 4 pending receipt(s); affected steps need fresh receipts
Legacy bucketed pending snapshot: discarded 4 pending receipt(s); affected steps need fresh receipts
Legacy bucketed pending snapshot: discarded 4 pending receipt(s); affected steps need fresh receipts
Legacy bucketed pending snapshot: discarded 4 pending receipt(s); affected steps need fresh receipts
Legacy bucketed pending snapshot: discarded 4 pending receipt(s); affected steps need fresh receipts
Legacy bucketed pending snapshot: discarded 4 pending receipt(s); affected steps need fresh receipts
Legacy bucketed pending snapshot: discarded 4 pending receipt(s); affected steps need fresh receipts
Legacy bucketed pending snapshot: discarded 4 pending receipt(s); affected steps need fresh receipts
Legacy bucketed pending snapshot: discarded 4 pending receipt(s); affected steps need fresh receipts
Legacy bucketed pending snapshot: discarded 4 pending receipt(s); affected steps need fresh receipts
Legacy bucketed pending snapshot: discarded 4 pending receipt(s); affected steps need fresh receipts
Legacy bucketed pending snapshot: discarded 4 pending receipt(s); affected steps need fresh receipts
Legacy bucketed pending snapshot: discarded 4 pending receipt(s); affected steps need fresh receipts
Legacy bucketed pending snapshot: discarded 4 pending receipt(s); affected steps need fresh receipts
Legacy bucketed pending snapshot: discarded 4 pending receipt(s); affected steps need fresh receipts
Legacy bucketed pending snapshot: discarded 4 pending receipt(s); affected steps need fresh receipts
Legacy bucketed pending snapshot: discarded 4 pending receipt(s); affected steps need fresh receipts
Legacy bucketed pending snapshot: discarded 4 pending receipt(s); affected steps need fresh receipts
Legacy bucketed pending snapshot: discarded 4 pending receipt(s); affected steps need fresh receipts
Legacy bucketed pending snapshot: discarded 4 pending receipt(s); affected steps need fresh receipts
Legacy bucketed pending snapshot: discarded 4 pending receipt(s); affected steps need fresh receipts
Legacy bucketed pending snapshot: discarded 4 pending receipt(s); affected steps need fresh receipts
Legacy bucketed pending snapshot: discarded 4 pending receipt(s); affected steps need fresh receipts
Legacy bucketed pending snapshot: discarded 4 pending receipt(s); affected steps need fresh receipts
Legacy bucketed pending snapshot: discarded 4 pending receipt(s); affected steps need fresh receipts
Legacy bucketed pending snapshot: discarded 4 pending receipt(s); affected steps need fresh receipts
Legacy bucketed pending snapshot: discarded 4 pending receipt(s); affected steps need fresh receipts
Legacy bucketed pending snapshot: discarded 4 pending receipt(s); affected steps need fresh receipts
Legacy bucketed pending snapshot: discarded 4 pending receipt(s); affected steps need fresh receipts
Legacy bucketed pending snapshot: discarded 4 pending receipt(s); affected steps need fresh receipts
Legacy bucketed pending snapshot: discarded 4 pending receipt(s); affected steps need fresh receipts
Legacy bucketed pending snapshot: discarded 4 pending receipt(s); affected steps need fresh receipts
Legacy bucketed pending snapshot: discarded 4 pending receipt(s); affected steps need fresh receipts
Legacy bucketed pending snapshot: discarded 4 pending receipt(s); affected steps need fresh receipts
Legacy bucketed pending snapshot: discarded 4 pending receipt(s); affected steps need fresh receipts
Legacy bucketed pending snapshot: discarded 4 pending receipt(s); affected steps need fresh receipts
Legacy bucketed pending snapshot: discarded 4 pending receipt(s); affected steps need fresh receipts
Legacy bucketed pending snapshot: discarded 4 pending receipt(s); affected steps need fresh receipts
Legacy bucketed pending snapshot: discarded 4 pending receipt(s); affected steps need fresh receipts
Legacy bucketed pending snapshot: discarded 4 pending receipt(s); affected steps need fresh receipts
Legacy bucketed pending snapshot: discarded 4 pending receipt(s); affected steps need fresh receipts
Legacy bucketed pending snapshot: discarded 4 pending receipt(s); affected steps need fresh receipts
Legacy bucketed pending snapshot: discarded 4 pending receipt(s); affected steps need fresh receipts
Legacy bucketed pending snapshot: discarded 4 pending receipt(s); affected steps need fresh receipts
Legacy bucketed pending snapshot: discarded 4 pending receipt(s); affected steps need fresh receipts
Legacy bucketed pending snapshot: discarded 4 pending receipt(s); affected steps need fresh receipts
Legacy bucketed pending snapshot: discarded 4 pending receipt(s); affected steps need fresh receipts
Legacy bucketed pending snapshot: discarded 4 pending receipt(s); affected steps need fresh receipts
Legacy bucketed pending snapshot: discarded 4 pending receipt(s); affected steps need fresh receipts
Legacy bucketed pending snapshot: discarded 4 pending receipt(s); affected steps need fresh receipts
Legacy bucketed pending snapshot: discarded 4 pending receipt(s); affected steps need fresh receipts
Legacy bucketed pending snapshot: discarded 4 pending receipt(s); affected steps need fresh receipts
Legacy bucketed pending snapshot: discarded 4 pending receipt(s); affected steps need fresh receipts
Legacy bucketed pending snapshot: discarded 4 pending receipt(s); affected steps need fresh receipts
Legacy bucketed pending snapshot: discarded 4 pending receipt(s); affected steps need fresh receipts
Legacy bucketed pending snapshot: discarded 4 pending receipt(s); affected steps need fresh receipts
Legacy bucketed pending snapshot: discarded 4 pending receipt(s); affected steps need fresh receipts
Legacy bucketed pending snapshot: discarded 4 pending receipt(s); affected steps need fresh receipts
Legacy bucketed pending snapshot: discarded 4 pending receipt(s); affected steps need fresh receipts
Legacy bucketed pending snapshot: discarded 4 pending receipt(s); affected steps need fresh receipts
Legacy bucketed pending snapshot: discarded 4 pending receipt(s); affected steps need fresh receipts
Legacy bucketed pending snapshot: discarded 4 pending receipt(s); affected steps need fresh receipts
Legacy bucketed pending snapshot: discarded 4 pending receipt(s); affected steps need fresh receipts
Legacy bucketed pending snapshot: discarded 4 pending receipt(s); affected steps need fresh receipts
Legacy bucketed pending snapshot: discarded 4 pending receipt(s); affected steps need fresh receipts
Legacy bucketed pending snapshot: discarded 4 pending receipt(s); affected steps need fresh receipts
Legacy bucketed pending snapshot: discarded 4 pending receipt(s); affected steps need fresh receipts
Legacy bucketed pending snapshot: discarded 4 pending receipt(s); affected steps need fresh receipts
Legacy bucketed pending snapshot: discarded 4 pending receipt(s); affected steps need fresh receipts
Legacy bucketed pending snapshot: discarded 4 pending receipt(s); affected steps need fresh receipts
Legacy bucketed pending snapshot: discarded 4 pending receipt(s); affected steps need fresh receipts
Legacy bucketed pending snapshot: discarded 4 pending receipt(s); affected steps need fresh receipts
Legacy bucketed pending snapshot: discarded 4 pending receipt(s); affected steps need fresh receipts
Legacy bucketed pending snapshot: discarded 4 pending receipt(s); affected steps need fresh receipts
Legacy bucketed pending snapshot: discarded 4 pending receipt(s); affected steps need fresh receipts
Legacy bucketed pending snapshot: discarded 4 pending receipt(s); affected steps need fresh receipts
Legacy bucketed pending snapshot: discarded 4 pending receipt(s); affected steps need fresh receipts
Legacy bucketed pending snapshot: discarded 4 pending receipt(s); affected steps need fresh receipts
Legacy bucketed pending snapshot: discarded 4 pending receipt(s); affected steps need fresh receipts
Legacy bucketed pending snapshot: discarded 4 pending receipt(s); affected steps need fresh receipts
Legacy bucketed pending snapshot: discarded 4 pending receipt(s); affected steps need fresh receipts
Legacy bucketed pending snapshot: discarded 4 pending receipt(s); affected steps need fresh receipts
Legacy bucketed pending snapshot: discarded 4 pending receipt(s); affected steps need fresh receipts
Legacy bucketed pending snapshot: discarded 4 pending receipt(s); affected steps need fresh receipts
Legacy bucketed pending snapshot: discarded 4 pending receipt(s); affected steps need fresh receipts
Legacy bucketed pending snapshot: discarded 4 pending receipt(s); affected steps need fresh receipts
Legacy bucketed pending snapshot: discarded 4 pending receipt(s); affected steps need fresh receipts
Legacy bucketed pending snapshot: discarded 4 pending receipt(s); affected steps need fresh receipts
Legacy bucketed pending snapshot: discarded 4 pending receipt(s); affected steps need fresh receipts
Legacy bucketed pending snapshot: discarded 4 pending receipt(s); affected steps need fresh receipts
Legacy bucketed pending snapshot: discarded 4 pending receipt(s); affected steps need fresh receipts
Legacy bucketed pending snapshot: discarded 4 pending receipt(s); affected steps need fresh receipts
Legacy bucketed pending snapshot: discarded 4 pending receipt(s); affected steps need fresh receipts
Legacy bucketed pending snapshot: discarded 4 pending receipt(s); affected steps need fresh receipts
Legacy bucketed pending snapshot: discarded 4 pending receipt(s); affected steps need fresh receipts
Legacy bucketed pending snapshot: discarded 4 pending receipt(s); affected steps need fresh receipts
Legacy bucketed pending snapshot: discarded 4 pending receipt(s); affected steps need fresh receipts
Legacy bucketed pending snapshot: discarded 4 pending receipt(s); affected steps need fresh receipts
Legacy bucketed pending snapshot: discarded 4 pending receipt(s); affected steps need fresh receipts
Legacy bucketed pending snapshot: discarded 4 pending receipt(s); affected steps need fresh receipts
Legacy bucketed pending snapshot: discarded 4 pending receipt(s); affected steps need fresh receipts
Legacy bucketed pending snapshot: discarded 4 pending receipt(s); affected steps need fresh receipts
Legacy bucketed pending snapshot: discarded 4 pending receipt(s); affected steps need fresh receipts
Legacy bucketed pending snapshot: discarded 4 pending receipt(s); affected steps need fresh receipts
Legacy bucketed pending snapshot: discarded 4 pending receipt(s); affected steps need fresh receipts
Legacy bucketed pending snapshot: discarded 4 pending receipt(s); affected steps need fresh receipts
Legacy bucketed pending snapshot: discarded 4 pending receipt(s); affected steps need fresh receipts
Legacy bucketed pending snapshot: discarded 4 pending receipt(s); affected steps need fresh receipts
Legacy bucketed pending snapshot: discarded 4 pending receipt(s); affected steps need fresh receipts
Legacy bucketed pending snapshot: discarded 4 pending receipt(s); affected steps need fresh receipts
Legacy bucketed pending snapshot: discarded 4 pending receipt(s); affected steps need fresh receipts
Legacy bucketed pending snapshot: discarded 4 pending receipt(s); affected steps need fresh receipts
Legacy bucketed pending snapshot: discarded 4 pending receipt(s); affected steps need fresh receipts
Legacy bucketed pending snapshot: discarded 4 pending receipt(s); affected steps need fresh receipts
Legacy bucketed pending snapshot: discarded 4 pending receipt(s); affected steps need fresh receipts
Legacy bucketed pending snapshot: discarded 4 pending receipt(s); affected steps need fresh receipts
Legacy bucketed pending snapshot: discarded 4 pending receipt(s); affected steps need fresh receipts
Legacy bucketed pending snapshot: discarded 4 pending receipt(s); affected steps need fresh receipts
Legacy bucketed pending snapshot: discarded 4 pending receipt(s); affected steps need fresh receipts
Legacy bucketed pending snapshot: discarded 4 pending receipt(s); affected steps need fresh receipts
Legacy bucketed pending snapshot: discarded 4 pending receipt(s); affected steps need fresh receipts
Legacy bucketed pending snapshot: discarded 4 pending receipt(s); affected steps need fresh receipts
Legacy bucketed pending snapshot: discarded 4 pending receipt(s); affected steps need fresh receipts
Legacy bucketed pending snapshot: discarded 4 pending receipt(s); affected steps need fresh receipts
Legacy bucketed pending snapshot: discarded 4 pending receipt(s); affected steps need fresh receipts
Legacy bucketed pending snapshot: discarded 4 pending receipt(s); affected steps need fresh receipts
Legacy bucketed pending snapshot: discarded 4 pending receipt(s); affected steps need fresh receipts
Legacy bucketed pending snapshot: discarded 4 pending receipt(s); affected steps need fresh receipts
Legacy bucketed pending snapshot: discarded 4 pending receipt(s); affected steps need fresh receipts
Legacy bucketed pending snapshot: discarded 4 pending receipt(s); affected steps need fresh receipts
Legacy bucketed pending snapshot: discarded 4 pending receipt(s); affected steps need fresh receipts
Legacy bucketed pending snapshot: discarded 4 pending receipt(s); affected steps need fresh receipts
Legacy bucketed pending snapshot: discarded 4 pending receipt(s); affected steps need fresh receipts
Legacy bucketed pending snapshot: discarded 4 pending receipt(s); affected steps need fresh receipts
Legacy bucketed pending snapshot: discarded 4 pending receipt(s); affected steps need fresh receipts
Legacy bucketed pending snapshot: discarded 2 pending receipt(s); affected steps need fresh receipts
Legacy bucketed pending snapshot: discarded 2 pending receipt(s); affected steps need fresh receipts
