running egg_info
creating hive_appliance.egg-info
writing hive_appliance.egg-info/PKG-INFO
writing dependency_links to hive_appliance.egg-info/dependency_links.txt
writing entry points to hive_appliance.egg-info/entry_points.txt
writing requirements to hive_appliance.egg-info/requires.txt
writing top-level names to hive_appliance.egg-info/top_level.txt
writing manifest file 'hive_appliance.egg-info/SOURCES.txt'
reading manifest file 'hive_appliance.egg-info/SOURCES.txt'
writing manifest file 'hive_appliance.egg-info/SOURCES.txt'
running bdist_wheel
running build
running build_py
creating build/lib
copying cli.py -> build/lib
copying conftest.py -> build/lib
copying run_tests.py -> build/lib
creating build/lib/controller
copying controller/appliance.py -> build/lib/controller
copying controller/__init__.py -> build/lib/controller
copying controller/reducer.py -> build/lib/controller
creating build/lib/hive
copying hive/types.py -> build/lib/hive
copying hive/shared_store.py -> build/lib/hive
copying hive/appliance.py -> build/lib/hive
copying hive/adapter.py -> build/lib/hive
copying hive/dashboard.py -> build/lib/hive
copying hive/__init__.py -> build/lib/hive
copying hive/reducer.py -> build/lib/hive
copying hive/event_bus.py -> build/lib/hive
copying hive/planner.py -> build/lib/hive
creating build/lib/collectors
copying collectors/host_collector.py -> build/lib/collectors
copying collectors/base.py -> build/lib/collectors
copying collectors/file_collector.py -> build/lib/collectors
copying collectors/__init__.py -> build/lib/collectors
copying collectors/service_collector.py -> build/lib/collectors
creating build/lib/profiles
copying profiles/__init__.py -> build/lib/profiles
copying profiles/manager.py -> build/lib/profiles
creating build/lib/adapters
copying adapters/local_adapter.py -> build/lib/adapters
copying adapters/__init__.py -> build/lib/adapters
creating build/lib/reasoning
copying reasoning/__init__.py -> build/lib/reasoning
copying reasoning/planner.py -> build/lib/reasoning
creating build/lib/executor
copying executor/shell_executor.py -> build/lib/executor
copying executor/base.py -> build/lib/executor
copying executor/__init__.py -> build/lib/executor
copying executor/noop_executor.py -> build/lib/executor
creating build/lib/schemas
copying schemas/types.py -> build/lib/schemas
copying schemas/__init__.py -> build/lib/schemas
copying schemas/event_store.py -> build/lib/schemas
creating build/lib/conversation
copying conversation/types.py -> build/lib/conversation
copying conversation/threading.py -> build/lib/conversation
copying conversation/attachments.py -> build/lib/conversation
copying conversation/semantic.py -> build/lib/conversation
copying conversation/__init__.py -> build/lib/conversation
copying conversation/bootstrap.py -> build/lib/conversation
copying conversation/downloaders.py -> build/lib/conversation
copying conversation/store.py -> build/lib/conversation
copying conversation/client.py -> build/lib/conversation
creating build/lib/recovery
copying recovery/checkpoint.py -> build/lib/recovery
copying recovery/__init__.py -> build/lib/recovery
copying recovery/upgrade.py -> build/lib/recovery
creating build/lib/verifier
copying verifier/base.py -> build/lib/verifier
copying verifier/__init__.py -> build/lib/verifier
copying verifier/file_verifier.py -> build/lib/verifier
copying verifier/exit_code_verifier.py -> build/lib/verifier
creating build/lib/adapters/nixos
copying adapters/nixos/config_generator.py -> build/lib/adapters/nixos
copying adapters/nixos/executor.py -> build/lib/adapters/nixos
copying adapters/nixos/adapter.py -> build/lib/adapters/nixos
copying adapters/nixos/vm_manager.py -> build/lib/adapters/nixos
copying adapters/nixos/__init__.py -> build/lib/adapters/nixos
copying adapters/nixos/nix_builder.py -> build/lib/adapters/nixos
copying adapters/nixos/service_module.py -> build/lib/adapters/nixos
creating build/lib/conversation/collectors
copying conversation/collectors/transcript_file.py -> build/lib/conversation/collectors
copying conversation/collectors/base.py -> build/lib/conversation/collectors
copying conversation/collectors/__init__.py -> build/lib/conversation/collectors
copying conversation/collectors/telegram.py -> build/lib/conversation/collectors
running egg_info
writing hive_appliance.egg-info/PKG-INFO
writing dependency_links to hive_appliance.egg-info/dependency_links.txt
writing entry points to hive_appliance.egg-info/entry_points.txt
writing requirements to hive_appliance.egg-info/requires.txt
writing top-level names to hive_appliance.egg-info/top_level.txt
reading manifest file 'hive_appliance.egg-info/SOURCES.txt'
writing manifest file 'hive_appliance.egg-info/SOURCES.txt'
installing to build/bdist.linux-x86_64/wheel
running install
running install_lib
creating build/bdist.linux-x86_64/wheel
creating build/bdist.linux-x86_64/wheel/controller
copying build/lib/controller/appliance.py -> build/bdist.linux-x86_64/wheel/./controller
copying build/lib/controller/__init__.py -> build/bdist.linux-x86_64/wheel/./controller
copying build/lib/controller/reducer.py -> build/bdist.linux-x86_64/wheel/./controller
creating build/bdist.linux-x86_64/wheel/hive
copying build/lib/hive/types.py -> build/bdist.linux-x86_64/wheel/./hive
copying build/lib/hive/shared_store.py -> build/bdist.linux-x86_64/wheel/./hive
copying build/lib/hive/appliance.py -> build/bdist.linux-x86_64/wheel/./hive
copying build/lib/hive/adapter.py -> build/bdist.linux-x86_64/wheel/./hive
copying build/lib/hive/dashboard.py -> build/bdist.linux-x86_64/wheel/./hive
copying build/lib/hive/__init__.py -> build/bdist.linux-x86_64/wheel/./hive
copying build/lib/hive/reducer.py -> build/bdist.linux-x86_64/wheel/./hive
copying build/lib/hive/event_bus.py -> build/bdist.linux-x86_64/wheel/./hive
copying build/lib/hive/planner.py -> build/bdist.linux-x86_64/wheel/./hive
copying build/lib/cli.py -> build/bdist.linux-x86_64/wheel/.
creating build/bdist.linux-x86_64/wheel/collectors
copying build/lib/collectors/host_collector.py -> build/bdist.linux-x86_64/wheel/./collectors
copying build/lib/collectors/base.py -> build/bdist.linux-x86_64/wheel/./collectors
copying build/lib/collectors/file_collector.py -> build/bdist.linux-x86_64/wheel/./collectors
copying build/lib/collectors/__init__.py -> build/bdist.linux-x86_64/wheel/./collectors
copying build/lib/collectors/service_collector.py -> build/bdist.linux-x86_64/wheel/./collectors
creating build/bdist.linux-x86_64/wheel/profiles
copying build/lib/profiles/__init__.py -> build/bdist.linux-x86_64/wheel/./profiles
copying build/lib/profiles/manager.py -> build/bdist.linux-x86_64/wheel/./profiles
creating build/bdist.linux-x86_64/wheel/adapters
creating build/bdist.linux-x86_64/wheel/adapters/nixos
copying build/lib/adapters/nixos/config_generator.py -> build/bdist.linux-x86_64/wheel/./adapters/nixos
copying build/lib/adapters/nixos/executor.py -> build/bdist.linux-x86_64/wheel/./adapters/nixos
copying build/lib/adapters/nixos/adapter.py -> build/bdist.linux-x86_64/wheel/./adapters/nixos
copying build/lib/adapters/nixos/vm_manager.py -> build/bdist.linux-x86_64/wheel/./adapters/nixos
copying build/lib/adapters/nixos/__init__.py -> build/bdist.linux-x86_64/wheel/./adapters/nixos
copying build/lib/adapters/nixos/nix_builder.py -> build/bdist.linux-x86_64/wheel/./adapters/nixos
copying build/lib/adapters/nixos/service_module.py -> build/bdist.linux-x86_64/wheel/./adapters/nixos
copying build/lib/adapters/local_adapter.py -> build/bdist.linux-x86_64/wheel/./adapters
copying build/lib/adapters/__init__.py -> build/bdist.linux-x86_64/wheel/./adapters
creating build/bdist.linux-x86_64/wheel/reasoning
copying build/lib/reasoning/__init__.py -> build/bdist.linux-x86_64/wheel/./reasoning
copying build/lib/reasoning/planner.py -> build/bdist.linux-x86_64/wheel/./reasoning
copying build/lib/run_tests.py -> build/bdist.linux-x86_64/wheel/.
creating build/bdist.linux-x86_64/wheel/executor
copying build/lib/executor/shell_executor.py -> build/bdist.linux-x86_64/wheel/./executor
copying build/lib/executor/base.py -> build/bdist.linux-x86_64/wheel/./executor
copying build/lib/executor/__init__.py -> build/bdist.linux-x86_64/wheel/./executor
copying build/lib/executor/noop_executor.py -> build/bdist.linux-x86_64/wheel/./executor
copying build/lib/conftest.py -> build/bdist.linux-x86_64/wheel/.
creating build/bdist.linux-x86_64/wheel/schemas
copying build/lib/schemas/types.py -> build/bdist.linux-x86_64/wheel/./schemas
copying build/lib/schemas/__init__.py -> build/bdist.linux-x86_64/wheel/./schemas
copying build/lib/schemas/event_store.py -> build/bdist.linux-x86_64/wheel/./schemas
creating build/bdist.linux-x86_64/wheel/conversation
copying build/lib/conversation/types.py -> build/bdist.linux-x86_64/wheel/./conversation
copying build/lib/conversation/threading.py -> build/bdist.linux-x86_64/wheel/./conversation
creating build/bdist.linux-x86_64/wheel/conversation/collectors
copying build/lib/conversation/collectors/transcript_file.py -> build/bdist.linux-x86_64/wheel/./conversation/collectors
copying build/lib/conversation/collectors/base.py -> build/bdist.linux-x86_64/wheel/./conversation/collectors
copying build/lib/conversation/collectors/__init__.py -> build/bdist.linux-x86_64/wheel/./conversation/collectors
copying build/lib/conversation/collectors/telegram.py -> build/bdist.linux-x86_64/wheel/./conversation/collectors
copying build/lib/conversation/attachments.py -> build/bdist.linux-x86_64/wheel/./conversation
copying build/lib/conversation/semantic.py -> build/bdist.linux-x86_64/wheel/./conversation
copying build/lib/conversation/__init__.py -> build/bdist.linux-x86_64/wheel/./conversation
copying build/lib/conversation/bootstrap.py -> build/bdist.linux-x86_64/wheel/./conversation
copying build/lib/conversation/downloaders.py -> build/bdist.linux-x86_64/wheel/./conversation
copying build/lib/conversation/store.py -> build/bdist.linux-x86_64/wheel/./conversation
copying build/lib/conversation/client.py -> build/bdist.linux-x86_64/wheel/./conversation
creating build/bdist.linux-x86_64/wheel/recovery
copying build/lib/recovery/checkpoint.py -> build/bdist.linux-x86_64/wheel/./recovery
copying build/lib/recovery/__init__.py -> build/bdist.linux-x86_64/wheel/./recovery
copying build/lib/recovery/upgrade.py -> build/bdist.linux-x86_64/wheel/./recovery
creating build/bdist.linux-x86_64/wheel/verifier
copying build/lib/verifier/base.py -> build/bdist.linux-x86_64/wheel/./verifier
copying build/lib/verifier/__init__.py -> build/bdist.linux-x86_64/wheel/./verifier
copying build/lib/verifier/file_verifier.py -> build/bdist.linux-x86_64/wheel/./verifier
copying build/lib/verifier/exit_code_verifier.py -> build/bdist.linux-x86_64/wheel/./verifier
running install_egg_info
Copying hive_appliance.egg-info to build/bdist.linux-x86_64/wheel/./hive_appliance-0.1.0-py3.10.egg-info
running install_scripts
creating build/bdist.linux-x86_64/wheel/hive_appliance-0.1.0.dist-info/WHEEL
creating '/home/openclaw/research-agent/projects/hive-appliance/experiments/20260928-astra-7075-packaging/wheels/.tmp-s55ql7k6/hive_appliance-0.1.0-py3-none-any.whl' and adding 'build/bdist.linux-x86_64/wheel' to it
adding 'cli.py'
adding 'conftest.py'
adding 'run_tests.py'
adding 'adapters/__init__.py'
adding 'adapters/local_adapter.py'
adding 'adapters/nixos/__init__.py'
adding 'adapters/nixos/adapter.py'
adding 'adapters/nixos/config_generator.py'
adding 'adapters/nixos/executor.py'
adding 'adapters/nixos/nix_builder.py'
adding 'adapters/nixos/service_module.py'
adding 'adapters/nixos/vm_manager.py'
adding 'collectors/__init__.py'
adding 'collectors/base.py'
adding 'collectors/file_collector.py'
adding 'collectors/host_collector.py'
adding 'collectors/service_collector.py'
adding 'controller/__init__.py'
adding 'controller/appliance.py'
adding 'controller/reducer.py'
adding 'conversation/__init__.py'
adding 'conversation/attachments.py'
adding 'conversation/bootstrap.py'
adding 'conversation/client.py'
adding 'conversation/downloaders.py'
adding 'conversation/semantic.py'
adding 'conversation/store.py'
adding 'conversation/threading.py'
adding 'conversation/types.py'
adding 'conversation/collectors/__init__.py'
adding 'conversation/collectors/base.py'
adding 'conversation/collectors/telegram.py'
adding 'conversation/collectors/transcript_file.py'
adding 'executor/__init__.py'
adding 'executor/base.py'
adding 'executor/noop_executor.py'
adding 'executor/shell_executor.py'
adding 'hive/__init__.py'
adding 'hive/adapter.py'
adding 'hive/appliance.py'
adding 'hive/dashboard.py'
adding 'hive/event_bus.py'
adding 'hive/planner.py'
adding 'hive/reducer.py'
adding 'hive/shared_store.py'
adding 'hive/types.py'
adding 'profiles/__init__.py'
adding 'profiles/manager.py'
adding 'reasoning/__init__.py'
adding 'reasoning/planner.py'
adding 'recovery/__init__.py'
adding 'recovery/checkpoint.py'
adding 'recovery/upgrade.py'
adding 'schemas/__init__.py'
adding 'schemas/event_store.py'
adding 'schemas/types.py'
adding 'verifier/__init__.py'
adding 'verifier/base.py'
adding 'verifier/exit_code_verifier.py'
adding 'verifier/file_verifier.py'
adding 'hive_appliance-0.1.0.dist-info/METADATA'
adding 'hive_appliance-0.1.0.dist-info/WHEEL'
adding 'hive_appliance-0.1.0.dist-info/entry_points.txt'
adding 'hive_appliance-0.1.0.dist-info/top_level.txt'
adding 'hive_appliance-0.1.0.dist-info/RECORD'
removing build/bdist.linux-x86_64/wheel
Successfully built hive_appliance-0.1.0-py3-none-any.whl
* Creating isolated environment: venv+pip...
* Installing packages in isolated environment:
  - setuptools>=61
  - wheel
* Getting build dependencies for wheel...
/home/openclaw/tmp/build-env-2cf24ku2/lib/python3.10/site-packages/setuptools/config/_apply_pyprojecttoml.py:82: SetuptoolsDeprecationWarning: `project.license` as a TOML table is deprecated
!!

        ********************************************************************************
        Please use a simple string containing a SPDX expression for `project.license`. You can also use `project.license-files`. (Both options available on setuptools>=77.0.0).

        By 2027-Feb-18, you need to update your project and remove deprecated calls
        or your builds will no longer be supported.

        See https://packaging.python.org/en/latest/guides/writing-pyproject-toml/#license for details.
        ********************************************************************************

!!
  corresp(dist, value, root_dir)
/home/openclaw/tmp/build-env-2cf24ku2/lib/python3.10/site-packages/setuptools/config/_apply_pyprojecttoml.py:61: SetuptoolsDeprecationWarning: License classifiers are deprecated.
!!

        ********************************************************************************
        Please consider removing the following classifiers in favor of a SPDX license expression:

        License :: OSI Approved :: MIT License

        See https://packaging.python.org/en/latest/guides/writing-pyproject-toml/#license for details.
        ********************************************************************************

!!
  dist._finalize_license_expression()
/home/openclaw/tmp/build-env-2cf24ku2/lib/python3.10/site-packages/setuptools/dist.py:765: SetuptoolsDeprecationWarning: License classifiers are deprecated.
!!

        ********************************************************************************
        Please consider removing the following classifiers in favor of a SPDX license expression:

        License :: OSI Approved :: MIT License

        See https://packaging.python.org/en/latest/guides/writing-pyproject-toml/#license for details.
        ********************************************************************************

!!
  self._finalize_license_expression()
* Building wheel...
/home/openclaw/tmp/build-env-2cf24ku2/lib/python3.10/site-packages/setuptools/config/_apply_pyprojecttoml.py:82: SetuptoolsDeprecationWarning: `project.license` as a TOML table is deprecated
!!

        ********************************************************************************
        Please use a simple string containing a SPDX expression for `project.license`. You can also use `project.license-files`. (Both options available on setuptools>=77.0.0).

        By 2027-Feb-18, you need to update your project and remove deprecated calls
        or your builds will no longer be supported.

        See https://packaging.python.org/en/latest/guides/writing-pyproject-toml/#license for details.
        ********************************************************************************

!!
  corresp(dist, value, root_dir)
/home/openclaw/tmp/build-env-2cf24ku2/lib/python3.10/site-packages/setuptools/config/_apply_pyprojecttoml.py:61: SetuptoolsDeprecationWarning: License classifiers are deprecated.
!!

        ********************************************************************************
        Please consider removing the following classifiers in favor of a SPDX license expression:

        License :: OSI Approved :: MIT License

        See https://packaging.python.org/en/latest/guides/writing-pyproject-toml/#license for details.
        ********************************************************************************

!!
  dist._finalize_license_expression()
/home/openclaw/tmp/build-env-2cf24ku2/lib/python3.10/site-packages/setuptools/dist.py:765: SetuptoolsDeprecationWarning: License classifiers are deprecated.
!!

        ********************************************************************************
        Please consider removing the following classifiers in favor of a SPDX license expression:

        License :: OSI Approved :: MIT License

        See https://packaging.python.org/en/latest/guides/writing-pyproject-toml/#license for details.
        ********************************************************************************

!!
  self._finalize_license_expression()
