experiments/20261008-astra-7638/production.diff:17: trailing whitespace.
+ 
experiments/20261008-astra-7638/production.diff:23: trailing whitespace.
+ 
experiments/20261008-astra-7638/production.diff:26: trailing whitespace.
+ 
experiments/20261008-astra-7638/production.diff:40: trailing whitespace.
+ 
experiments/20261008-astra-7638/production.diff:72: trailing whitespace.
+ 
experiments/20261008-astra-7638/production.diff:97: trailing whitespace.
+ 
experiments/20261008-astra-7638/production.diff:146: trailing whitespace.
+ 
experiments/20261008-astra-7638/production.diff:164: trailing whitespace.
+ 
experiments/20261008-astra-7638/production.diff:172: trailing whitespace.
+ 
experiments/20261008-astra-7638/production.diff:183: trailing whitespace.
+ 
experiments/20261008-astra-7638/production.diff:252: trailing whitespace.
+ 
experiments/20261008-astra-7638/production.diff:286: trailing whitespace.
+ 
experiments/20261008-astra-7638/production.diff:292: trailing whitespace.
+ 
experiments/20261008-astra-7638/production.diff:297: trailing whitespace.
+ 
experiments/20261008-astra-7638/production.diff:307: trailing whitespace.
+ 
experiments/20261008-astra-7638/production.diff:312: trailing whitespace.
+ 
experiments/20261008-astra-7638/production.diff:341: trailing whitespace.
+ 
experiments/20261008-astra-7638/production.diff:423: trailing whitespace.
+ 
experiments/20261008-astra-7638/production.diff:449: trailing whitespace.
+ 
experiments/20261008-astra-7638/production.diff:505: trailing whitespace.
+ 
experiments/20261008-astra-7638/production.diff:515: trailing whitespace.
+ 
experiments/20261008-astra-7638/production.diff:560: trailing whitespace.
+ 
experiments/20261008-astra-7638/production.diff:561: trailing whitespace.
+ 
experiments/20261008-astra-7638/review7638-final.stdout:1: trailing whitespace.
+F_foreign_progress True 
experiments/20261008-astra-7638/review7638-final.stdout:2: trailing whitespace.
+incidentless_evidence True 
experiments/20261008-astra-7638/review7638-final.stdout:3: trailing whitespace.
+F_hold_expiry True 
experiments/20261008-astra-7638/review7638-final.stdout:4: trailing whitespace.
+F_unregister_escape True 
experiments/20261008-astra-7638/review7638-final.stdout:5: trailing whitespace.
+journal_controls True 
experiments/20261008-astra-7638/review7638-final.stdout:6: trailing whitespace.
+F_journal_order True 
experiments/20261008-astra-7638/review7638-final.stdout:7: trailing whitespace.
+F_journal_refused_fsync True 
experiments/20261008-astra-7638/review7638-final.stdout:8: trailing whitespace.
+F_journal_tail True 
experiments/20261008-astra-7638/review7638-final.stdout:9: trailing whitespace.
+quiet_guidance_wiring True 
experiments/20261008-astra-7638/review7638-final.stdout:10: trailing whitespace.
+exact_plan_only_witness True 
experiments/20261008-astra-7638/review7638-final.stdout:11: trailing whitespace.
+hold_144_schedules True 
experiments/20261008-astra-7638/review7638-final.stdout:12: trailing whitespace.
+refusals_pending True 
experiments/20261008-astra-7638/review7638-final.stdout:13: trailing whitespace.
+retention_bounds True 
experiments/20261008-astra-7638/review7638-final.stdout:14: trailing whitespace.
+late_link_warnings True 
experiments/20261008-astra-7638/review7638-final.stdout:15: trailing whitespace.
+retained_regressions True 
experiments/20261008-astra-7638/review7638.stdout:1: trailing whitespace.
+F_foreign_progress True 
experiments/20261008-astra-7638/review7638.stdout:2: trailing whitespace.
+incidentless_evidence True 
experiments/20261008-astra-7638/review7638.stdout:3: trailing whitespace.
+F_hold_expiry True 
experiments/20261008-astra-7638/review7638.stdout:4: trailing whitespace.
+F_unregister_escape True 
experiments/20261008-astra-7638/review7638.stdout:6: trailing whitespace.
+F_journal_order True 
experiments/20261008-astra-7638/review7638.stdout:7: trailing whitespace.
+F_journal_refused_fsync True 
experiments/20261008-astra-7638/review7638.stdout:8: trailing whitespace.
+F_journal_tail True 
experiments/20261008-astra-7638/review7638.stdout:9: trailing whitespace.
+quiet_guidance_wiring True 
experiments/20261008-astra-7638/review7638.stdout:10: trailing whitespace.
+exact_plan_only_witness True 
experiments/20261008-astra-7638/review7638.stdout:11: trailing whitespace.
+hold_144_schedules True 
experiments/20261008-astra-7638/review7638.stdout:12: trailing whitespace.
+refusals_pending True 
experiments/20261008-astra-7638/review7638.stdout:13: trailing whitespace.
+retention_bounds True 
experiments/20261008-astra-7638/review7638.stdout:14: trailing whitespace.
+late_link_warnings True 
experiments/20261008-astra-7638/review7638.stdout:15: trailing whitespace.
+retained_regressions True 
experiments/20261008-astra-7638/runner.py:56: new blank line at EOF.
