F_unregister_escape True 
F_journal_order_exact True 
F_journal_content True 
journal_controls True 
F_journal_refused_fsync True 
F_journal_tail_exact True 
tail_fault_boundaries True 
defaults_legacy True 
rejected_partial_snapshot True 
caps True 
recovery_text_assertions True 
F_foreign_progress_retained True 
incidentless_retained True 
F_hold_expiry_retained True 
quiet_guidance_retained True 
exact_plan_only_witness True 
hold_144_schedules True 
refusals_pending True 
late_link_warnings True 
retained_regressions True 
