experiments/20261008-astra-7656/review7656.stdout:1: trailing whitespace.
+F_unregister_escape True 
experiments/20261008-astra-7656/review7656.stdout:2: trailing whitespace.
+F_journal_order_exact True 
experiments/20261008-astra-7656/review7656.stdout:3: trailing whitespace.
+F_journal_content True 
experiments/20261008-astra-7656/review7656.stdout:4: trailing whitespace.
+journal_controls True 
experiments/20261008-astra-7656/review7656.stdout:5: trailing whitespace.
+F_journal_refused_fsync True 
experiments/20261008-astra-7656/review7656.stdout:6: trailing whitespace.
+F_journal_tail_exact True 
experiments/20261008-astra-7656/review7656.stdout:7: trailing whitespace.
+tail_fault_boundaries True 
experiments/20261008-astra-7656/review7656.stdout:8: trailing whitespace.
+defaults_legacy True 
experiments/20261008-astra-7656/review7656.stdout:9: trailing whitespace.
+rejected_partial_snapshot True 
experiments/20261008-astra-7656/review7656.stdout:10: trailing whitespace.
+caps True 
experiments/20261008-astra-7656/review7656.stdout:11: trailing whitespace.
+recovery_text_assertions True 
experiments/20261008-astra-7656/review7656.stdout:12: trailing whitespace.
+F_foreign_progress_retained True 
experiments/20261008-astra-7656/review7656.stdout:13: trailing whitespace.
+incidentless_retained True 
experiments/20261008-astra-7656/review7656.stdout:14: trailing whitespace.
+F_hold_expiry_retained True 
experiments/20261008-astra-7656/review7656.stdout:15: trailing whitespace.
+quiet_guidance_retained True 
experiments/20261008-astra-7656/review7656.stdout:16: trailing whitespace.
+exact_plan_only_witness True 
experiments/20261008-astra-7656/review7656.stdout:17: trailing whitespace.
+hold_144_schedules True 
experiments/20261008-astra-7656/review7656.stdout:18: trailing whitespace.
+refusals_pending True 
experiments/20261008-astra-7656/review7656.stdout:19: trailing whitespace.
+late_link_warnings True 
experiments/20261008-astra-7656/review7656.stdout:20: trailing whitespace.
+retained_regressions True 
experiments/20261008-astra-7656/runner.py:56: new blank line at EOF.
experiments/20261008-astra-7656/source/production.diff:7: trailing whitespace.
+ 
experiments/20261008-astra-7656/source/production.diff:18: trailing whitespace.
+ 
experiments/20261008-astra-7656/source/production.diff:50: trailing whitespace.
+ 
experiments/20261008-astra-7656/source/production.diff:60: trailing whitespace.
+ 
experiments/20261008-astra-7656/source/production.diff:72: trailing whitespace.
+ 
experiments/20261008-astra-7656/source/production.diff:118: trailing whitespace.
+ 
experiments/20261008-astra-7656/source/production.diff:132: trailing whitespace.
+ 
experiments/20261008-astra-7656/source/production.diff:149: trailing whitespace.
+ 
experiments/20261008-astra-7656/source/production.diff:258: trailing whitespace.
+ 
experiments/20261008-astra-7656/source/production.diff:292: trailing whitespace.
+ 
experiments/20261008-astra-7656/source/production.diff:297: trailing whitespace.
+ 
experiments/20261008-astra-7656/source/production.diff:352: trailing whitespace.
+ 
experiments/20261008-astra-7656/source/production.diff:405: trailing whitespace.
+ 
experiments/20261008-astra-7656/source/production.diff:420: trailing whitespace.
+ 
experiments/20261008-astra-7656/source/production.diff:443: trailing whitespace.
+ 
experiments/20261008-astra-7656/source/production.diff:444: trailing whitespace.
+ 
