Failed to download attachment att_f6e16adc91bd0af0
Traceback (most recent call last):
  File "/tmp/hive-astra-7734-source/conversation/attachments.py", line 794, in _download_one
    raise RuntimeError("download lease was lost before publication")
RuntimeError: download lease was lost before publication
Failed to create checkpoint before repair
Traceback (most recent call last):
  File "/tmp/hive-astra-7734-source/controller/appliance.py", line 277, in _do_repair
    checkpoint = self._checkpoint_mgr.create(
  File "/usr/lib/python3.10/unittest/mock.py", line 1114, in __call__
    return self._mock_call(*args, **kwargs)
  File "/usr/lib/python3.10/unittest/mock.py", line 1118, in _mock_call
    return self._execute_mock_call(*args, **kwargs)
  File "/usr/lib/python3.10/unittest/mock.py", line 1173, in _execute_mock_call
    raise effect
OSError: checkpoint unavailable
Failed to rollback after repair failure
Traceback (most recent call last):
  File "/tmp/hive-astra-7734-source/controller/appliance.py", line 344, in _do_repair
    restored = self._checkpoint_mgr.load(checkpoint.id)
  File "/usr/lib/python3.10/unittest/mock.py", line 1114, in __call__
    return self._mock_call(*args, **kwargs)
  File "/usr/lib/python3.10/unittest/mock.py", line 1118, in _mock_call
    return self._execute_mock_call(*args, **kwargs)
  File "/usr/lib/python3.10/unittest/mock.py", line 1179, in _execute_mock_call
    result = effect(*args, **kwargs)
  File "/home/openclaw/research-agent/projects/hive-appliance/repos/hive-appliance/experiments/20261008-astra-7734/probes-final.py", line 329, in load
    if calls[0]>1 and mode=='rollback_raises': raise OSError('rollback unavailable')
OSError: rollback unavailable
Attachment worker did not stop within 0.0s
Refusing to unlink uncontained attachment file /tmp/hive-astra-7734-runtime/P2_effect_boundary-cdhfaor_/append/root/tg/room/2023-11-14/att_f6e16adc91bd0af0.93456cbab7f644a3af9fe5bd0091511b.bin
Refusing to unlink uncontained attachment file /tmp/hive-astra-7734-runtime/P2_effect_boundary-cdhfaor_/update/root/tg/room/2023-11-14/att_f6e16adc91bd0af0.c6adf37f08a1466fa3da6df305c8042b.bin
Refusing to unlink uncontained attachment file /tmp/hive-astra-7734-runtime/P2_effect_boundary-cdhfaor_/delete_unknown_root/external
Rejected attachment att_f6e16adc91bd0af0: local_path outside attachments root
Refusing to unlink uncontained attachment file /tmp/hive-astra-7734-runtime/P2_effect_boundary-cdhfaor_/delete_configured_root/external
