{
  "current_format": {
    "total": 3072,
    "passed": 3072,
    "failed": 0
  },
  "prior_ordered_format": {
    "total": 3072,
    "passed": 3072,
    "failed": 0
  },
  "legacy_fail_closed": {
    "total": 384,
    "passed": 384,
    "failed": 0
  },
  "original_witnesses": {
    "total": 2,
    "passed": 2,
    "failed": 0
  },
  "stale_progress": {
    "total": 3,
    "passed": 0,
    "failed": 3
  },
  "ownership_lifecycle": {
    "total": 48,
    "passed": 48,
    "failed": 0
  },
  "authentic_old_ownership": {
    "total": 6,
    "passed": 6,
    "failed": 0
  },
  "agent_namespace": {
    "total": 1,
    "passed": 1,
    "failed": 0
  },
  "failed_lifecycle_names": [],
  "failed_old_owner_names": []
}
